Archive member included to satisfy reference by file (symbol)

/home/dabit/Ac6/SystemWorkbench/plugins/fr.ac6.mcu.externaltools.arm-none.linux64_1.12.0.201611241417/tools/compiler/arm-none-eabi/lib/thumb/libc_nano.a(lib_a-exit.o)
                              /home/dabit/Ac6/SystemWorkbench/plugins/fr.ac6.mcu.externaltools.arm-none.linux64_1.12.0.201611241417/tools/compiler/bin/../lib/gcc/arm-none-eabi/5.4.1/../../../../arm-none-eabi/lib/armv7-m/crt0.o (exit)
/home/dabit/Ac6/SystemWorkbench/plugins/fr.ac6.mcu.externaltools.arm-none.linux64_1.12.0.201611241417/tools/compiler/arm-none-eabi/lib/thumb/libc_nano.a(lib_a-impure.o)
                              /home/dabit/Ac6/SystemWorkbench/plugins/fr.ac6.mcu.externaltools.arm-none.linux64_1.12.0.201611241417/tools/compiler/arm-none-eabi/lib/thumb/libc_nano.a(lib_a-exit.o) (_global_impure_ptr)
/home/dabit/Ac6/SystemWorkbench/plugins/fr.ac6.mcu.externaltools.arm-none.linux64_1.12.0.201611241417/tools/compiler/arm-none-eabi/lib/thumb/libc_nano.a(lib_a-init.o)
                              /home/dabit/Ac6/SystemWorkbench/plugins/fr.ac6.mcu.externaltools.arm-none.linux64_1.12.0.201611241417/tools/compiler/bin/../lib/gcc/arm-none-eabi/5.4.1/../../../../arm-none-eabi/lib/armv7-m/crt0.o (__libc_init_array)
/home/dabit/Ac6/SystemWorkbench/plugins/fr.ac6.mcu.externaltools.arm-none.linux64_1.12.0.201611241417/tools/compiler/arm-none-eabi/lib/thumb/libc_nano.a(lib_a-memset.o)
                              /home/dabit/Ac6/SystemWorkbench/plugins/fr.ac6.mcu.externaltools.arm-none.linux64_1.12.0.201611241417/tools/compiler/bin/../lib/gcc/arm-none-eabi/5.4.1/../../../../arm-none-eabi/lib/armv7-m/crt0.o (memset)
/home/dabit/Ac6/SystemWorkbench/plugins/fr.ac6.mcu.externaltools.arm-none.linux64_1.12.0.201611241417/tools/compiler/arm-none-eabi/lib/thumb/libm.a(lib_a-w_log.o)
                              Src/main.o (log)
/home/dabit/Ac6/SystemWorkbench/plugins/fr.ac6.mcu.externaltools.arm-none.linux64_1.12.0.201611241417/tools/compiler/arm-none-eabi/lib/thumb/libm.a(lib_a-e_log.o)
                              /home/dabit/Ac6/SystemWorkbench/plugins/fr.ac6.mcu.externaltools.arm-none.linux64_1.12.0.201611241417/tools/compiler/arm-none-eabi/lib/thumb/libm.a(lib_a-w_log.o) (__ieee754_log)
/home/dabit/Ac6/SystemWorkbench/plugins/fr.ac6.mcu.externaltools.arm-none.linux64_1.12.0.201611241417/tools/compiler/arm-none-eabi/lib/thumb/libm.a(lib_a-s_lib_ver.o)
                              /home/dabit/Ac6/SystemWorkbench/plugins/fr.ac6.mcu.externaltools.arm-none.linux64_1.12.0.201611241417/tools/compiler/arm-none-eabi/lib/thumb/libm.a(lib_a-w_log.o) (__fdlib_version)
/home/dabit/Ac6/SystemWorkbench/plugins/fr.ac6.mcu.externaltools.arm-none.linux64_1.12.0.201611241417/tools/compiler/arm-none-eabi/lib/thumb/libm.a(lib_a-s_matherr.o)
                              /home/dabit/Ac6/SystemWorkbench/plugins/fr.ac6.mcu.externaltools.arm-none.linux64_1.12.0.201611241417/tools/compiler/arm-none-eabi/lib/thumb/libm.a(lib_a-w_log.o) (matherr)
/home/dabit/Ac6/SystemWorkbench/plugins/fr.ac6.mcu.externaltools.arm-none.linux64_1.12.0.201611241417/tools/compiler/arm-none-eabi/lib/thumb/libm.a(lib_a-s_nan.o)
                              /home/dabit/Ac6/SystemWorkbench/plugins/fr.ac6.mcu.externaltools.arm-none.linux64_1.12.0.201611241417/tools/compiler/arm-none-eabi/lib/thumb/libm.a(lib_a-w_log.o) (nan)
/home/dabit/Ac6/SystemWorkbench/plugins/fr.ac6.mcu.externaltools.arm-none.linux64_1.12.0.201611241417/tools/compiler/bin/../lib/gcc/arm-none-eabi/5.4.1/armv7-m/libgcc.a(_arm_addsubdf3.o)
                              /home/dabit/Ac6/SystemWorkbench/plugins/fr.ac6.mcu.externaltools.arm-none.linux64_1.12.0.201611241417/tools/compiler/arm-none-eabi/lib/thumb/libm.a(lib_a-e_log.o) (__aeabi_dsub)
/home/dabit/Ac6/SystemWorkbench/plugins/fr.ac6.mcu.externaltools.arm-none.linux64_1.12.0.201611241417/tools/compiler/bin/../lib/gcc/arm-none-eabi/5.4.1/armv7-m/libgcc.a(_arm_muldivdf3.o)
                              /home/dabit/Ac6/SystemWorkbench/plugins/fr.ac6.mcu.externaltools.arm-none.linux64_1.12.0.201611241417/tools/compiler/arm-none-eabi/lib/thumb/libm.a(lib_a-e_log.o) (__aeabi_dmul)
/home/dabit/Ac6/SystemWorkbench/plugins/fr.ac6.mcu.externaltools.arm-none.linux64_1.12.0.201611241417/tools/compiler/bin/../lib/gcc/arm-none-eabi/5.4.1/armv7-m/libgcc.a(_arm_cmpdf2.o)
                              /home/dabit/Ac6/SystemWorkbench/plugins/fr.ac6.mcu.externaltools.arm-none.linux64_1.12.0.201611241417/tools/compiler/arm-none-eabi/lib/thumb/libm.a(lib_a-w_log.o) (__aeabi_dcmpeq)
/home/dabit/Ac6/SystemWorkbench/plugins/fr.ac6.mcu.externaltools.arm-none.linux64_1.12.0.201611241417/tools/compiler/bin/../lib/gcc/arm-none-eabi/5.4.1/armv7-m/libgcc.a(_arm_unorddf2.o)
                              /home/dabit/Ac6/SystemWorkbench/plugins/fr.ac6.mcu.externaltools.arm-none.linux64_1.12.0.201611241417/tools/compiler/arm-none-eabi/lib/thumb/libm.a(lib_a-w_log.o) (__aeabi_dcmpun)
[...]
Memory Configuration

Name             Origin             Length             Attributes
FLASH            0x08000000         0x00010000         xr
RAM              0x20000000         0x00005000         xrw
*default*        0x00000000         0xffffffff

Linker script and memory map

LOAD /home/dabit/Ac6/SystemWorkbench/plugins/fr.ac6.mcu.externaltools.arm-none.linux64_1.12.0.201611241417/tools/compiler/bin/../lib/gcc/arm-none-eabi/5.4.1/armv7-m/crti.o
LOAD /home/dabit/Ac6/SystemWorkbench/plugins/fr.ac6.mcu.externaltools.arm-none.linux64_1.12.0.201611241417/tools/compiler/bin/../lib/gcc/arm-none-eabi/5.4.1/armv7-m/crtbegin.o
LOAD /home/dabit/Ac6/SystemWorkbench/plugins/fr.ac6.mcu.externaltools.arm-none.linux64_1.12.0.201611241417/tools/compiler/bin/../lib/gcc/arm-none-eabi/5.4.1/../../../../arm-none-eabi/lib/armv7-m/crt0.o
LOAD /home/dabit/Ac6/SystemWorkbench/plugins/fr.ac6.mcu.externaltools.arm-none.linux64_1.12.0.201611241417/tools/compiler/arm-none-eabi/lib/thumb/libm.a
LOAD Drivers/CMSIS/Device/ST/STM32F1xx/Source/Templates/gcc/startup_stm32f103xb.o
LOAD Drivers/CMSIS/Device/ST/STM32F1xx/Source/Templates/system_stm32f1xx.o
LOAD Drivers/STM32F1xx_HAL_Driver/Src/stm32f1xx_hal.o
LOAD Drivers/STM32F1xx_HAL_Driver/Src/stm32f1xx_hal_adc.o
LOAD Drivers/STM32F1xx_HAL_Driver/Src/stm32f1xx_hal_adc_ex.o
LOAD Drivers/STM32F1xx_HAL_Driver/Src/stm32f1xx_hal_cortex.o
LOAD Drivers/STM32F1xx_HAL_Driver/Src/stm32f1xx_hal_dma.o
LOAD Drivers/STM32F1xx_HAL_Driver/Src/stm32f1xx_hal_flash.o
LOAD Drivers/STM32F1xx_HAL_Driver/Src/stm32f1xx_hal_flash_ex.o
LOAD Drivers/STM32F1xx_HAL_Driver/Src/stm32f1xx_hal_gpio.o
LOAD Drivers/STM32F1xx_HAL_Driver/Src/stm32f1xx_hal_gpio_ex.o
LOAD Drivers/STM32F1xx_HAL_Driver/Src/stm32f1xx_hal_pcd.o
LOAD Drivers/STM32F1xx_HAL_Driver/Src/stm32f1xx_hal_pcd_ex.o
LOAD Drivers/STM32F1xx_HAL_Driver/Src/stm32f1xx_hal_pwr.o
LOAD Drivers/STM32F1xx_HAL_Driver/Src/stm32f1xx_hal_rcc.o
LOAD Drivers/STM32F1xx_HAL_Driver/Src/stm32f1xx_hal_rcc_ex.o
LOAD Drivers/STM32F1xx_HAL_Driver/Src/stm32f1xx_hal_rtc.o
LOAD Drivers/STM32F1xx_HAL_Driver/Src/stm32f1xx_hal_rtc_ex.o
LOAD Drivers/STM32F1xx_HAL_Driver/Src/stm32f1xx_hal_spi.o
LOAD Drivers/STM32F1xx_HAL_Driver/Src/stm32f1xx_hal_spi_ex.o
LOAD Drivers/STM32F1xx_HAL_Driver/Src/stm32f1xx_hal_tim.o
LOAD Drivers/STM32F1xx_HAL_Driver/Src/stm32f1xx_hal_tim_ex.o
LOAD Drivers/STM32F1xx_HAL_Driver/Src/stm32f1xx_ll_usb.o
LOAD Middlewares/ST/STM32_USB_Device_Library/Class/CustomHID/Src/usbd_customhid.o
LOAD Middlewares/ST/STM32_USB_Device_Library/Core/Src/usbd_core.o
LOAD Middlewares/ST/STM32_USB_Device_Library/Core/Src/usbd_ctlreq.o
LOAD Middlewares/ST/STM32_USB_Device_Library/Core/Src/usbd_ioreq.o
LOAD Src/main.o
LOAD Src/stm32f1xx_hal_msp.o
LOAD Src/stm32f1xx_it.o
LOAD Src/usb_device.o
LOAD Src/usbd_conf.o
LOAD Src/usbd_custom_hid_if.o
LOAD Src/usbd_desc.o
LOAD /home/dabit/Ac6/SystemWorkbench/plugins/fr.ac6.mcu.externaltools.arm-none.linux64_1.12.0.201611241417/tools/compiler/arm-none-eabi/lib/thumb/libc_nano.a
LOAD /home/dabit/Ac6/SystemWorkbench/plugins/fr.ac6.mcu.externaltools.arm-none.linux64_1.12.0.201611241417/tools/compiler/arm-none-eabi/lib/thumb/libm.a
START GROUP
LOAD /home/dabit/Ac6/SystemWorkbench/plugins/fr.ac6.mcu.externaltools.arm-none.linux64_1.12.0.201611241417/tools/compiler/bin/../lib/gcc/arm-none-eabi/5.4.1/armv7-m/libgcc.a
LOAD /home/dabit/Ac6/SystemWorkbench/plugins/fr.ac6.mcu.externaltools.arm-none.linux64_1.12.0.201611241417/tools/compiler/arm-none-eabi/lib/thumb/libc_nano.a
END GROUP
START GROUP
LOAD /home/dabit/Ac6/SystemWorkbench/plugins/fr.ac6.mcu.externaltools.arm-none.linux64_1.12.0.201611241417/tools/compiler/bin/../lib/gcc/arm-none-eabi/5.4.1/armv7-m/libgcc.a
LOAD /home/dabit/Ac6/SystemWorkbench/plugins/fr.ac6.mcu.externaltools.arm-none.linux64_1.12.0.201611241417/tools/compiler/arm-none-eabi/lib/thumb/libc_nano.a
LOAD /home/dabit/Ac6/SystemWorkbench/plugins/fr.ac6.mcu.externaltools.arm-none.linux64_1.12.0.201611241417/tools/compiler/arm-none-eabi/lib/thumb/libnosys.a
END GROUP
START GROUP
LOAD /home/dabit/Ac6/SystemWorkbench/plugins/fr.ac6.mcu.externaltools.arm-none.linux64_1.12.0.201611241417/tools/compiler/bin/../lib/gcc/arm-none-eabi/5.4.1/armv7-m/libgcc.a
LOAD /home/dabit/Ac6/SystemWorkbench/plugins/fr.ac6.mcu.externaltools.arm-none.linux64_1.12.0.201611241417/tools/compiler/arm-none-eabi/lib/thumb/libc_nano.a
LOAD /home/dabit/Ac6/SystemWorkbench/plugins/fr.ac6.mcu.externaltools.arm-none.linux64_1.12.0.201611241417/tools/compiler/arm-none-eabi/lib/thumb/libnosys.a
END GROUP
LOAD /home/dabit/Ac6/SystemWorkbench/plugins/fr.ac6.mcu.externaltools.arm-none.linux64_1.12.0.201611241417/tools/compiler/bin/../lib/gcc/arm-none-eabi/5.4.1/armv7-m/crtend.o
LOAD /home/dabit/Ac6/SystemWorkbench/plugins/fr.ac6.mcu.externaltools.arm-none.linux64_1.12.0.201611241417/tools/compiler/bin/../lib/gcc/arm-none-eabi/5.4.1/armv7-m/crtn.o
                0x20005000                _estack = 0x20005000
                0x00000400                _Min_Heap_Size = 0x400
                0x00000400                _Min_Stack_Size = 0x400

.isr_vector     0x08000000      0x10c
                0x08000000                . = ALIGN (0x4)
 *(.isr_vector)
 .isr_vector    0x08000000      0x10c Drivers/CMSIS/Device/ST/STM32F1xx/Source/Templates/gcc/startup_stm32f103xb.o
                0x08000000                g_pfnVectors
                0x0800010c                . = ALIGN (0x4)

.text           0x0800010c     0x67d4
                0x0800010c                . = ALIGN (0x4)
 *(.text)
 .text          0x0800010c       0x5c /home/dabit/Ac6/SystemWorkbench/plugins/fr.ac6.mcu.externaltools.arm-none.linux64_1.12.0.201611241417/tools/compiler/bin/../lib/gcc/arm-none-eabi/5.4.1/armv7-m/crtbegin.o
 .text          0x08000168      0x370 /home/dabit/Ac6/SystemWorkbench/plugins/fr.ac6.mcu.externaltools.arm-none.linux64_1.12.0.201611241417/tools/compiler/bin/../lib/gcc/arm-none-eabi/5.4.1/armv7-m/libgcc.a(_arm_addsubdf3.o)
                0x08000168                __aeabi_drsub
                0x08000170                __aeabi_dsub
                0x08000170                __subdf3
                0x08000174                __adddf3
                0x08000174                __aeabi_dadd
                0x080003ec                __aeabi_ui2d
                0x080003ec                __floatunsidf
                0x0800040c                __floatsidf
                0x0800040c                __aeabi_i2d
                0x08000430                __extendsfdf2
                0x08000430                __aeabi_f2d
                0x0800046c                __aeabi_ul2d
                0x0800046c                __floatundidf
                0x0800047c                __floatdidf
                0x0800047c                __aeabi_l2d
 .text          0x080004d8      0x424 /home/dabit/Ac6/SystemWorkbench/plugins/fr.ac6.mcu.externaltools.arm-none.linux64_1.12.0.201611241417/tools/compiler/bin/../lib/gcc/arm-none-eabi/5.4.1/armv7-m/libgcc.a(_arm_muldivdf3.o)
                0x080004d8                __aeabi_dmul
                0x080004d8                __muldf3
                0x0800072c                __aeabi_ddiv
                0x0800072c                __divdf3
 .text          0x080008fc      0x110 /home/dabit/Ac6/SystemWorkbench/plugins/fr.ac6.mcu.externaltools.arm-none.linux64_1.12.0.201611241417/tools/compiler/bin/../lib/gcc/arm-none-eabi/5.4.1/armv7-m/libgcc.a(_arm_cmpdf2.o)
                0x080008fc                __gtdf2
                0x080008fc                __gedf2
                0x08000904                __ltdf2
                0x08000904                __ledf2
                0x0800090c                __cmpdf2
                0x0800090c                __eqdf2
                0x0800090c                __nedf2
                0x08000988                __aeabi_cdrcmple
                0x08000998                __aeabi_cdcmple
                0x08000998                __aeabi_cdcmpeq
                0x080009a8                __aeabi_dcmpeq
                0x080009bc                __aeabi_dcmplt
                0x080009d0                __aeabi_dcmple
                0x080009e4                __aeabi_dcmpge
                0x080009f8                __aeabi_dcmpgt
 .text          0x08000a0c       0x2c /home/dabit/Ac6/SystemWorkbench/plugins/fr.ac6.mcu.externaltools.arm-none.linux64_1.12.0.201611241417/tools/compiler/bin/../lib/gcc/arm-none-eabi/5.4.1/armv7-m/libgcc.a(_arm_unorddf2.o)
                0x08000a0c                __aeabi_dcmpun
                0x08000a0c                __unorddf2
 .text          0x08000a38       0xa0 /home/dabit/Ac6/SystemWorkbench/plugins/fr.ac6.mcu.externaltools.arm-none.linux64_1.12.0.201611241417/tools/compiler/bin/../lib/gcc/arm-none-eabi/5.4.1/armv7-m/libgcc.a(_arm_truncdfsf2.o)
                0x08000a38                __aeabi_d2f
                0x08000a38                __truncdfsf2
 .text          0x08000ad8      0x21c /home/dabit/Ac6/SystemWorkbench/plugins/fr.ac6.mcu.externaltools.arm-none.linux64_1.12.0.201611241417/tools/compiler/bin/../lib/gcc/arm-none-eabi/5.4.1/armv7-m/libgcc.a(_arm_addsubsf3.o)
                0x08000ad8                __aeabi_frsub
                0x08000ae0                __subsf3
                0x08000ae0                __aeabi_fsub
                0x08000ae4                __aeabi_fadd
                0x08000ae4                __addsf3
                0x08000c44                __aeabi_ui2f
                0x08000c44                __floatunsisf
                0x08000c4c                __aeabi_i2f
                0x08000c4c                __floatsisf
                0x08000c68                __floatundisf
                0x08000c68                __aeabi_ul2f
                0x08000c78                __floatdisf
                0x08000c78                __aeabi_l2f
 .text          0x08000cf4      0x2a0 /home/dabit/Ac6/SystemWorkbench/plugins/fr.ac6.mcu.externaltools.arm-none.linux64_1.12.0.201611241417/tools/compiler/bin/../lib/gcc/arm-none-eabi/5.4.1/armv7-m/libgcc.a(_arm_muldivsf3.o)
                0x08000cf4                __mulsf3
                0x08000cf4                __aeabi_fmul
                0x08000e5c                __divsf3
                0x08000e5c                __aeabi_fdiv
 .text          0x08000f94       0xec /home/dabit/Ac6/SystemWorkbench/plugins/fr.ac6.mcu.externaltools.arm-none.linux64_1.12.0.201611241417/tools/compiler/bin/../lib/gcc/arm-none-eabi/5.4.1/armv7-m/libgcc.a(_arm_cmpsf2.o)
                0x08000f94                __gtsf2
                0x08000f94                __gesf2
                0x08000f9c                __lesf2
                0x08000f9c                __ltsf2
                0x08000fa4                __nesf2
                0x08000fa4                __eqsf2
                0x08000fa4                __cmpsf2
                0x08001004                __aeabi_cfrcmple
                0x0800100c                __aeabi_cfcmple
                0x0800100c                __aeabi_cfcmpeq
                0x0800101c                __aeabi_fcmpeq
                0x08001030                __aeabi_fcmplt
                0x08001044                __aeabi_fcmple
                0x08001058                __aeabi_fcmpge
                0x0800106c                __aeabi_fcmpgt
 .text          0x08001080       0x40 /home/dabit/Ac6/SystemWorkbench/plugins/fr.ac6.mcu.externaltools.arm-none.linux64_1.12.0.201611241417/tools/compiler/bin/../lib/gcc/arm-none-eabi/5.4.1/armv7-m/libgcc.a(_arm_fixunssfsi.o)
                0x08001080                __aeabi_f2uiz
                0x08001080                __fixunssfsi
 *(.text*)
 .text.Reset_Handler
                0x080010c0       0x48 Drivers/CMSIS/Device/ST/STM32F1xx/Source/Templates/gcc/startup_stm32f103xb.o
                0x080010c0                Reset_Handler
 .text.Default_Handler
                0x08001108        0x2 Drivers/CMSIS/Device/ST/STM32F1xx/Source/Templates/gcc/startup_stm32f103xb.o
                0x08001108                RTC_Alarm_IRQHandler
                0x08001108                EXTI2_IRQHandler
                0x08001108                TIM1_CC_IRQHandler
                0x08001108                PVD_IRQHandler
                0x08001108                EXTI3_IRQHandler
                0x08001108                EXTI0_IRQHandler
                0x08001108                I2C2_EV_IRQHandler
                0x08001108                SPI1_IRQHandler
                0x08001108                TAMPER_IRQHandler
                0x08001108                DMA1_Channel4_IRQHandler
                0x08001108                USART3_IRQHandler
                0x08001108                RTC_IRQHandler
                0x08001108                DMA1_Channel7_IRQHandler
                0x08001108                CAN1_RX1_IRQHandler
                0x08001108                TIM4_IRQHandler
                0x08001108                I2C1_EV_IRQHandler
                0x08001108                DMA1_Channel6_IRQHandler
                0x08001108                TIM3_IRQHandler
                0x08001108                RCC_IRQHandler
                0x08001108                TIM1_TRG_COM_IRQHandler
                0x08001108                Default_Handler
                0x08001108                EXTI15_10_IRQHandler
                0x08001108                EXTI9_5_IRQHandler
                0x08001108                SPI2_IRQHandler
                0x08001108                DMA1_Channel5_IRQHandler
                0x08001108                EXTI4_IRQHandler
                0x08001108                USB_HP_CAN1_TX_IRQHandler
                0x08001108                DMA1_Channel3_IRQHandler
                0x08001108                TIM1_UP_IRQHandler
                0x08001108                WWDG_IRQHandler
                0x08001108                TIM1_BRK_IRQHandler
                0x08001108                EXTI1_IRQHandler
                0x08001108                USART2_IRQHandler
                0x08001108                I2C2_ER_IRQHandler
                0x08001108                DMA1_Channel2_IRQHandler
                0x08001108                CAN1_SCE_IRQHandler
                0x08001108                FLASH_IRQHandler
                0x08001108                USART1_IRQHandler
                0x08001108                I2C1_ER_IRQHandler
                0x08001108                USBWakeUp_IRQHandler
 *fill*         0x0800110a        0x2 
 .text.SystemInit
                0x0800110c       0x4c Drivers/CMSIS/Device/ST/STM32F1xx/Source/Templates/system_stm32f1xx.o
                0x0800110c                SystemInit
 .text.HAL_InitTick
                0x08001158       0x28 Drivers/STM32F1xx_HAL_Driver/Src/stm32f1xx_hal.o
                0x08001158                HAL_InitTick
 .text.HAL_Init
                0x08001180       0x24 Drivers/STM32F1xx_HAL_Driver/Src/stm32f1xx_hal.o
                0x08001180                HAL_Init
 .text.HAL_IncTick
                0x080011a4       0x10 Drivers/STM32F1xx_HAL_Driver/Src/stm32f1xx_hal.o
                0x080011a4                HAL_IncTick
 .text.HAL_GetTick
                0x080011b4        0xc Drivers/STM32F1xx_HAL_Driver/Src/stm32f1xx_hal.o
                0x080011b4                HAL_GetTick
 .text.HAL_Delay
                0x080011c0       0x1c Drivers/STM32F1xx_HAL_Driver/Src/stm32f1xx_hal.o
                0x080011c0                HAL_Delay
 .text.ADC_DMAConvCplt
                0x080011dc       0x50 Drivers/STM32F1xx_HAL_Driver/Src/stm32f1xx_hal_adc.o
                0x080011dc                ADC_DMAConvCplt
 .text.HAL_ADC_ConvHalfCpltCallback
                0x0800122c        0x4 Drivers/STM32F1xx_HAL_Driver/Src/stm32f1xx_hal_adc.o
                0x0800122c                HAL_ADC_ConvHalfCpltCallback
 .text.ADC_DMAHalfConvCplt
                0x08001230        0xc Drivers/STM32F1xx_HAL_Driver/Src/stm32f1xx_hal_adc.o
                0x08001230                ADC_DMAHalfConvCplt
 .text.HAL_ADC_LevelOutOfWindowCallback
                0x0800123c        0x4 Drivers/STM32F1xx_HAL_Driver/Src/stm32f1xx_hal_adc.o
                0x0800123c                HAL_ADC_LevelOutOfWindowCallback
 .text.HAL_ADC_IRQHandler
                0x08001240      0x104 Drivers/STM32F1xx_HAL_Driver/Src/stm32f1xx_hal_adc.o
                0x08001240                HAL_ADC_IRQHandler
 .text.HAL_ADC_ErrorCallback
                0x08001344        0x4 Drivers/STM32F1xx_HAL_Driver/Src/stm32f1xx_hal_adc.o
                0x08001344                HAL_ADC_ErrorCallback
 .text.ADC_DMAError
                0x08001348       0x1c Drivers/STM32F1xx_HAL_Driver/Src/stm32f1xx_hal_adc.o
                0x08001348                ADC_DMAError
 .text.HAL_ADC_ConfigChannel
                0x08001364      0x1b4 Drivers/STM32F1xx_HAL_Driver/Src/stm32f1xx_hal_adc.o
                0x08001364                HAL_ADC_ConfigChannel
 .text.ADC_Enable
                0x08001518       0x80 Drivers/STM32F1xx_HAL_Driver/Src/stm32f1xx_hal_adc.o
                0x08001518                ADC_Enable
 .text.HAL_ADC_Start_DMA
                0x08001598      0x144 Drivers/STM32F1xx_HAL_Driver/Src/stm32f1xx_hal_adc.o
                0x08001598                HAL_ADC_Start_DMA
 .text.ADC_ConversionStop_Disable
                0x080016dc       0x50 Drivers/STM32F1xx_HAL_Driver/Src/stm32f1xx_hal_adc.o
                0x080016dc                ADC_ConversionStop_Disable
 .text.HAL_ADC_Init
                0x0800172c      0x134 Drivers/STM32F1xx_HAL_Driver/Src/stm32f1xx_hal_adc.o
                0x0800172c                HAL_ADC_Init
 .text.HAL_ADCEx_InjectedConvCpltCallback
                0x08001860        0x4 Drivers/STM32F1xx_HAL_Driver/Src/stm32f1xx_hal_adc_ex.o
                0x08001860                HAL_ADCEx_InjectedConvCpltCallback
 .text.HAL_NVIC_SetPriorityGrouping
                0x08001864       0x24 Drivers/STM32F1xx_HAL_Driver/Src/stm32f1xx_hal_cortex.o
                0x08001864                HAL_NVIC_SetPriorityGrouping
 .text.HAL_NVIC_SetPriority
                0x08001888       0x64 Drivers/STM32F1xx_HAL_Driver/Src/stm32f1xx_hal_cortex.o
                0x08001888                HAL_NVIC_SetPriority
 .text.HAL_NVIC_EnableIRQ
                0x080018ec       0x18 Drivers/STM32F1xx_HAL_Driver/Src/stm32f1xx_hal_cortex.o
                0x080018ec                HAL_NVIC_EnableIRQ
 .text.HAL_SYSTICK_Config
                0x08001904       0x2c Drivers/STM32F1xx_HAL_Driver/Src/stm32f1xx_hal_cortex.o
                0x08001904                HAL_SYSTICK_Config
 .text.HAL_SYSTICK_CLKSourceConfig
                0x08001930       0x20 Drivers/STM32F1xx_HAL_Driver/Src/stm32f1xx_hal_cortex.o
                0x08001930                HAL_SYSTICK_CLKSourceConfig
 .text.HAL_SYSTICK_Callback
                0x08001950        0x4 Drivers/STM32F1xx_HAL_Driver/Src/stm32f1xx_hal_cortex.o
                0x08001950                HAL_SYSTICK_Callback
 .text.HAL_SYSTICK_IRQHandler
                0x08001954        0x8 Drivers/STM32F1xx_HAL_Driver/Src/stm32f1xx_hal_cortex.o
                0x08001954                HAL_SYSTICK_IRQHandler
 .text.DMA_SetConfig
                0x0800195c       0x24 Drivers/STM32F1xx_HAL_Driver/Src/stm32f1xx_hal_dma.o
 .text.HAL_DMA_Init
                0x08001980       0x54 Drivers/STM32F1xx_HAL_Driver/Src/stm32f1xx_hal_dma.o
                0x08001980                HAL_DMA_Init
 .text.HAL_DMA_Start_IT
                0x080019d4       0x58 Drivers/STM32F1xx_HAL_Driver/Src/stm32f1xx_hal_dma.o
                0x080019d4                HAL_DMA_Start_IT
 .text.HAL_DMA_IRQHandler
                0x08001a2c      0x270 Drivers/STM32F1xx_HAL_Driver/Src/stm32f1xx_hal_dma.o
                0x08001a2c                HAL_DMA_IRQHandler
 .text.HAL_GPIO_Init
                0x08001c9c      0x1d8 Drivers/STM32F1xx_HAL_Driver/Src/stm32f1xx_hal_gpio.o
                0x08001c9c                HAL_GPIO_Init
 .text.HAL_GPIO_WritePin
                0x08001e74        0xc Drivers/STM32F1xx_HAL_Driver/Src/stm32f1xx_hal_gpio.o
                0x08001e74                HAL_GPIO_WritePin
 .text.HAL_PCD_Init
                0x08001e80       0xdc Drivers/STM32F1xx_HAL_Driver/Src/stm32f1xx_hal_pcd.o
                0x08001e80                HAL_PCD_Init
 .text.HAL_PCD_Start
                0x08001f5c       0x30 Drivers/STM32F1xx_HAL_Driver/Src/stm32f1xx_hal_pcd.o
                0x08001f5c                HAL_PCD_Start
 .text.HAL_PCD_SetAddress
                0x08001f8c       0x28 Drivers/STM32F1xx_HAL_Driver/Src/stm32f1xx_hal_pcd.o
                0x08001f8c                HAL_PCD_SetAddress
 .text.HAL_PCD_EP_Open
                0x08001fb4       0x54 Drivers/STM32F1xx_HAL_Driver/Src/stm32f1xx_hal_pcd.o
                0x08001fb4                HAL_PCD_EP_Open
 .text.HAL_PCD_EP_Close
                0x08002008       0x50 Drivers/STM32F1xx_HAL_Driver/Src/stm32f1xx_hal_pcd.o
                0x08002008                HAL_PCD_EP_Close
 .text.HAL_PCD_EP_Receive
                0x08002058       0x58 Drivers/STM32F1xx_HAL_Driver/Src/stm32f1xx_hal_pcd.o
                0x08002058                HAL_PCD_EP_Receive
 .text.HAL_PCD_EP_Transmit
                0x080020b0       0x54 Drivers/STM32F1xx_HAL_Driver/Src/stm32f1xx_hal_pcd.o
                0x080020b0                HAL_PCD_EP_Transmit
 .text.PCD_EP_ISR_Handler
                0x08002104      0x45c Drivers/STM32F1xx_HAL_Driver/Src/stm32f1xx_hal_pcd.o
 .text.HAL_PCD_IRQHandler
                0x08002560      0x154 Drivers/STM32F1xx_HAL_Driver/Src/stm32f1xx_hal_pcd.o
                0x08002560                HAL_PCD_IRQHandler
 .text.HAL_PCD_EP_SetStall
                0x080026b4       0x5c Drivers/STM32F1xx_HAL_Driver/Src/stm32f1xx_hal_pcd.o
                0x080026b4                HAL_PCD_EP_SetStall
 .text.HAL_PCD_EP_ClrStall
                0x08002710       0x50 Drivers/STM32F1xx_HAL_Driver/Src/stm32f1xx_hal_pcd.o
                0x08002710                HAL_PCD_EP_ClrStall
 .text.HAL_PCDEx_PMAConfig
                0x08002760       0x38 Drivers/STM32F1xx_HAL_Driver/Src/stm32f1xx_hal_pcd_ex.o
                0x08002760                HAL_PCDEx_PMAConfig
 .text.HAL_PWR_EnableBkUpAccess
                0x08002798       0x1c Drivers/STM32F1xx_HAL_Driver/Src/stm32f1xx_hal_pwr.o
                0x08002798                HAL_PWR_EnableBkUpAccess
 .text.HAL_RCC_OscConfig
                0x080027b4      0x5ec Drivers/STM32F1xx_HAL_Driver/Src/stm32f1xx_hal_rcc.o
                0x080027b4                HAL_RCC_OscConfig
 .text.HAL_RCC_GetSysClockFreq
                0x08002da0       0x94 Drivers/STM32F1xx_HAL_Driver/Src/stm32f1xx_hal_rcc.o
                0x08002da0                HAL_RCC_GetSysClockFreq
 .text.HAL_RCC_ClockConfig
                0x08002e34      0x1e4 Drivers/STM32F1xx_HAL_Driver/Src/stm32f1xx_hal_rcc.o
                0x08002e34                HAL_RCC_ClockConfig
 .text.HAL_RCC_GetHCLKFreq
                0x08003018        0xc Drivers/STM32F1xx_HAL_Driver/Src/stm32f1xx_hal_rcc.o
                0x08003018                HAL_RCC_GetHCLKFreq
 .text.HAL_RCC_GetPCLK2Freq
                0x08003024       0x30 Drivers/STM32F1xx_HAL_Driver/Src/stm32f1xx_hal_rcc.o
                0x08003024                HAL_RCC_GetPCLK2Freq
 .text.HAL_RCCEx_PeriphCLKConfig
                0x08003054      0x138 Drivers/STM32F1xx_HAL_Driver/Src/stm32f1xx_hal_rcc_ex.o
                0x08003054                HAL_RCCEx_PeriphCLKConfig
 .text.HAL_RCCEx_GetPeriphCLKFreq
                0x0800318c      0x138 Drivers/STM32F1xx_HAL_Driver/Src/stm32f1xx_hal_rcc_ex.o
                0x0800318c                HAL_RCCEx_GetPeriphCLKFreq
 .text.RTC_ReadTimeCounter
                0x080032c4       0x28 Drivers/STM32F1xx_HAL_Driver/Src/stm32f1xx_hal_rtc.o
 .text.RTC_ReadAlarmCounter
                0x080032ec       0x10 Drivers/STM32F1xx_HAL_Driver/Src/stm32f1xx_hal_rtc.o
 .text.RTC_Bcd2ToByte
                0x080032fc       0x14 Drivers/STM32F1xx_HAL_Driver/Src/stm32f1xx_hal_rtc.o
 .text.RTC_WeekDayNum
                0x08003310       0xa0 Drivers/STM32F1xx_HAL_Driver/Src/stm32f1xx_hal_rtc.o
 .text.RTC_EnterInitMode
                0x080033b0       0x34 Drivers/STM32F1xx_HAL_Driver/Src/stm32f1xx_hal_rtc.o
 .text.RTC_ExitInitMode
                0x080033e4       0x34 Drivers/STM32F1xx_HAL_Driver/Src/stm32f1xx_hal_rtc.o
 .text.RTC_WriteTimeCounter
                0x08003418       0x2c Drivers/STM32F1xx_HAL_Driver/Src/stm32f1xx_hal_rtc.o
 .text.RTC_WriteAlarmCounter
                0x08003444       0x2c Drivers/STM32F1xx_HAL_Driver/Src/stm32f1xx_hal_rtc.o
 .text.HAL_RTC_SetTime
                0x08003470       0xc0 Drivers/STM32F1xx_HAL_Driver/Src/stm32f1xx_hal_rtc.o
                0x08003470                HAL_RTC_SetTime
 .text.HAL_RTC_SetDate
                0x08003530       0xd8 Drivers/STM32F1xx_HAL_Driver/Src/stm32f1xx_hal_rtc.o
                0x08003530                HAL_RTC_SetDate
 .text.HAL_RTC_WaitForSynchro
                0x08003608       0x3c Drivers/STM32F1xx_HAL_Driver/Src/stm32f1xx_hal_rtc.o
                0x08003608                HAL_RTC_WaitForSynchro
 .text.HAL_RTC_Init
                0x08003644       0xc8 Drivers/STM32F1xx_HAL_Driver/Src/stm32f1xx_hal_rtc.o
                0x08003644                HAL_RTC_Init
 .text.TIM_OC1_SetConfig
                0x0800370c       0x58 Drivers/STM32F1xx_HAL_Driver/Src/stm32f1xx_hal_tim.o
 .text.TIM_OC3_SetConfig
                0x08003764       0x60 Drivers/STM32F1xx_HAL_Driver/Src/stm32f1xx_hal_tim.o
 .text.TIM_OC4_SetConfig
                0x080037c4       0x48 Drivers/STM32F1xx_HAL_Driver/Src/stm32f1xx_hal_tim.o
 .text.TIM_TI1_ConfigInputStage
                0x0800380c       0x24 Drivers/STM32F1xx_HAL_Driver/Src/stm32f1xx_hal_tim.o
 .text.TIM_TI2_ConfigInputStage
                0x08003830       0x28 Drivers/STM32F1xx_HAL_Driver/Src/stm32f1xx_hal_tim.o
 .text.TIM_ITRx_SetConfig
                0x08003858       0x10 Drivers/STM32F1xx_HAL_Driver/Src/stm32f1xx_hal_tim.o
 .text.TIM_ETR_SetConfig
                0x08003868       0x18 Drivers/STM32F1xx_HAL_Driver/Src/stm32f1xx_hal_tim.o
 .text.HAL_TIM_Base_Start
                0x08003880       0x1c Drivers/STM32F1xx_HAL_Driver/Src/stm32f1xx_hal_tim.o
                0x08003880                HAL_TIM_Base_Start
 .text.HAL_TIM_Base_Start_IT
                0x0800389c       0x18 Drivers/STM32F1xx_HAL_Driver/Src/stm32f1xx_hal_tim.o
                0x0800389c                HAL_TIM_Base_Start_IT
 .text.HAL_TIM_PWM_MspInit
                0x080038b4        0x4 Drivers/STM32F1xx_HAL_Driver/Src/stm32f1xx_hal_tim.o
                0x080038b4                HAL_TIM_PWM_MspInit
 .text.HAL_TIM_ConfigClockSource
                0x080038b8      0x114 Drivers/STM32F1xx_HAL_Driver/Src/stm32f1xx_hal_tim.o
                0x080038b8                HAL_TIM_ConfigClockSource
 .text.HAL_TIM_OC_DelayElapsedCallback
                0x080039cc        0x4 Drivers/STM32F1xx_HAL_Driver/Src/stm32f1xx_hal_tim.o
                0x080039cc                HAL_TIM_OC_DelayElapsedCallback
 .text.HAL_TIM_IC_CaptureCallback
                0x080039d0        0x4 Drivers/STM32F1xx_HAL_Driver/Src/stm32f1xx_hal_tim.o
                0x080039d0                HAL_TIM_IC_CaptureCallback
 .text.HAL_TIM_PWM_PulseFinishedCallback
                0x080039d4        0x4 Drivers/STM32F1xx_HAL_Driver/Src/stm32f1xx_hal_tim.o
                0x080039d4                HAL_TIM_PWM_PulseFinishedCallback
 .text.HAL_TIM_TriggerCallback
                0x080039d8        0x4 Drivers/STM32F1xx_HAL_Driver/Src/stm32f1xx_hal_tim.o
                0x080039d8                HAL_TIM_TriggerCallback
 .text.HAL_TIM_IRQHandler
                0x080039dc      0x174 Drivers/STM32F1xx_HAL_Driver/Src/stm32f1xx_hal_tim.o
                0x080039dc                HAL_TIM_IRQHandler
 .text.TIM_Base_SetConfig
                0x08003b50       0x68 Drivers/STM32F1xx_HAL_Driver/Src/stm32f1xx_hal_tim.o
                0x08003b50                TIM_Base_SetConfig
 .text.HAL_TIM_Base_Init
                0x08003bb8       0x38 Drivers/STM32F1xx_HAL_Driver/Src/stm32f1xx_hal_tim.o
                0x08003bb8                HAL_TIM_Base_Init
 .text.HAL_TIM_PWM_Init
                0x08003bf0       0x38 Drivers/STM32F1xx_HAL_Driver/Src/stm32f1xx_hal_tim.o
                0x08003bf0                HAL_TIM_PWM_Init
 .text.TIM_OC2_SetConfig
                0x08003c28       0x60 Drivers/STM32F1xx_HAL_Driver/Src/stm32f1xx_hal_tim.o
                0x08003c28                TIM_OC2_SetConfig
 .text.HAL_TIM_PWM_ConfigChannel
                0x08003c88       0xdc Drivers/STM32F1xx_HAL_Driver/Src/stm32f1xx_hal_tim.o
                0x08003c88                HAL_TIM_PWM_ConfigChannel
 .text.TIM_CCxChannelCmd
                0x08003d64       0x1c Drivers/STM32F1xx_HAL_Driver/Src/stm32f1xx_hal_tim.o
                0x08003d64                TIM_CCxChannelCmd
 .text.HAL_TIM_PWM_Start
                0x08003d80       0x30 Drivers/STM32F1xx_HAL_Driver/Src/stm32f1xx_hal_tim.o
                0x08003d80                HAL_TIM_PWM_Start
 .text.HAL_TIMEx_MasterConfigSynchronization
                0x08003db0       0x54 Drivers/STM32F1xx_HAL_Driver/Src/stm32f1xx_hal_tim_ex.o
                0x08003db0                HAL_TIMEx_MasterConfigSynchronization
 .text.HAL_TIMEx_CommutationCallback
                0x08003e04        0x4 Drivers/STM32F1xx_HAL_Driver/Src/stm32f1xx_hal_tim_ex.o
                0x08003e04                HAL_TIMEx_CommutationCallback
 .text.HAL_TIMEx_BreakCallback
                0x08003e08        0x4 Drivers/STM32F1xx_HAL_Driver/Src/stm32f1xx_hal_tim_ex.o
                0x08003e08                HAL_TIMEx_BreakCallback
 .text.USB_CoreInit
                0x08003e0c       0x10 Drivers/STM32F1xx_HAL_Driver/Src/stm32f1xx_ll_usb.o
                0x08003e0c                USB_CoreInit
 .text.USB_EnableGlobalInt
                0x08003e1c       0x14 Drivers/STM32F1xx_HAL_Driver/Src/stm32f1xx_ll_usb.o
                0x08003e1c                USB_EnableGlobalInt
 .text.USB_DisableGlobalInt
                0x08003e30       0x14 Drivers/STM32F1xx_HAL_Driver/Src/stm32f1xx_ll_usb.o
                0x08003e30                USB_DisableGlobalInt
 .text.USB_SetCurrentMode
                0x08003e44        0x4 Drivers/STM32F1xx_HAL_Driver/Src/stm32f1xx_ll_usb.o
                0x08003e44                USB_SetCurrentMode
 .text.USB_DevInit
                0x08003e48       0x28 Drivers/STM32F1xx_HAL_Driver/Src/stm32f1xx_ll_usb.o
                0x08003e48                USB_DevInit
 .text.USB_ActivateEndpoint
                0x08003e70      0x33c Drivers/STM32F1xx_HAL_Driver/Src/stm32f1xx_ll_usb.o
                0x08003e70                USB_ActivateEndpoint
 .text.USB_DeactivateEndpoint
                0x080041ac      0x1d0 Drivers/STM32F1xx_HAL_Driver/Src/stm32f1xx_ll_usb.o
                0x080041ac                USB_DeactivateEndpoint
 .text.USB_EPSetStall
                0x0800437c       0x70 Drivers/STM32F1xx_HAL_Driver/Src/stm32f1xx_ll_usb.o
                0x0800437c                USB_EPSetStall
 .text.USB_EPClearStall
                0x080043ec       0x98 Drivers/STM32F1xx_HAL_Driver/Src/stm32f1xx_ll_usb.o
                0x080043ec                USB_EPClearStall
 .text.USB_SetDevAddress
                0x08004484        0xc Drivers/STM32F1xx_HAL_Driver/Src/stm32f1xx_ll_usb.o
                0x08004484                USB_SetDevAddress
 .text.USB_DevConnect
                0x08004490        0x4 Drivers/STM32F1xx_HAL_Driver/Src/stm32f1xx_ll_usb.o
                0x08004490                USB_DevConnect
 .text.USB_DevDisconnect
                0x08004494        0x4 Drivers/STM32F1xx_HAL_Driver/Src/stm32f1xx_ll_usb.o
                0x08004494                USB_DevDisconnect
 .text.USB_ReadInterrupts
                0x08004498        0x8 Drivers/STM32F1xx_HAL_Driver/Src/stm32f1xx_ll_usb.o
                0x08004498                USB_ReadInterrupts
 .text.USB_EP0_OutStart
                0x080044a0        0x4 Drivers/STM32F1xx_HAL_Driver/Src/stm32f1xx_ll_usb.o
                0x080044a0                USB_EP0_OutStart
 .text.USB_WritePMA
                0x080044a4       0x28 Drivers/STM32F1xx_HAL_Driver/Src/stm32f1xx_ll_usb.o
                0x080044a4                USB_WritePMA
 .text.USB_EPStartXfer
                0x080044cc      0x2e8 Drivers/STM32F1xx_HAL_Driver/Src/stm32f1xx_ll_usb.o
                0x080044cc                USB_EPStartXfer
 .text.USB_ReadPMA
                0x080047b4       0x20 Drivers/STM32F1xx_HAL_Driver/Src/stm32f1xx_ll_usb.o
                0x080047b4                USB_ReadPMA
 .text.USBD_CUSTOM_HID_GetCfgDesc
                0x080047d4        0xc Middlewares/ST/STM32_USB_Device_Library/Class/CustomHID/Src/usbd_customhid.o
 .text.USBD_CUSTOM_HID_DataIn
                0x080047e0        0xc Middlewares/ST/STM32_USB_Device_Library/Class/CustomHID/Src/usbd_customhid.o
 .text.USBD_CUSTOM_HID_EP0_RxReady
                0x080047ec       0x20 Middlewares/ST/STM32_USB_Device_Library/Class/CustomHID/Src/usbd_customhid.o
 .text.USBD_CUSTOM_HID_GetDeviceQualifierDesc
                0x0800480c        0xc Middlewares/ST/STM32_USB_Device_Library/Class/CustomHID/Src/usbd_customhid.o
 .text.USBD_CUSTOM_HID_DataOut
                0x08004818       0x24 Middlewares/ST/STM32_USB_Device_Library/Class/CustomHID/Src/usbd_customhid.o
 .text.USBD_CUSTOM_HID_Setup
                0x0800483c       0xcc Middlewares/ST/STM32_USB_Device_Library/Class/CustomHID/Src/usbd_customhid.o
 .text.USBD_CUSTOM_HID_DeInit
                0x08004908       0x34 Middlewares/ST/STM32_USB_Device_Library/Class/CustomHID/Src/usbd_customhid.o
 .text.USBD_CUSTOM_HID_Init
                0x0800493c       0x4c Middlewares/ST/STM32_USB_Device_Library/Class/CustomHID/Src/usbd_customhid.o
 .text.USBD_CUSTOM_HID_SendReport
                0x08004988       0x28 Middlewares/ST/STM32_USB_Device_Library/Class/CustomHID/Src/usbd_customhid.o
                0x08004988                USBD_CUSTOM_HID_SendReport
 .text.USBD_CUSTOM_HID_RegisterInterface
                0x080049b0       0x10 Middlewares/ST/STM32_USB_Device_Library/Class/CustomHID/Src/usbd_customhid.o
                0x080049b0                USBD_CUSTOM_HID_RegisterInterface
 .text.USBD_Init
                0x080049c0       0x30 Middlewares/ST/STM32_USB_Device_Library/Core/Src/usbd_core.o
                0x080049c0                USBD_Init
 .text.USBD_RegisterClass
                0x080049f0       0x10 Middlewares/ST/STM32_USB_Device_Library/Core/Src/usbd_core.o
                0x080049f0                USBD_RegisterClass
 .text.USBD_Start
                0x08004a00        0xc Middlewares/ST/STM32_USB_Device_Library/Core/Src/usbd_core.o
                0x08004a00                USBD_Start
 .text.USBD_SetClassConfig
                0x08004a0c       0x1c Middlewares/ST/STM32_USB_Device_Library/Core/Src/usbd_core.o
                0x08004a0c                USBD_SetClassConfig
 .text.USBD_ClrClassConfig
                0x08004a28       0x10 Middlewares/ST/STM32_USB_Device_Library/Core/Src/usbd_core.o
                0x08004a28                USBD_ClrClassConfig
 .text.USBD_LL_SetupStage
                0x08004a38       0x5c Middlewares/ST/STM32_USB_Device_Library/Core/Src/usbd_core.o
                0x08004a38                USBD_LL_SetupStage
 .text.USBD_LL_DataOutStage
                0x08004a94       0x68 Middlewares/ST/STM32_USB_Device_Library/Core/Src/usbd_core.o
                0x08004a94                USBD_LL_DataOutStage
 .text.USBD_LL_DataInStage
                0x08004afc       0xac Middlewares/ST/STM32_USB_Device_Library/Core/Src/usbd_core.o
                0x08004afc                USBD_LL_DataInStage
 .text.USBD_LL_Reset
                0x08004ba8       0x40 Middlewares/ST/STM32_USB_Device_Library/Core/Src/usbd_core.o
                0x08004ba8                USBD_LL_Reset
 .text.USBD_LL_SetSpeed
                0x08004be8        0x8 Middlewares/ST/STM32_USB_Device_Library/Core/Src/usbd_core.o
                0x08004be8                USBD_LL_SetSpeed
 .text.USBD_LL_Suspend
                0x08004bf0       0x14 Middlewares/ST/STM32_USB_Device_Library/Core/Src/usbd_core.o
                0x08004bf0                USBD_LL_Suspend
 .text.USBD_LL_Resume
                0x08004c04        0xc Middlewares/ST/STM32_USB_Device_Library/Core/Src/usbd_core.o
                0x08004c04                USBD_LL_Resume
 .text.USBD_LL_SOF
                0x08004c10       0x18 Middlewares/ST/STM32_USB_Device_Library/Core/Src/usbd_core.o
                0x08004c10                USBD_LL_SOF
 .text.USBD_GetLen
                0x08004c28       0x14 Middlewares/ST/STM32_USB_Device_Library/Core/Src/usbd_ctlreq.o
 .text.USBD_SetFeature
                0x08004c3c       0x20 Middlewares/ST/STM32_USB_Device_Library/Core/Src/usbd_ctlreq.o
 .text.USBD_ParseSetupRequest
                0x08004c5c       0x28 Middlewares/ST/STM32_USB_Device_Library/Core/Src/usbd_ctlreq.o
                0x08004c5c                USBD_ParseSetupRequest
 .text.USBD_CtlError
                0x08004c84       0x14 Middlewares/ST/STM32_USB_Device_Library/Core/Src/usbd_ctlreq.o
                0x08004c84                USBD_CtlError
 .text.USBD_GetDescriptor
                0x08004c98      0x134 Middlewares/ST/STM32_USB_Device_Library/Core/Src/usbd_ctlreq.o
 .text.USBD_SetAddress
                0x08004dcc       0x4c Middlewares/ST/STM32_USB_Device_Library/Core/Src/usbd_ctlreq.o
 .text.USBD_SetConfig
                0x08004e18       0xa8 Middlewares/ST/STM32_USB_Device_Library/Core/Src/usbd_ctlreq.o
 .text.USBD_GetConfig
                0x08004ec0       0x3c Middlewares/ST/STM32_USB_Device_Library/Core/Src/usbd_ctlreq.o
 .text.USBD_GetStatus
                0x08004efc       0x2c Middlewares/ST/STM32_USB_Device_Library/Core/Src/usbd_ctlreq.o
 .text.USBD_ClrFeature
                0x08004f28       0x30 Middlewares/ST/STM32_USB_Device_Library/Core/Src/usbd_ctlreq.o
 .text.USBD_StdDevReq
                0x08004f58       0x48 Middlewares/ST/STM32_USB_Device_Library/Core/Src/usbd_ctlreq.o
                0x08004f58                USBD_StdDevReq
 .text.USBD_StdItfReq
                0x08004fa0       0x38 Middlewares/ST/STM32_USB_Device_Library/Core/Src/usbd_ctlreq.o
                0x08004fa0                USBD_StdItfReq
 .text.USBD_StdEPReq
                0x08004fd8      0x11c Middlewares/ST/STM32_USB_Device_Library/Core/Src/usbd_ctlreq.o
                0x08004fd8                USBD_StdEPReq
 .text.USBD_GetString
                0x080050f4       0x3c Middlewares/ST/STM32_USB_Device_Library/Core/Src/usbd_ctlreq.o
                0x080050f4                USBD_GetString
 .text.USBD_CtlSendData
                0x08005130       0x1c Middlewares/ST/STM32_USB_Device_Library/Core/Src/usbd_ioreq.o
                0x08005130                USBD_CtlSendData
 .text.USBD_CtlContinueSendData
                0x0800514c       0x10 Middlewares/ST/STM32_USB_Device_Library/Core/Src/usbd_ioreq.o
                0x0800514c                USBD_CtlContinueSendData
 .text.USBD_CtlPrepareRx
                0x0800515c       0x20 Middlewares/ST/STM32_USB_Device_Library/Core/Src/usbd_ioreq.o
                0x0800515c                USBD_CtlPrepareRx
 .text.USBD_CtlContinueRx
                0x0800517c       0x10 Middlewares/ST/STM32_USB_Device_Library/Core/Src/usbd_ioreq.o
                0x0800517c                USBD_CtlContinueRx
 .text.USBD_CtlSendStatus
                0x0800518c       0x18 Middlewares/ST/STM32_USB_Device_Library/Core/Src/usbd_ioreq.o
                0x0800518c                USBD_CtlSendStatus
 .text.USBD_CtlReceiveStatus
                0x080051a4       0x18 Middlewares/ST/STM32_USB_Device_Library/Core/Src/usbd_ioreq.o
                0x080051a4                USBD_CtlReceiveStatus
 .text.MX_GPIO_Init
                0x080051bc       0xb4 Src/main.o
 .text.MX_DMA_Init
                0x08005270       0x34 Src/main.o
 .text.HAL_ADC_ConvCpltCallback
                0x080052a4        0xc Src/main.o
                0x080052a4                HAL_ADC_ConvCpltCallback
 .text.SysTick_callback
                0x080052b0      0x184 Src/main.o
                0x080052b0                SysTick_callback
 .text.HAL_TIM_PeriodElapsedCallback
                0x08005434       0xd4 Src/main.o
                0x08005434                HAL_TIM_PeriodElapsedCallback
 .text.Error_Handler
                0x08005508        0x4 Src/main.o
                0x08005508                Error_Handler
 .text.MX_ADC1_Init
                0x0800550c       0xf0 Src/main.o
 .text.MX_RTC_Init
                0x080055fc       0x6c Src/main.o
 .text.MX_TIM4_Init
                0x08005668       0xb8 Src/main.o
 .text.MX_TIM2_Init
                0x08005720       0x58 Src/main.o
 .text.SystemClock_Config
                0x08005778       0x9c Src/main.o
                0x08005778                SystemClock_Config
 .text.main     0x08005814      0x388 Src/main.o
                0x08005814                main
 .text.HAL_MspInit
                0x08005b9c       0x90 Src/stm32f1xx_hal_msp.o
                0x08005b9c                HAL_MspInit
 .text.HAL_ADC_MspInit
                0x08005c2c       0x8c Src/stm32f1xx_hal_msp.o
                0x08005c2c                HAL_ADC_MspInit
 .text.HAL_RTC_MspInit
                0x08005cb8       0x4c Src/stm32f1xx_hal_msp.o
                0x08005cb8                HAL_RTC_MspInit
 .text.HAL_TIM_Base_MspInit
                0x08005d04       0x5c Src/stm32f1xx_hal_msp.o
                0x08005d04                HAL_TIM_Base_MspInit
 .text.HAL_TIM_MspPostInit
                0x08005d60       0x30 Src/stm32f1xx_hal_msp.o
                0x08005d60                HAL_TIM_MspPostInit
 .text.NMI_Handler
                0x08005d90        0x4 Src/stm32f1xx_it.o
                0x08005d90                NMI_Handler
 .text.HardFault_Handler
                0x08005d94        0x4 Src/stm32f1xx_it.o
                0x08005d94                HardFault_Handler
 .text.MemManage_Handler
                0x08005d98        0x4 Src/stm32f1xx_it.o
                0x08005d98                MemManage_Handler
 .text.BusFault_Handler
                0x08005d9c        0x4 Src/stm32f1xx_it.o
                0x08005d9c                BusFault_Handler
 .text.UsageFault_Handler
                0x08005da0        0x4 Src/stm32f1xx_it.o
                0x08005da0                UsageFault_Handler
 .text.SVC_Handler
                0x08005da4        0x4 Src/stm32f1xx_it.o
                0x08005da4                SVC_Handler
 .text.DebugMon_Handler
                0x08005da8        0x4 Src/stm32f1xx_it.o
                0x08005da8                DebugMon_Handler
 .text.PendSV_Handler
                0x08005dac        0x4 Src/stm32f1xx_it.o
                0x08005dac                PendSV_Handler
 .text.SysTick_Handler
                0x08005db0       0x10 Src/stm32f1xx_it.o
                0x08005db0                SysTick_Handler
 .text.DMA1_Channel1_IRQHandler
                0x08005dc0       0x10 Src/stm32f1xx_it.o
                0x08005dc0                DMA1_Channel1_IRQHandler
 .text.ADC1_2_IRQHandler
                0x08005dd0       0x10 Src/stm32f1xx_it.o
                0x08005dd0                ADC1_2_IRQHandler
 .text.USB_LP_CAN1_RX0_IRQHandler
                0x08005de0       0x10 Src/stm32f1xx_it.o
                0x08005de0                USB_LP_CAN1_RX0_IRQHandler
 .text.TIM2_IRQHandler
                0x08005df0       0x10 Src/stm32f1xx_it.o
                0x08005df0                TIM2_IRQHandler
 .text.MX_USB_DEVICE_Init
                0x08005e00       0x38 Src/usb_device.o
                0x08005e00                MX_USB_DEVICE_Init
 .text.HAL_PCD_MspInit
                0x08005e38       0x50 Src/usbd_conf.o
                0x08005e38                HAL_PCD_MspInit
 .text.HAL_PCD_SetupStageCallback
                0x08005e88       0x10 Src/usbd_conf.o
                0x08005e88                HAL_PCD_SetupStageCallback
 .text.HAL_PCD_DataOutStageCallback
                0x08005e98       0x14 Src/usbd_conf.o
                0x08005e98                HAL_PCD_DataOutStageCallback
 .text.HAL_PCD_DataInStageCallback
                0x08005eac       0x14 Src/usbd_conf.o
                0x08005eac                HAL_PCD_DataInStageCallback
 .text.HAL_PCD_SOFCallback
                0x08005ec0        0xc Src/usbd_conf.o
                0x08005ec0                HAL_PCD_SOFCallback
 .text.HAL_PCD_ResetCallback
                0x08005ecc       0x18 Src/usbd_conf.o
                0x08005ecc                HAL_PCD_ResetCallback
 .text.HAL_PCD_SuspendCallback
                0x08005ee4       0x20 Src/usbd_conf.o
                0x08005ee4                HAL_PCD_SuspendCallback
 .text.HAL_PCD_ResumeCallback
                0x08005f04        0xc Src/usbd_conf.o
                0x08005f04                HAL_PCD_ResumeCallback
 .text.USBD_LL_Init
                0x08005f10       0x74 Src/usbd_conf.o
                0x08005f10                USBD_LL_Init
 .text.USBD_LL_Start
                0x08005f84       0x10 Src/usbd_conf.o
                0x08005f84                USBD_LL_Start
 .text.USBD_LL_OpenEP
                0x08005f94       0x14 Src/usbd_conf.o
                0x08005f94                USBD_LL_OpenEP
 .text.USBD_LL_CloseEP
                0x08005fa8       0x10 Src/usbd_conf.o
                0x08005fa8                USBD_LL_CloseEP
 .text.USBD_LL_StallEP
                0x08005fb8       0x10 Src/usbd_conf.o
                0x08005fb8                USBD_LL_StallEP
 .text.USBD_LL_ClearStallEP
                0x08005fc8       0x10 Src/usbd_conf.o
                0x08005fc8                USBD_LL_ClearStallEP
 .text.USBD_LL_IsStallEP
                0x08005fd8       0x28 Src/usbd_conf.o
                0x08005fd8                USBD_LL_IsStallEP
 .text.USBD_LL_SetUSBAddress
                0x08006000       0x10 Src/usbd_conf.o
                0x08006000                USBD_LL_SetUSBAddress
 .text.USBD_LL_Transmit
                0x08006010       0x10 Src/usbd_conf.o
                0x08006010                USBD_LL_Transmit
 .text.USBD_LL_PrepareReceive
                0x08006020       0x10 Src/usbd_conf.o
                0x08006020                USBD_LL_PrepareReceive
 .text.USBD_static_malloc
                0x08006030        0x8 Src/usbd_conf.o
                0x08006030                USBD_static_malloc
 .text.USBD_static_free
                0x08006038        0x4 Src/usbd_conf.o
                0x08006038                USBD_static_free
 .text.HAL_PCDEx_SetConnectionState
                0x0800603c        0x4 Src/usbd_conf.o
                0x0800603c                HAL_PCDEx_SetConnectionState
 .text.CUSTOM_HID_Init_FS
                0x08006040        0x4 Src/usbd_custom_hid_if.o
 .text.CUSTOM_HID_DeInit_FS
                0x08006044        0x4 Src/usbd_custom_hid_if.o
 .text.CUSTOM_HID_OutEvent_FS
                0x08006048      0x204 Src/usbd_custom_hid_if.o
 .text.USBD_FS_DeviceDescriptor
                0x0800624c        0xc Src/usbd_desc.o
                0x0800624c                USBD_FS_DeviceDescriptor
 .text.USBD_FS_LangIDStrDescriptor
                0x08006258        0xc Src/usbd_desc.o
                0x08006258                USBD_FS_LangIDStrDescriptor
 .text.USBD_FS_ProductStrDescriptor
                0x08006264       0x24 Src/usbd_desc.o
                0x08006264                USBD_FS_ProductStrDescriptor
 .text.USBD_FS_ManufacturerStrDescriptor
                0x08006288       0x1c Src/usbd_desc.o
                0x08006288                USBD_FS_ManufacturerStrDescriptor
 .text.USBD_FS_SerialStrDescriptor
                0x080062a4       0x24 Src/usbd_desc.o
                0x080062a4                USBD_FS_SerialStrDescriptor
 .text.USBD_FS_ConfigStrDescriptor
                0x080062c8       0x24 Src/usbd_desc.o
                0x080062c8                USBD_FS_ConfigStrDescriptor
 .text.USBD_FS_InterfaceStrDescriptor
                0x080062ec       0x24 Src/usbd_desc.o
                0x080062ec                USBD_FS_InterfaceStrDescriptor
 .text.__libc_init_array
                0x08006310       0x58 /home/dabit/Ac6/SystemWorkbench/plugins/fr.ac6.mcu.externaltools.arm-none.linux64_1.12.0.201611241417/tools/compiler/arm-none-eabi/lib/thumb/libc_nano.a(lib_a-init.o)
                0x08006310                __libc_init_array
 .text.memset   0x08006368       0x10 /home/dabit/Ac6/SystemWorkbench/plugins/fr.ac6.mcu.externaltools.arm-none.linux64_1.12.0.201611241417/tools/compiler/arm-none-eabi/lib/thumb/libc_nano.a(lib_a-memset.o)
                0x08006368                memset
 .text.log      0x08006378      0x12c /home/dabit/Ac6/SystemWorkbench/plugins/fr.ac6.mcu.externaltools.arm-none.linux64_1.12.0.201611241417/tools/compiler/arm-none-eabi/lib/thumb/libm.a(lib_a-w_log.o)
                0x08006378                log
 .text.__ieee754_log
                0x080064a4      0x408 /home/dabit/Ac6/SystemWorkbench/plugins/fr.ac6.mcu.externaltools.arm-none.linux64_1.12.0.201611241417/tools/compiler/arm-none-eabi/lib/thumb/libm.a(lib_a-e_log.o)
                0x080064a4                __ieee754_log
 .text.matherr  0x080068ac        0x4 /home/dabit/Ac6/SystemWorkbench/plugins/fr.ac6.mcu.externaltools.arm-none.linux64_1.12.0.201611241417/tools/compiler/arm-none-eabi/lib/thumb/libm.a(lib_a-s_matherr.o)
                0x080068ac                matherr
 .text.nan      0x080068b0        0xc /home/dabit/Ac6/SystemWorkbench/plugins/fr.ac6.mcu.externaltools.arm-none.linux64_1.12.0.201611241417/tools/compiler/arm-none-eabi/lib/thumb/libm.a(lib_a-s_nan.o)
                0x080068b0                nan
 .text.__errno  0x080068bc        0xc /home/dabit/Ac6/SystemWorkbench/plugins/fr.ac6.mcu.externaltools.arm-none.linux64_1.12.0.201611241417/tools/compiler/arm-none-eabi/lib/thumb/libc_nano.a(lib_a-errno.o)
                0x080068bc                __errno
 *(.glue_7)
 .glue_7        0x080068c8        0x0 linker stubs
 *(.glue_7t)
 .glue_7t       0x080068c8        0x0 linker stubs
 *(.eh_frame)
 .eh_frame      0x080068c8        0x0 /home/dabit/Ac6/SystemWorkbench/plugins/fr.ac6.mcu.externaltools.arm-none.linux64_1.12.0.201611241417/tools/compiler/bin/../lib/gcc/arm-none-eabi/5.4.1/armv7-m/crtbegin.o
 *(.init)
 .init          0x080068c8        0x4 /home/dabit/Ac6/SystemWorkbench/plugins/fr.ac6.mcu.externaltools.arm-none.linux64_1.12.0.201611241417/tools/compiler/bin/../lib/gcc/arm-none-eabi/5.4.1/armv7-m/crti.o
                0x080068c8                _init
 .init          0x080068cc        0x8 /home/dabit/Ac6/SystemWorkbench/plugins/fr.ac6.mcu.externaltools.arm-none.linux64_1.12.0.201611241417/tools/compiler/bin/../lib/gcc/arm-none-eabi/5.4.1/armv7-m/crtn.o
 *(.fini)
 .fini          0x080068d4        0x4 /home/dabit/Ac6/SystemWorkbench/plugins/fr.ac6.mcu.externaltools.arm-none.linux64_1.12.0.201611241417/tools/compiler/bin/../lib/gcc/arm-none-eabi/5.4.1/armv7-m/crti.o
                0x080068d4                _fini
 .fini          0x080068d8        0x8 /home/dabit/Ac6/SystemWorkbench/plugins/fr.ac6.mcu.externaltools.arm-none.linux64_1.12.0.201611241417/tools/compiler/bin/../lib/gcc/arm-none-eabi/5.4.1/armv7-m/crtn.o
                0x080068e0                . = ALIGN (0x4)
                0x080068e0                _etext = .

.vfp11_veneer   0x080068e0        0x0
 .vfp11_veneer  0x080068e0        0x0 linker stubs

.v4_bx          0x080068e0        0x0
 .v4_bx         0x080068e0        0x0 linker stubs

.iplt           0x080068e0        0x0
 .iplt          0x080068e0        0x0 /home/dabit/Ac6/SystemWorkbench/plugins/fr.ac6.mcu.externaltools.arm-none.linux64_1.12.0.201611241417/tools/compiler/bin/../lib/gcc/arm-none-eabi/5.4.1/armv7-m/crtbegin.o

.rodata         0x080068e0       0xb0
                0x080068e0                . = ALIGN (0x4)
 *(.rodata)
 .rodata        0x080068e0       0x18 Drivers/CMSIS/Device/ST/STM32F1xx/Source/Templates/system_stm32f1xx.o
                0x080068e0                AHBPrescTable
                0x080068f0                APBPrescTable
 .rodata        0x080068f8       0x12 Drivers/STM32F1xx_HAL_Driver/Src/stm32f1xx_hal_rcc.o
 *fill*         0x0800690a        0x2 
 .rodata        0x0800690c       0x12 Drivers/STM32F1xx_HAL_Driver/Src/stm32f1xx_hal_rcc_ex.o
 *(.rodata*)
 *fill*         0x0800691e        0x2 
 .rodata.str1.4
                0x08006920       0x69 Src/usbd_desc.o
 .rodata.str1.1
                0x08006989        0x2 /home/dabit/Ac6/SystemWorkbench/plugins/fr.ac6.mcu.externaltools.arm-none.linux64_1.12.0.201611241417/tools/compiler/arm-none-eabi/lib/thumb/libc_nano.a(lib_a-impure.o)
 *fill*         0x0800698b        0x1 
 .rodata.str1.4
                0x0800698c        0x4 /home/dabit/Ac6/SystemWorkbench/plugins/fr.ac6.mcu.externaltools.arm-none.linux64_1.12.0.201611241417/tools/compiler/arm-none-eabi/lib/thumb/libm.a(lib_a-w_log.o)
                                  0x5 (size before relaxing)
                0x08006990                . = ALIGN (0x4)

.rel.dyn        0x08006990        0x0
 .rel.iplt      0x08006990        0x0 /home/dabit/Ac6/SystemWorkbench/plugins/fr.ac6.mcu.externaltools.arm-none.linux64_1.12.0.201611241417/tools/compiler/bin/../lib/gcc/arm-none-eabi/5.4.1/armv7-m/crtbegin.o

.ARM.extab
 *(.ARM.extab* .gnu.linkonce.armextab.*)

.ARM            0x08006990        0x0
                0x08006990                __exidx_start = .
 *(.ARM.exidx*)
                0x08006990                __exidx_end = .

.preinit_array  0x08006990        0x0
                0x08006990                PROVIDE (__preinit_array_start, .)
 *(.preinit_array*)
                0x08006990                PROVIDE (__preinit_array_end, .)

.init_array     0x08006990        0x4
                0x08006990                PROVIDE (__init_array_start, .)
 *(SORT(.init_array.*))
 *(.init_array*)
 .init_array    0x08006990        0x4 /home/dabit/Ac6/SystemWorkbench/plugins/fr.ac6.mcu.externaltools.arm-none.linux64_1.12.0.201611241417/tools/compiler/bin/../lib/gcc/arm-none-eabi/5.4.1/armv7-m/crtbegin.o
                0x08006994                PROVIDE (__init_array_end, .)

.fini_array     0x08006994        0x4
                [!provide]                PROVIDE (__fini_array_start, .)
 *(SORT(.fini_array.*))
 *(.fini_array*)
 .fini_array    0x08006994        0x4 /home/dabit/Ac6/SystemWorkbench/plugins/fr.ac6.mcu.externaltools.arm-none.linux64_1.12.0.201611241417/tools/compiler/bin/../lib/gcc/arm-none-eabi/5.4.1/armv7-m/crtbegin.o
                [!provide]                PROVIDE (__fini_array_end, .)
                0x08006998                _sidata = LOADADDR (.data)

.data           0x20000000      0x168 load address 0x08006998
                0x20000000                . = ALIGN (0x4)
                0x20000000                _sdata = .
 *(.data)
 .data          0x20000000        0x4 Drivers/CMSIS/Device/ST/STM32F1xx/Source/Templates/system_stm32f1xx.o
                0x20000000                SystemCoreClock
 .data          0x20000004       0x98 Middlewares/ST/STM32_USB_Device_Library/Class/CustomHID/Src/usbd_customhid.o
                0x20000060                USBD_CUSTOM_HID
 .data          0x2000009c        0x2 Src/main.o
 *fill*         0x2000009e        0x2 
 .data          0x200000a0       0x2c Src/usbd_custom_hid_if.o
                0x200000a0                USBD_CustomHID_fops_FS
 .data          0x200000cc       0x34 Src/usbd_desc.o
                0x200000cc                USBD_FS_DeviceDesc
                0x200000e0                USBD_LangIDDesc
                0x200000e4                FS_Desc
 *(.data*)
 .data.impure_data
                0x20000100       0x60 /home/dabit/Ac6/SystemWorkbench/plugins/fr.ac6.mcu.externaltools.arm-none.linux64_1.12.0.201611241417/tools/compiler/arm-none-eabi/lib/thumb/libc_nano.a(lib_a-impure.o)
 .data._impure_ptr
                0x20000160        0x4 /home/dabit/Ac6/SystemWorkbench/plugins/fr.ac6.mcu.externaltools.arm-none.linux64_1.12.0.201611241417/tools/compiler/arm-none-eabi/lib/thumb/libc_nano.a(lib_a-impure.o)
                0x20000160                _impure_ptr
 .data.__fdlib_version
                0x20000164        0x1 /home/dabit/Ac6/SystemWorkbench/plugins/fr.ac6.mcu.externaltools.arm-none.linux64_1.12.0.201611241417/tools/compiler/arm-none-eabi/lib/thumb/libm.a(lib_a-s_lib_ver.o)
                0x20000164                __fdlib_version
                0x20000168                . = ALIGN (0x4)
 *fill*         0x20000165        0x3 
                0x20000168                _edata = .

.jcr            0x20000168        0x0 load address 0x08006b00
 .jcr           0x20000168        0x0 /home/dabit/Ac6/SystemWorkbench/plugins/fr.ac6.mcu.externaltools.arm-none.linux64_1.12.0.201611241417/tools/compiler/bin/../lib/gcc/arm-none-eabi/5.4.1/armv7-m/crtbegin.o

.igot.plt       0x20000168        0x0 load address 0x08006b00
 .igot.plt      0x20000168        0x0 /home/dabit/Ac6/SystemWorkbench/plugins/fr.ac6.mcu.externaltools.arm-none.linux64_1.12.0.201611241417/tools/compiler/bin/../lib/gcc/arm-none-eabi/5.4.1/armv7-m/crtbegin.o
                0x20000168                . = ALIGN (0x4)

.bss            0x20000168      0xd24 load address 0x08006b00
                0x20000168                _sbss = .
                0x20000168                __bss_start__ = _sbss
 *(.bss)
 .bss           0x20000168       0x1c /home/dabit/Ac6/SystemWorkbench/plugins/fr.ac6.mcu.externaltools.arm-none.linux64_1.12.0.201611241417/tools/compiler/bin/../lib/gcc/arm-none-eabi/5.4.1/armv7-m/crtbegin.o
 .bss           0x20000184        0x4 Drivers/STM32F1xx_HAL_Driver/Src/stm32f1xx_hal.o
 .bss           0x20000188        0x1 Middlewares/ST/STM32_USB_Device_Library/Core/Src/usbd_ctlreq.o
 .bss           0x20000189        0x4 Src/main.o
                0x20000189                bGotADCResults
                0x2000018b                IsRunning
                0x2000018c                bGotUSBData
 *fill*         0x2000018d        0x3 
 .bss           0x20000190       0x58 Src/usbd_conf.o
 *(.bss*)
 *(COMMON)
 COMMON         0x200001e8      0x460 Src/main.o
                0x200001e8                htim4
                0x20000224                PID
                0x200003d4                hadc1
                0x20000404                CommTimeoutCtr
                0x20000408                hdma_adc1
                0x20000440                hrtc
                0x20000454                USBTxBuf
                0x20000494                htim2
                0x200004d0                modulator
                0x20000560                ADCresults
                0x20000570                thermistor
 COMMON         0x20000648      0x224 Src/usb_device.o
                0x20000648                hUsbDeviceFS
 COMMON         0x2000086c      0x420 Src/usbd_conf.o
                0x2000086c                hpcd_USB_FS
 COMMON         0x20000c8c      0x200 Src/usbd_desc.o
                0x20000c8c                USBD_StrDesc
                0x20000e8c                . = ALIGN (0x4)
                0x20000e8c                _ebss = .
                0x20000e8c                __bss_end__ = _ebss

._user_heap_stack
                0x20000e8c      0x804 load address 0x08006b00
                0x20000e90                . = ALIGN (0x8)
 *fill*         0x20000e8c        0x4 
                [!provide]                PROVIDE (end, .)
                [!provide]                PROVIDE (_end, .)
                0x20001290                . = (. + _Min_Heap_Size)
 *fill*         0x20000e90      0x400 
                0x20001690                . = (. + _Min_Stack_Size)
 *fill*         0x20001290      0x400 
                0x20001690                . = ALIGN (0x8)

/DISCARD/
 libc.a(*)
 libm.a(*)
 libgcc.a(*)

.ARM.attributes
                0x00000000       0x2b
 *(.ARM.attributes)
 .ARM.attributes
                0x00000000       0x1d /home/dabit/Ac6/SystemWorkbench/plugins/fr.ac6.mcu.externaltools.arm-none.linux64_1.12.0.201611241417/tools/compiler/bin/../lib/gcc/arm-none-eabi/5.4.1/armv7-m/crti.o
 .ARM.attributes
                0x0000001d       0x2d /home/dabit/Ac6/SystemWorkbench/plugins/fr.ac6.mcu.externaltools.arm-none.linux64_1.12.0.201611241417/tools/compiler/bin/../lib/gcc/arm-none-eabi/5.4.1/armv7-m/crtbegin.o
 .ARM.attributes
                0x0000004a       0x21 Drivers/CMSIS/Device/ST/STM32F1xx/Source/Templates/gcc/startup_stm32f103xb.o
 .ARM.attributes
                0x0000006b       0x33 Drivers/CMSIS/Device/ST/STM32F1xx/Source/Templates/system_stm32f1xx.o
 .ARM.attributes
                0x0000009e       0x33 Drivers/STM32F1xx_HAL_Driver/Src/stm32f1xx_hal.o
 .ARM.attributes
                0x000000d1       0x33 Drivers/STM32F1xx_HAL_Driver/Src/stm32f1xx_hal_adc.o
 .ARM.attributes
                0x00000104       0x33 Drivers/STM32F1xx_HAL_Driver/Src/stm32f1xx_hal_adc_ex.o
 .ARM.attributes
                0x00000137       0x33 Drivers/STM32F1xx_HAL_Driver/Src/stm32f1xx_hal_cortex.o
 .ARM.attributes
                0x0000016a       0x33 Drivers/STM32F1xx_HAL_Driver/Src/stm32f1xx_hal_dma.o
 .ARM.attributes
                0x0000019d       0x33 Drivers/STM32F1xx_HAL_Driver/Src/stm32f1xx_hal_gpio.o
 .ARM.attributes
                0x000001d0       0x33 Drivers/STM32F1xx_HAL_Driver/Src/stm32f1xx_hal_pcd.o
 .ARM.attributes
                0x00000203       0x33 Drivers/STM32F1xx_HAL_Driver/Src/stm32f1xx_hal_pcd_ex.o
 .ARM.attributes
                0x00000236       0x33 Drivers/STM32F1xx_HAL_Driver/Src/stm32f1xx_hal_pwr.o
 .ARM.attributes
                0x00000269       0x33 Drivers/STM32F1xx_HAL_Driver/Src/stm32f1xx_hal_rcc.o
 .ARM.attributes
                0x0000029c       0x33 Drivers/STM32F1xx_HAL_Driver/Src/stm32f1xx_hal_rcc_ex.o
 .ARM.attributes
                0x000002cf       0x33 Drivers/STM32F1xx_HAL_Driver/Src/stm32f1xx_hal_rtc.o
 .ARM.attributes
                0x00000302       0x33 Drivers/STM32F1xx_HAL_Driver/Src/stm32f1xx_hal_tim.o
 .ARM.attributes
                0x00000335       0x33 Drivers/STM32F1xx_HAL_Driver/Src/stm32f1xx_hal_tim_ex.o
 .ARM.attributes
                0x00000368       0x33 Drivers/STM32F1xx_HAL_Driver/Src/stm32f1xx_ll_usb.o
 .ARM.attributes
                0x0000039b       0x33 Middlewares/ST/STM32_USB_Device_Library/Class/CustomHID/Src/usbd_customhid.o
 .ARM.attributes
                0x000003ce       0x33 Middlewares/ST/STM32_USB_Device_Library/Core/Src/usbd_core.o
 .ARM.attributes
                0x00000401       0x33 Middlewares/ST/STM32_USB_Device_Library/Core/Src/usbd_ctlreq.o
 .ARM.attributes
                0x00000434       0x33 Middlewares/ST/STM32_USB_Device_Library/Core/Src/usbd_ioreq.o
 .ARM.attributes
                0x00000467       0x33 Src/main.o
 .ARM.attributes
                0x0000049a       0x33 Src/stm32f1xx_hal_msp.o
 .ARM.attributes
                0x000004cd       0x33 Src/stm32f1xx_it.o
 .ARM.attributes
                0x00000500       0x33 Src/usb_device.o
 .ARM.attributes
                0x00000533       0x33 Src/usbd_conf.o
 .ARM.attributes
                0x00000566       0x33 Src/usbd_custom_hid_if.o
 .ARM.attributes
                0x00000599       0x33 Src/usbd_desc.o
 .ARM.attributes
                0x000005cc       0x30 /home/dabit/Ac6/SystemWorkbench/plugins/fr.ac6.mcu.externaltools.arm-none.linux64_1.12.0.201611241417/tools/compiler/arm-none-eabi/lib/thumb/libc_nano.a(lib_a-impure.o)
 .ARM.attributes
                0x000005fc       0x30 /home/dabit/Ac6/SystemWorkbench/plugins/fr.ac6.mcu.externaltools.arm-none.linux64_1.12.0.201611241417/tools/compiler/arm-none-eabi/lib/thumb/libc_nano.a(lib_a-init.o)
 .ARM.attributes
                0x0000062c       0x30 /home/dabit/Ac6/SystemWorkbench/plugins/fr.ac6.mcu.externaltools.arm-none.linux64_1.12.0.201611241417/tools/compiler/arm-none-eabi/lib/thumb/libc_nano.a(lib_a-memset.o)
 .ARM.attributes
                0x0000065c       0x30 /home/dabit/Ac6/SystemWorkbench/plugins/fr.ac6.mcu.externaltools.arm-none.linux64_1.12.0.201611241417/tools/compiler/arm-none-eabi/lib/thumb/libm.a(lib_a-w_log.o)
 .ARM.attributes
                0x0000068c       0x30 /home/dabit/Ac6/SystemWorkbench/plugins/fr.ac6.mcu.externaltools.arm-none.linux64_1.12.0.201611241417/tools/compiler/arm-none-eabi/lib/thumb/libm.a(lib_a-e_log.o)
 .ARM.attributes
                0x000006bc       0x30 /home/dabit/Ac6/SystemWorkbench/plugins/fr.ac6.mcu.externaltools.arm-none.linux64_1.12.0.201611241417/tools/compiler/arm-none-eabi/lib/thumb/libm.a(lib_a-s_lib_ver.o)
 .ARM.attributes
                0x000006ec       0x30 /home/dabit/Ac6/SystemWorkbench/plugins/fr.ac6.mcu.externaltools.arm-none.linux64_1.12.0.201611241417/tools/compiler/arm-none-eabi/lib/thumb/libm.a(lib_a-s_matherr.o)
 .ARM.attributes
                0x0000071c       0x30 /home/dabit/Ac6/SystemWorkbench/plugins/fr.ac6.mcu.externaltools.arm-none.linux64_1.12.0.201611241417/tools/compiler/arm-none-eabi/lib/thumb/libm.a(lib_a-s_nan.o)
 .ARM.attributes
                0x0000074c       0x1d /home/dabit/Ac6/SystemWorkbench/plugins/fr.ac6.mcu.externaltools.arm-none.linux64_1.12.0.201611241417/tools/compiler/bin/../lib/gcc/arm-none-eabi/5.4.1/armv7-m/libgcc.a(_arm_addsubdf3.o)
 .ARM.attributes
                0x00000769       0x1d /home/dabit/Ac6/SystemWorkbench/plugins/fr.ac6.mcu.externaltools.arm-none.linux64_1.12.0.201611241417/tools/compiler/bin/../lib/gcc/arm-none-eabi/5.4.1/armv7-m/libgcc.a(_arm_muldivdf3.o)
 .ARM.attributes
                0x00000786       0x1d /home/dabit/Ac6/SystemWorkbench/plugins/fr.ac6.mcu.externaltools.arm-none.linux64_1.12.0.201611241417/tools/compiler/bin/../lib/gcc/arm-none-eabi/5.4.1/armv7-m/libgcc.a(_arm_cmpdf2.o)
 .ARM.attributes
                0x000007a3       0x1d /home/dabit/Ac6/SystemWorkbench/plugins/fr.ac6.mcu.externaltools.arm-none.linux64_1.12.0.201611241417/tools/compiler/bin/../lib/gcc/arm-none-eabi/5.4.1/armv7-m/libgcc.a(_arm_unorddf2.o)
 .ARM.attributes
                0x000007c0       0x1d /home/dabit/Ac6/SystemWorkbench/plugins/fr.ac6.mcu.externaltools.arm-none.linux64_1.12.0.201611241417/tools/compiler/bin/../lib/gcc/arm-none-eabi/5.4.1/armv7-m/libgcc.a(_arm_truncdfsf2.o)
 .ARM.attributes
                0x000007dd       0x1d /home/dabit/Ac6/SystemWorkbench/plugins/fr.ac6.mcu.externaltools.arm-none.linux64_1.12.0.201611241417/tools/compiler/bin/../lib/gcc/arm-none-eabi/5.4.1/armv7-m/libgcc.a(_arm_addsubsf3.o)
 .ARM.attributes
                0x000007fa       0x1d /home/dabit/Ac6/SystemWorkbench/plugins/fr.ac6.mcu.externaltools.arm-none.linux64_1.12.0.201611241417/tools/compiler/bin/../lib/gcc/arm-none-eabi/5.4.1/armv7-m/libgcc.a(_arm_muldivsf3.o)
 .ARM.attributes
                0x00000817       0x1d /home/dabit/Ac6/SystemWorkbench/plugins/fr.ac6.mcu.externaltools.arm-none.linux64_1.12.0.201611241417/tools/compiler/bin/../lib/gcc/arm-none-eabi/5.4.1/armv7-m/libgcc.a(_arm_cmpsf2.o)
 .ARM.attributes
                0x00000834       0x1d /home/dabit/Ac6/SystemWorkbench/plugins/fr.ac6.mcu.externaltools.arm-none.linux64_1.12.0.201611241417/tools/compiler/bin/../lib/gcc/arm-none-eabi/5.4.1/armv7-m/libgcc.a(_arm_fixunssfsi.o)
 .ARM.attributes
                0x00000851       0x30 /home/dabit/Ac6/SystemWorkbench/plugins/fr.ac6.mcu.externaltools.arm-none.linux64_1.12.0.201611241417/tools/compiler/arm-none-eabi/lib/thumb/libc_nano.a(lib_a-errno.o)
 .ARM.attributes
                0x00000881       0x1d /home/dabit/Ac6/SystemWorkbench/plugins/fr.ac6.mcu.externaltools.arm-none.linux64_1.12.0.201611241417/tools/compiler/bin/../lib/gcc/arm-none-eabi/5.4.1/armv7-m/crtn.o
OUTPUT(auxcontroller.elf elf32-littlearm)

.debug_line     0x00000000    0x143d3
 .debug_line    0x00000000       0xac Drivers/CMSIS/Device/ST/STM32F1xx/Source/Templates/gcc/startup_stm32f103xb.o
 .debug_line    0x000000ac      0x91f Drivers/CMSIS/Device/ST/STM32F1xx/Source/Templates/system_stm32f1xx.o
 .debug_line    0x000009cb      0xa2c Drivers/STM32F1xx_HAL_Driver/Src/stm32f1xx_hal.o
 .debug_line    0x000013f7      0xe5f Drivers/STM32F1xx_HAL_Driver/Src/stm32f1xx_hal_adc.o
 .debug_line    0x00002256      0xcb3 Drivers/STM32F1xx_HAL_Driver/Src/stm32f1xx_hal_adc_ex.o
 .debug_line    0x00002f09      0xa68 Drivers/STM32F1xx_HAL_Driver/Src/stm32f1xx_hal_cortex.o
 .debug_line    0x00003971      0xca5 Drivers/STM32F1xx_HAL_Driver/Src/stm32f1xx_hal_dma.o
 .debug_line    0x00004616      0xa52 Drivers/STM32F1xx_HAL_Driver/Src/stm32f1xx_hal_gpio.o
 .debug_line    0x00005068      0xd8f Drivers/STM32F1xx_HAL_Driver/Src/stm32f1xx_hal_pcd.o
 .debug_line    0x00005df7      0x8f9 Drivers/STM32F1xx_HAL_Driver/Src/stm32f1xx_hal_pcd_ex.o
 .debug_line    0x000066f0      0xa77 Drivers/STM32F1xx_HAL_Driver/Src/stm32f1xx_hal_pwr.o
 .debug_line    0x00007167      0xd9f Drivers/STM32F1xx_HAL_Driver/Src/stm32f1xx_hal_rcc.o
 .debug_line    0x00007f06      0x9dd Drivers/STM32F1xx_HAL_Driver/Src/stm32f1xx_hal_rcc_ex.o
 .debug_line    0x000088e3      0xd8f Drivers/STM32F1xx_HAL_Driver/Src/stm32f1xx_hal_rtc.o
 .debug_line    0x00009672     0x1758 Drivers/STM32F1xx_HAL_Driver/Src/stm32f1xx_hal_tim.o
 .debug_line    0x0000adca      0xe6b Drivers/STM32F1xx_HAL_Driver/Src/stm32f1xx_hal_tim_ex.o
 .debug_line    0x0000bc35      0xcd7 Drivers/STM32F1xx_HAL_Driver/Src/stm32f1xx_ll_usb.o
 .debug_line    0x0000c90c      0xba6 Middlewares/ST/STM32_USB_Device_Library/Class/CustomHID/Src/usbd_customhid.o
 .debug_line    0x0000d4b2      0xbb4 Middlewares/ST/STM32_USB_Device_Library/Core/Src/usbd_core.o
 .debug_line    0x0000e066      0xbb4 Middlewares/ST/STM32_USB_Device_Library/Core/Src/usbd_ctlreq.o
 .debug_line    0x0000ec1a      0xa61 Middlewares/ST/STM32_USB_Device_Library/Core/Src/usbd_ioreq.o
 .debug_line    0x0000f67b      0xda0 Src/main.o
 .debug_line    0x0001041b      0x98c Src/stm32f1xx_hal_msp.o
 .debug_line    0x00010da7      0x993 Src/stm32f1xx_it.o
 .debug_line    0x0001173a      0xa94 Src/usb_device.o
 .debug_line    0x000121ce      0xc83 Src/usbd_conf.o
 .debug_line    0x00012e51      0xb40 Src/usbd_custom_hid_if.o
 .debug_line    0x00013991      0xa42 Src/usbd_desc.o

.debug_info     0x00000000    0x16cc0
 .debug_info    0x00000000       0xcd Drivers/CMSIS/Device/ST/STM32F1xx/Source/Templates/gcc/startup_stm32f103xb.o
 .debug_info    0x000000cd      0x3eb Drivers/CMSIS/Device/ST/STM32F1xx/Source/Templates/system_stm32f1xx.o
 .debug_info    0x000004b8      0x699 Drivers/STM32F1xx_HAL_Driver/Src/stm32f1xx_hal.o
 .debug_info    0x00000b51      0xfdc Drivers/STM32F1xx_HAL_Driver/Src/stm32f1xx_hal_adc.o
 .debug_info    0x00001b2d      0xc5b Drivers/STM32F1xx_HAL_Driver/Src/stm32f1xx_hal_adc_ex.o
 .debug_info    0x00002788      0xc33 Drivers/STM32F1xx_HAL_Driver/Src/stm32f1xx_hal_cortex.o
 .debug_info    0x000033bb      0x645 Drivers/STM32F1xx_HAL_Driver/Src/stm32f1xx_hal_dma.o
 .debug_info    0x00003a00      0x608 Drivers/STM32F1xx_HAL_Driver/Src/stm32f1xx_hal_gpio.o
 .debug_info    0x00004008     0x1186 Drivers/STM32F1xx_HAL_Driver/Src/stm32f1xx_hal_pcd.o
 .debug_info    0x0000518e      0x5a9 Drivers/STM32F1xx_HAL_Driver/Src/stm32f1xx_hal_pcd_ex.o
 .debug_info    0x00005737      0x7b3 Drivers/STM32F1xx_HAL_Driver/Src/stm32f1xx_hal_pwr.o
 .debug_info    0x00005eea     0x12ab Drivers/STM32F1xx_HAL_Driver/Src/stm32f1xx_hal_rcc.o
 .debug_info    0x00007195      0x587 Drivers/STM32F1xx_HAL_Driver/Src/stm32f1xx_hal_rcc_ex.o
 .debug_info    0x0000771c     0x113d Drivers/STM32F1xx_HAL_Driver/Src/stm32f1xx_hal_rtc.o
 .debug_info    0x00008859     0x2d8a Drivers/STM32F1xx_HAL_Driver/Src/stm32f1xx_hal_tim.o
 .debug_info    0x0000b5e3     0x11e6 Drivers/STM32F1xx_HAL_Driver/Src/stm32f1xx_hal_tim_ex.o
 .debug_info    0x0000c7c9      0xeed Drivers/STM32F1xx_HAL_Driver/Src/stm32f1xx_ll_usb.o
 .debug_info    0x0000d6b6      0xb07 Middlewares/ST/STM32_USB_Device_Library/Class/CustomHID/Src/usbd_customhid.o
 .debug_info    0x0000e1bd      0xc42 Middlewares/ST/STM32_USB_Device_Library/Core/Src/usbd_core.o
 .debug_info    0x0000edff      0xe28 Middlewares/ST/STM32_USB_Device_Library/Core/Src/usbd_ctlreq.o
 .debug_info    0x0000fc27      0x790 Middlewares/ST/STM32_USB_Device_Library/Core/Src/usbd_ioreq.o
 .debug_info    0x000103b7     0x211a Src/main.o
 .debug_info    0x000124d1     0x1053 Src/stm32f1xx_hal_msp.o
 .debug_info    0x00013524      0xc57 Src/stm32f1xx_it.o
 .debug_info    0x0001417b      0x61c Src/usb_device.o
 .debug_info    0x00014797     0x16bf Src/usbd_conf.o
 .debug_info    0x00015e56      0x9a7 Src/usbd_custom_hid_if.o
 .debug_info    0x000167fd      0x4c3 Src/usbd_desc.o

.debug_abbrev   0x00000000     0x37c3
 .debug_abbrev  0x00000000       0x12 Drivers/CMSIS/Device/ST/STM32F1xx/Source/Templates/gcc/startup_stm32f103xb.o
 .debug_abbrev  0x00000012      0x125 Drivers/CMSIS/Device/ST/STM32F1xx/Source/Templates/system_stm32f1xx.o
 .debug_abbrev  0x00000137      0x21f Drivers/STM32F1xx_HAL_Driver/Src/stm32f1xx_hal.o
 .debug_abbrev  0x00000356      0x248 Drivers/STM32F1xx_HAL_Driver/Src/stm32f1xx_hal_adc.o
 .debug_abbrev  0x0000059e      0x277 Drivers/STM32F1xx_HAL_Driver/Src/stm32f1xx_hal_adc_ex.o
 .debug_abbrev  0x00000815      0x2bd Drivers/STM32F1xx_HAL_Driver/Src/stm32f1xx_hal_cortex.o
 .debug_abbrev  0x00000ad2      0x1f2 Drivers/STM32F1xx_HAL_Driver/Src/stm32f1xx_hal_dma.o
 .debug_abbrev  0x00000cc4      0x1cd Drivers/STM32F1xx_HAL_Driver/Src/stm32f1xx_hal_gpio.o
 .debug_abbrev  0x00000e91      0x28c Drivers/STM32F1xx_HAL_Driver/Src/stm32f1xx_hal_pcd.o
 .debug_abbrev  0x0000111d      0x16e Drivers/STM32F1xx_HAL_Driver/Src/stm32f1xx_hal_pcd_ex.o
 .debug_abbrev  0x0000128b      0x20e Drivers/STM32F1xx_HAL_Driver/Src/stm32f1xx_hal_pwr.o
 .debug_abbrev  0x00001499      0x287 Drivers/STM32F1xx_HAL_Driver/Src/stm32f1xx_hal_rcc.o
 .debug_abbrev  0x00001720      0x217 Drivers/STM32F1xx_HAL_Driver/Src/stm32f1xx_hal_rcc_ex.o
 .debug_abbrev  0x00001937      0x20c Drivers/STM32F1xx_HAL_Driver/Src/stm32f1xx_hal_rtc.o
 .debug_abbrev  0x00001b43      0x22a Drivers/STM32F1xx_HAL_Driver/Src/stm32f1xx_hal_tim.o
 .debug_abbrev  0x00001d6d      0x21b Drivers/STM32F1xx_HAL_Driver/Src/stm32f1xx_hal_tim_ex.o
 .debug_abbrev  0x00001f88      0x1c6 Drivers/STM32F1xx_HAL_Driver/Src/stm32f1xx_ll_usb.o
 .debug_abbrev  0x0000214e      0x250 Middlewares/ST/STM32_USB_Device_Library/Class/CustomHID/Src/usbd_customhid.o
 .debug_abbrev  0x0000239e      0x1ef Middlewares/ST/STM32_USB_Device_Library/Core/Src/usbd_core.o
 .debug_abbrev  0x0000258d      0x26c Middlewares/ST/STM32_USB_Device_Library/Core/Src/usbd_ctlreq.o
 .debug_abbrev  0x000027f9      0x158 Middlewares/ST/STM32_USB_Device_Library/Core/Src/usbd_ioreq.o
 .debug_abbrev  0x00002951      0x314 Src/main.o
 .debug_abbrev  0x00002c65      0x269 Src/stm32f1xx_hal_msp.o
 .debug_abbrev  0x00002ece      0x1c4 Src/stm32f1xx_it.o
 .debug_abbrev  0x00003092      0x170 Src/usb_device.o
 .debug_abbrev  0x00003202      0x29c Src/usbd_conf.o
 .debug_abbrev  0x0000349e      0x1be Src/usbd_custom_hid_if.o
 .debug_abbrev  0x0000365c      0x167 Src/usbd_desc.o

.debug_aranges  0x00000000     0x11f8
 .debug_aranges
                0x00000000       0x28 Drivers/CMSIS/Device/ST/STM32F1xx/Source/Templates/gcc/startup_stm32f103xb.o
 .debug_aranges
                0x00000028       0x28 Drivers/CMSIS/Device/ST/STM32F1xx/Source/Templates/system_stm32f1xx.o
 .debug_aranges
                0x00000050       0xb0 Drivers/STM32F1xx_HAL_Driver/Src/stm32f1xx_hal.o
 .debug_aranges
                0x00000100       0xf0 Drivers/STM32F1xx_HAL_Driver/Src/stm32f1xx_hal_adc.o
 .debug_aranges
                0x000001f0       0x80 Drivers/STM32F1xx_HAL_Driver/Src/stm32f1xx_hal_adc_ex.o
 .debug_aranges
                0x00000270       0x90 Drivers/STM32F1xx_HAL_Driver/Src/stm32f1xx_hal_cortex.o
 .debug_aranges
                0x00000300       0x68 Drivers/STM32F1xx_HAL_Driver/Src/stm32f1xx_hal_dma.o
 .debug_aranges
                0x00000368       0x58 Drivers/STM32F1xx_HAL_Driver/Src/stm32f1xx_hal_gpio.o
 .debug_aranges
                0x000003c0      0x120 Drivers/STM32F1xx_HAL_Driver/Src/stm32f1xx_hal_pcd.o
 .debug_aranges
                0x000004e0       0x28 Drivers/STM32F1xx_HAL_Driver/Src/stm32f1xx_hal_pcd_ex.o
 .debug_aranges
                0x00000508       0xa8 Drivers/STM32F1xx_HAL_Driver/Src/stm32f1xx_hal_pwr.o
 .debug_aranges
                0x000005b0       0x88 Drivers/STM32F1xx_HAL_Driver/Src/stm32f1xx_hal_rcc.o
 .debug_aranges
                0x00000638       0x30 Drivers/STM32F1xx_HAL_Driver/Src/stm32f1xx_hal_rcc_ex.o
 .debug_aranges
                0x00000668       0xf8 Drivers/STM32F1xx_HAL_Driver/Src/stm32f1xx_hal_rtc.o
 .debug_aranges
                0x00000760      0x368 Drivers/STM32F1xx_HAL_Driver/Src/stm32f1xx_hal_tim.o
 .debug_aranges
                0x00000ac8      0x138 Drivers/STM32F1xx_HAL_Driver/Src/stm32f1xx_hal_tim_ex.o
 .debug_aranges
                0x00000c00      0x100 Drivers/STM32F1xx_HAL_Driver/Src/stm32f1xx_ll_usb.o
 .debug_aranges
                0x00000d00       0x68 Middlewares/ST/STM32_USB_Device_Library/Class/CustomHID/Src/usbd_customhid.o
 .debug_aranges
                0x00000d68       0xb8 Middlewares/ST/STM32_USB_Device_Library/Core/Src/usbd_core.o
 .debug_aranges
                0x00000e20       0x88 Middlewares/ST/STM32_USB_Device_Library/Core/Src/usbd_ctlreq.o
 .debug_aranges
                0x00000ea8       0x50 Middlewares/ST/STM32_USB_Device_Library/Core/Src/usbd_ioreq.o
 .debug_aranges
                0x00000ef8       0x78 Src/main.o
 .debug_aranges
                0x00000f70       0x58 Src/stm32f1xx_hal_msp.o
 .debug_aranges
                0x00000fc8       0x80 Src/stm32f1xx_it.o
 .debug_aranges
                0x00001048       0x20 Src/usb_device.o
 .debug_aranges
                0x00001068      0x110 Src/usbd_conf.o
 .debug_aranges
                0x00001178       0x30 Src/usbd_custom_hid_if.o
 .debug_aranges
                0x000011a8       0x50 Src/usbd_desc.o

.debug_ranges   0x00000000     0x1040
 .debug_ranges  0x00000000       0x20 Drivers/CMSIS/Device/ST/STM32F1xx/Source/Templates/gcc/startup_stm32f103xb.o
 .debug_ranges  0x00000020       0x18 Drivers/CMSIS/Device/ST/STM32F1xx/Source/Templates/system_stm32f1xx.o
 .debug_ranges  0x00000038       0xa0 Drivers/STM32F1xx_HAL_Driver/Src/stm32f1xx_hal.o
 .debug_ranges  0x000000d8       0xe0 Drivers/STM32F1xx_HAL_Driver/Src/stm32f1xx_hal_adc.o
 .debug_ranges  0x000001b8       0x70 Drivers/STM32F1xx_HAL_Driver/Src/stm32f1xx_hal_adc_ex.o
 .debug_ranges  0x00000228       0x80 Drivers/STM32F1xx_HAL_Driver/Src/stm32f1xx_hal_cortex.o
 .debug_ranges  0x000002a8       0x58 Drivers/STM32F1xx_HAL_Driver/Src/stm32f1xx_hal_dma.o
 .debug_ranges  0x00000300       0x48 Drivers/STM32F1xx_HAL_Driver/Src/stm32f1xx_hal_gpio.o
 .debug_ranges  0x00000348      0x110 Drivers/STM32F1xx_HAL_Driver/Src/stm32f1xx_hal_pcd.o
 .debug_ranges  0x00000458       0x18 Drivers/STM32F1xx_HAL_Driver/Src/stm32f1xx_hal_pcd_ex.o
 .debug_ranges  0x00000470       0x98 Drivers/STM32F1xx_HAL_Driver/Src/stm32f1xx_hal_pwr.o
 .debug_ranges  0x00000508       0x78 Drivers/STM32F1xx_HAL_Driver/Src/stm32f1xx_hal_rcc.o
 .debug_ranges  0x00000580       0x20 Drivers/STM32F1xx_HAL_Driver/Src/stm32f1xx_hal_rcc_ex.o
 .debug_ranges  0x000005a0       0xe8 Drivers/STM32F1xx_HAL_Driver/Src/stm32f1xx_hal_rtc.o
 .debug_ranges  0x00000688      0x358 Drivers/STM32F1xx_HAL_Driver/Src/stm32f1xx_hal_tim.o
 .debug_ranges  0x000009e0      0x128 Drivers/STM32F1xx_HAL_Driver/Src/stm32f1xx_hal_tim_ex.o
 .debug_ranges  0x00000b08       0xf0 Drivers/STM32F1xx_HAL_Driver/Src/stm32f1xx_ll_usb.o
 .debug_ranges  0x00000bf8       0x58 Middlewares/ST/STM32_USB_Device_Library/Class/CustomHID/Src/usbd_customhid.o
 .debug_ranges  0x00000c50       0xa8 Middlewares/ST/STM32_USB_Device_Library/Core/Src/usbd_core.o
 .debug_ranges  0x00000cf8       0x78 Middlewares/ST/STM32_USB_Device_Library/Core/Src/usbd_ctlreq.o
 .debug_ranges  0x00000d70       0x40 Middlewares/ST/STM32_USB_Device_Library/Core/Src/usbd_ioreq.o
 .debug_ranges  0x00000db0       0x68 Src/main.o
 .debug_ranges  0x00000e18       0x48 Src/stm32f1xx_hal_msp.o
 .debug_ranges  0x00000e60       0x70 Src/stm32f1xx_it.o
 .debug_ranges  0x00000ed0       0x10 Src/usb_device.o
 .debug_ranges  0x00000ee0      0x100 Src/usbd_conf.o
 .debug_ranges  0x00000fe0       0x20 Src/usbd_custom_hid_if.o
 .debug_ranges  0x00001000       0x40 Src/usbd_desc.o

.debug_loc      0x00000000     0xbbc6
 .debug_loc     0x00000000       0xdf Drivers/CMSIS/Device/ST/STM32F1xx/Source/Templates/system_stm32f1xx.o
 .debug_loc     0x000000df       0x81 Drivers/STM32F1xx_HAL_Driver/Src/stm32f1xx_hal.o
 .debug_loc     0x00000160      0x9d6 Drivers/STM32F1xx_HAL_Driver/Src/stm32f1xx_hal_adc.o
 .debug_loc     0x00000b36      0x8c6 Drivers/STM32F1xx_HAL_Driver/Src/stm32f1xx_hal_adc_ex.o
 .debug_loc     0x000013fc      0x527 Drivers/STM32F1xx_HAL_Driver/Src/stm32f1xx_hal_cortex.o
 .debug_loc     0x00001923      0x417 Drivers/STM32F1xx_HAL_Driver/Src/stm32f1xx_hal_dma.o
 .debug_loc     0x00001d3a      0x377 Drivers/STM32F1xx_HAL_Driver/Src/stm32f1xx_hal_gpio.o
 .debug_loc     0x000020b1      0x9f2 Drivers/STM32F1xx_HAL_Driver/Src/stm32f1xx_hal_pcd.o
 .debug_loc     0x00002aa3       0xd3 Drivers/STM32F1xx_HAL_Driver/Src/stm32f1xx_hal_pcd_ex.o
 .debug_loc     0x00002b76       0xfe Drivers/STM32F1xx_HAL_Driver/Src/stm32f1xx_hal_pwr.o
 .debug_loc     0x00002c74      0x8e9 Drivers/STM32F1xx_HAL_Driver/Src/stm32f1xx_hal_rcc.o
 .debug_loc     0x0000355d      0x347 Drivers/STM32F1xx_HAL_Driver/Src/stm32f1xx_hal_rcc_ex.o
 .debug_loc     0x000038a4     0x12e5 Drivers/STM32F1xx_HAL_Driver/Src/stm32f1xx_hal_rtc.o
 .debug_loc     0x00004b89     0x32a5 Drivers/STM32F1xx_HAL_Driver/Src/stm32f1xx_hal_tim.o
 .debug_loc     0x00007e2e      0xbdb Drivers/STM32F1xx_HAL_Driver/Src/stm32f1xx_hal_tim_ex.o
 .debug_loc     0x00008a09      0xb8a Drivers/STM32F1xx_HAL_Driver/Src/stm32f1xx_ll_usb.o
 .debug_loc     0x00009593      0x4c7 Middlewares/ST/STM32_USB_Device_Library/Class/CustomHID/Src/usbd_customhid.o
 .debug_loc     0x00009a5a      0x629 Middlewares/ST/STM32_USB_Device_Library/Core/Src/usbd_core.o
 .debug_loc     0x0000a083      0xb1d Middlewares/ST/STM32_USB_Device_Library/Core/Src/usbd_ctlreq.o
 .debug_loc     0x0000aba0      0x23c Middlewares/ST/STM32_USB_Device_Library/Core/Src/usbd_ioreq.o
 .debug_loc     0x0000addc      0x23e Src/main.o
 .debug_loc     0x0000b01a      0x13c Src/stm32f1xx_hal_msp.o
 .debug_loc     0x0000b156      0x6af Src/usbd_conf.o
 .debug_loc     0x0000b805      0x10a Src/usbd_custom_hid_if.o
 .debug_loc     0x0000b90f      0x2b7 Src/usbd_desc.o

.debug_macro    0x00000000    0x1d80d
 .debug_macro   0x00000000      0x31c Drivers/CMSIS/Device/ST/STM32F1xx/Source/Templates/system_stm32f1xx.o
 .debug_macro   0x0000031c      0x880 Drivers/CMSIS/Device/ST/STM32F1xx/Source/Templates/system_stm32f1xx.o
 .debug_macro   0x00000b9c       0x2e Drivers/CMSIS/Device/ST/STM32F1xx/Source/Templates/system_stm32f1xx.o
 .debug_macro   0x00000bca       0x22 Drivers/CMSIS/Device/ST/STM32F1xx/Source/Templates/system_stm32f1xx.o
 .debug_macro   0x00000bec       0x22 Drivers/CMSIS/Device/ST/STM32F1xx/Source/Templates/system_stm32f1xx.o
 .debug_macro   0x00000c0e       0x87 Drivers/CMSIS/Device/ST/STM32F1xx/Source/Templates/system_stm32f1xx.o
 .debug_macro   0x00000c95       0x44 Drivers/CMSIS/Device/ST/STM32F1xx/Source/Templates/system_stm32f1xx.o
 .debug_macro   0x00000cd9       0xfd Drivers/CMSIS/Device/ST/STM32F1xx/Source/Templates/system_stm32f1xx.o
 .debug_macro   0x00000dd6       0x5e Drivers/CMSIS/Device/ST/STM32F1xx/Source/Templates/system_stm32f1xx.o
 .debug_macro   0x00000e34      0x1df Drivers/CMSIS/Device/ST/STM32F1xx/Source/Templates/system_stm32f1xx.o
 .debug_macro   0x00001013       0x34 Drivers/CMSIS/Device/ST/STM32F1xx/Source/Templates/system_stm32f1xx.o
 .debug_macro   0x00001047       0x34 Drivers/CMSIS/Device/ST/STM32F1xx/Source/Templates/system_stm32f1xx.o
 .debug_macro   0x0000107b      0xb8e Drivers/CMSIS/Device/ST/STM32F1xx/Source/Templates/system_stm32f1xx.o
 .debug_macro   0x00001c09     0xf2f7 Drivers/CMSIS/Device/ST/STM32F1xx/Source/Templates/system_stm32f1xx.o
 .debug_macro   0x00010f00       0x43 Drivers/CMSIS/Device/ST/STM32F1xx/Source/Templates/system_stm32f1xx.o
 .debug_macro   0x00010f43       0xd6 Drivers/CMSIS/Device/ST/STM32F1xx/Source/Templates/system_stm32f1xx.o
 .debug_macro   0x00011019      0x173 Drivers/CMSIS/Device/ST/STM32F1xx/Source/Templates/system_stm32f1xx.o
 .debug_macro   0x0001118c     0x3383 Drivers/CMSIS/Device/ST/STM32F1xx/Source/Templates/system_stm32f1xx.o
 .debug_macro   0x0001450f       0x52 Drivers/CMSIS/Device/ST/STM32F1xx/Source/Templates/system_stm32f1xx.o
 .debug_macro   0x00014561       0x35 Drivers/CMSIS/Device/ST/STM32F1xx/Source/Templates/system_stm32f1xx.o
 .debug_macro   0x00014596       0x9c Drivers/CMSIS/Device/ST/STM32F1xx/Source/Templates/system_stm32f1xx.o
 .debug_macro   0x00014632       0x16 Drivers/CMSIS/Device/ST/STM32F1xx/Source/Templates/system_stm32f1xx.o
 .debug_macro   0x00014648       0x97 Drivers/CMSIS/Device/ST/STM32F1xx/Source/Templates/system_stm32f1xx.o
 .debug_macro   0x000146df      0x30d Drivers/CMSIS/Device/ST/STM32F1xx/Source/Templates/system_stm32f1xx.o
 .debug_macro   0x000149ec       0xfd Drivers/CMSIS/Device/ST/STM32F1xx/Source/Templates/system_stm32f1xx.o
 .debug_macro   0x00014ae9       0x10 Drivers/CMSIS/Device/ST/STM32F1xx/Source/Templates/system_stm32f1xx.o
 .debug_macro   0x00014af9       0x52 Drivers/CMSIS/Device/ST/STM32F1xx/Source/Templates/system_stm32f1xx.o
 .debug_macro   0x00014b4b       0x1f Drivers/CMSIS/Device/ST/STM32F1xx/Source/Templates/system_stm32f1xx.o
 .debug_macro   0x00014b6a       0x43 Drivers/CMSIS/Device/ST/STM32F1xx/Source/Templates/system_stm32f1xx.o
 .debug_macro   0x00014bad       0x20 Drivers/CMSIS/Device/ST/STM32F1xx/Source/Templates/system_stm32f1xx.o
 .debug_macro   0x00014bcd      0x187 Drivers/CMSIS/Device/ST/STM32F1xx/Source/Templates/system_stm32f1xx.o
 .debug_macro   0x00014d54       0x10 Drivers/CMSIS/Device/ST/STM32F1xx/Source/Templates/system_stm32f1xx.o
 .debug_macro   0x00014d64       0x1c Drivers/CMSIS/Device/ST/STM32F1xx/Source/Templates/system_stm32f1xx.o
 .debug_macro   0x00014d80       0x52 Drivers/CMSIS/Device/ST/STM32F1xx/Source/Templates/system_stm32f1xx.o
 .debug_macro   0x00014dd2       0x40 Drivers/CMSIS/Device/ST/STM32F1xx/Source/Templates/system_stm32f1xx.o
 .debug_macro   0x00014e12       0x10 Drivers/CMSIS/Device/ST/STM32F1xx/Source/Templates/system_stm32f1xx.o
 .debug_macro   0x00014e22       0x40 Drivers/CMSIS/Device/ST/STM32F1xx/Source/Templates/system_stm32f1xx.o
 .debug_macro   0x00014e62       0xd7 Drivers/CMSIS/Device/ST/STM32F1xx/Source/Templates/system_stm32f1xx.o
 .debug_macro   0x00014f39       0x16 Drivers/CMSIS/Device/ST/STM32F1xx/Source/Templates/system_stm32f1xx.o
 .debug_macro   0x00014f4f      0x189 Drivers/CMSIS/Device/ST/STM32F1xx/Source/Templates/system_stm32f1xx.o
 .debug_macro   0x000150d8       0x50 Drivers/CMSIS/Device/ST/STM32F1xx/Source/Templates/system_stm32f1xx.o
 .debug_macro   0x00015128      0x778 Drivers/CMSIS/Device/ST/STM32F1xx/Source/Templates/system_stm32f1xx.o
 .debug_macro   0x000158a0      0x28b Drivers/CMSIS/Device/ST/STM32F1xx/Source/Templates/system_stm32f1xx.o
 .debug_macro   0x00015b2b      0x141 Drivers/CMSIS/Device/ST/STM32F1xx/Source/Templates/system_stm32f1xx.o
 .debug_macro   0x00015c6c      0x197 Drivers/CMSIS/Device/ST/STM32F1xx/Source/Templates/system_stm32f1xx.o
 .debug_macro   0x00015e03      0x1ae Drivers/CMSIS/Device/ST/STM32F1xx/Source/Templates/system_stm32f1xx.o
 .debug_macro   0x00015fb1       0x2d Drivers/CMSIS/Device/ST/STM32F1xx/Source/Templates/system_stm32f1xx.o
 .debug_macro   0x00015fde       0x3c Drivers/CMSIS/Device/ST/STM32F1xx/Source/Templates/system_stm32f1xx.o
 .debug_macro   0x0001601a       0x57 Drivers/CMSIS/Device/ST/STM32F1xx/Source/Templates/system_stm32f1xx.o
 .debug_macro   0x00016071      0x46a Drivers/CMSIS/Device/ST/STM32F1xx/Source/Templates/system_stm32f1xx.o
 .debug_macro   0x000164db      0x1b5 Drivers/CMSIS/Device/ST/STM32F1xx/Source/Templates/system_stm32f1xx.o
 .debug_macro   0x00016690       0x8c Drivers/CMSIS/Device/ST/STM32F1xx/Source/Templates/system_stm32f1xx.o
 .debug_macro   0x0001671c      0x242 Drivers/CMSIS/Device/ST/STM32F1xx/Source/Templates/system_stm32f1xx.o
 .debug_macro   0x0001695e      0x143 Drivers/CMSIS/Device/ST/STM32F1xx/Source/Templates/system_stm32f1xx.o
 .debug_macro   0x00016aa1      0x1ef Drivers/CMSIS/Device/ST/STM32F1xx/Source/Templates/system_stm32f1xx.o
 .debug_macro   0x00016c90       0xf2 Drivers/CMSIS/Device/ST/STM32F1xx/Source/Templates/system_stm32f1xx.o
 .debug_macro   0x00016d82      0x83e Drivers/CMSIS/Device/ST/STM32F1xx/Source/Templates/system_stm32f1xx.o
 .debug_macro   0x000175c0       0x11 Drivers/CMSIS/Device/ST/STM32F1xx/Source/Templates/system_stm32f1xx.o
 .debug_macro   0x000175d1       0x50 Drivers/CMSIS/Device/ST/STM32F1xx/Source/Templates/system_stm32f1xx.o
 .debug_macro   0x00017621      0x26c Drivers/CMSIS/Device/ST/STM32F1xx/Source/Templates/system_stm32f1xx.o
 .debug_macro   0x0001788d       0x7c Drivers/CMSIS/Device/ST/STM32F1xx/Source/Templates/system_stm32f1xx.o
 .debug_macro   0x00017909      0x33a Drivers/STM32F1xx_HAL_Driver/Src/stm32f1xx_hal.o
 .debug_macro   0x00017c43      0x333 Drivers/STM32F1xx_HAL_Driver/Src/stm32f1xx_hal_adc.o
 .debug_macro   0x00017f76      0x328 Drivers/STM32F1xx_HAL_Driver/Src/stm32f1xx_hal_adc_ex.o
 .debug_macro   0x0001829e      0x316 Drivers/STM32F1xx_HAL_Driver/Src/stm32f1xx_hal_cortex.o
 .debug_macro   0x000185b4      0x31c Drivers/STM32F1xx_HAL_Driver/Src/stm32f1xx_hal_dma.o
 .debug_macro   0x000188d0      0x386 Drivers/STM32F1xx_HAL_Driver/Src/stm32f1xx_hal_gpio.o
 .debug_macro   0x00018c56      0x322 Drivers/STM32F1xx_HAL_Driver/Src/stm32f1xx_hal_pcd.o
 .debug_macro   0x00018f78      0x316 Drivers/STM32F1xx_HAL_Driver/Src/stm32f1xx_hal_pcd_ex.o
 .debug_macro   0x0001928e      0x376 Drivers/STM32F1xx_HAL_Driver/Src/stm32f1xx_hal_pwr.o
 .debug_macro   0x00019604      0x33a Drivers/STM32F1xx_HAL_Driver/Src/stm32f1xx_hal_rcc.o
 .debug_macro   0x0001993e      0x316 Drivers/STM32F1xx_HAL_Driver/Src/stm32f1xx_hal_rcc_ex.o
 .debug_macro   0x00019c54      0x325 Drivers/STM32F1xx_HAL_Driver/Src/stm32f1xx_hal_rtc.o
 .debug_macro   0x00019f79      0x317 Drivers/STM32F1xx_HAL_Driver/Src/stm32f1xx_hal_tim.o
 .debug_macro   0x0001a290      0x316 Drivers/STM32F1xx_HAL_Driver/Src/stm32f1xx_hal_tim_ex.o
 .debug_macro   0x0001a5a6      0x316 Drivers/STM32F1xx_HAL_Driver/Src/stm32f1xx_ll_usb.o
 .debug_macro   0x0001a8bc      0x3c2 Middlewares/ST/STM32_USB_Device_Library/Class/CustomHID/Src/usbd_customhid.o
 .debug_macro   0x0001ac7e       0x4c Middlewares/ST/STM32_USB_Device_Library/Class/CustomHID/Src/usbd_customhid.o
 .debug_macro   0x0001acca       0x8d Middlewares/ST/STM32_USB_Device_Library/Class/CustomHID/Src/usbd_customhid.o
 .debug_macro   0x0001ad57       0x4a Middlewares/ST/STM32_USB_Device_Library/Class/CustomHID/Src/usbd_customhid.o
 .debug_macro   0x0001ada1       0x16 Middlewares/ST/STM32_USB_Device_Library/Class/CustomHID/Src/usbd_customhid.o
 .debug_macro   0x0001adb7       0x35 Middlewares/ST/STM32_USB_Device_Library/Class/CustomHID/Src/usbd_customhid.o
 .debug_macro   0x0001adec       0x16 Middlewares/ST/STM32_USB_Device_Library/Class/CustomHID/Src/usbd_customhid.o
 .debug_macro   0x0001ae02       0x29 Middlewares/ST/STM32_USB_Device_Library/Class/CustomHID/Src/usbd_customhid.o
 .debug_macro   0x0001ae2b       0x16 Middlewares/ST/STM32_USB_Device_Library/Class/CustomHID/Src/usbd_customhid.o
 .debug_macro   0x0001ae41       0x6a Middlewares/ST/STM32_USB_Device_Library/Class/CustomHID/Src/usbd_customhid.o
 .debug_macro   0x0001aeab      0x1c3 Middlewares/ST/STM32_USB_Device_Library/Class/CustomHID/Src/usbd_customhid.o
 .debug_macro   0x0001b06e       0x5e Middlewares/ST/STM32_USB_Device_Library/Class/CustomHID/Src/usbd_customhid.o
 .debug_macro   0x0001b0cc      0x3a9 Middlewares/ST/STM32_USB_Device_Library/Core/Src/usbd_core.o
 .debug_macro   0x0001b475      0x3a9 Middlewares/ST/STM32_USB_Device_Library/Core/Src/usbd_ctlreq.o
 .debug_macro   0x0001b81e      0x3a5 Middlewares/ST/STM32_USB_Device_Library/Core/Src/usbd_ioreq.o
 .debug_macro   0x0001bbc3      0x403 Src/main.o
 .debug_macro   0x0001bfc6       0x9a Src/main.o
 .debug_macro   0x0001c060       0x2e Src/main.o
 .debug_macro   0x0001c08e      0x1e1 Src/main.o
 .debug_macro   0x0001c26f      0x316 Src/stm32f1xx_hal_msp.o
 .debug_macro   0x0001c585      0x320 Src/stm32f1xx_it.o
 .debug_macro   0x0001c8a5      0x3e0 Src/usb_device.o
 .debug_macro   0x0001cc85      0x3c2 Src/usbd_conf.o
 .debug_macro   0x0001d047      0x3e3 Src/usbd_custom_hid_if.o
 .debug_macro   0x0001d42a      0x3e3 Src/usbd_desc.o

.debug_str      0x00000000    0x97cda
 .debug_str     0x00000000    0x91172 Drivers/CMSIS/Device/ST/STM32F1xx/Source/Templates/system_stm32f1xx.o
                              0x9150a (size before relaxing)
 .debug_str     0x00091172      0x59c Drivers/STM32F1xx_HAL_Driver/Src/stm32f1xx_hal.o
                              0x91ac7 (size before relaxing)
 .debug_str     0x0009170e      0x682 Drivers/STM32F1xx_HAL_Driver/Src/stm32f1xx_hal_adc.o
                              0x91b59 (size before relaxing)
 .debug_str     0x00091d90      0x2f0 Drivers/STM32F1xx_HAL_Driver/Src/stm32f1xx_hal_adc_ex.o
                              0x91af3 (size before relaxing)
 .debug_str     0x00092080      0x267 Drivers/STM32F1xx_HAL_Driver/Src/stm32f1xx_hal_cortex.o
                              0x91ac5 (size before relaxing)
 .debug_str     0x000922e7      0x155 Drivers/STM32F1xx_HAL_Driver/Src/stm32f1xx_hal_dma.o
                              0x91733 (size before relaxing)
 .debug_str     0x0009243c      0x44e Drivers/STM32F1xx_HAL_Driver/Src/stm32f1xx_hal_gpio.o
                              0x918aa (size before relaxing)
 .debug_str     0x0009288a      0x7a9 Drivers/STM32F1xx_HAL_Driver/Src/stm32f1xx_hal_pcd.o
                              0x91c8a (size before relaxing)
 .debug_str     0x00093033       0x57 Drivers/STM32F1xx_HAL_Driver/Src/stm32f1xx_hal_pcd_ex.o
                              0x91757 (size before relaxing)
 .debug_str     0x0009308a      0x552 Drivers/STM32F1xx_HAL_Driver/Src/stm32f1xx_hal_pwr.o
                              0x919f7 (size before relaxing)
 .debug_str     0x000935dc      0x3aa Drivers/STM32F1xx_HAL_Driver/Src/stm32f1xx_hal_rcc.o
                              0x91915 (size before relaxing)
 .debug_str     0x00093986      0x110 Drivers/STM32F1xx_HAL_Driver/Src/stm32f1xx_hal_rcc_ex.o
                              0x915e8 (size before relaxing)
 .debug_str     0x00093a96      0x4a8 Drivers/STM32F1xx_HAL_Driver/Src/stm32f1xx_hal_rtc.o
                              0x91982 (size before relaxing)
 .debug_str     0x00093f3e      0xe84 Drivers/STM32F1xx_HAL_Driver/Src/stm32f1xx_hal_tim.o