Archive member included to satisfy reference by file (symbol)

/home/dabit/Ac6/SystemWorkbench/plugins/fr.ac6.mcu.externaltools.arm-none.linux64_1.12.0.201611241417/tools/compiler/arm-none-eabi/lib/thumb/libc_nano.a(lib_a-exit.o)
                              /home/dabit/Ac6/SystemWorkbench/plugins/fr.ac6.mcu.externaltools.arm-none.linux64_1.12.0.201611241417/tools/compiler/bin/../lib/gcc/arm-none-eabi/5.4.1/../../../../arm-none-eabi/lib/armv7-m/crt0.o (exit)
/home/dabit/Ac6/SystemWorkbench/plugins/fr.ac6.mcu.externaltools.arm-none.linux64_1.12.0.201611241417/tools/compiler/arm-none-eabi/lib/thumb/libc_nano.a(lib_a-impure.o)
                              /home/dabit/Ac6/SystemWorkbench/plugins/fr.ac6.mcu.externaltools.arm-none.linux64_1.12.0.201611241417/tools/compiler/arm-none-eabi/lib/thumb/libc_nano.a(lib_a-exit.o) (_global_impure_ptr)
/home/dabit/Ac6/SystemWorkbench/plugins/fr.ac6.mcu.externaltools.arm-none.linux64_1.12.0.201611241417/tools/compiler/arm-none-eabi/lib/thumb/libc_nano.a(lib_a-init.o)
                              /home/dabit/Ac6/SystemWorkbench/plugins/fr.ac6.mcu.externaltools.arm-none.linux64_1.12.0.201611241417/tools/compiler/bin/../lib/gcc/arm-none-eabi/5.4.1/../../../../arm-none-eabi/lib/armv7-m/crt0.o (__libc_init_array)
/home/dabit/Ac6/SystemWorkbench/plugins/fr.ac6.mcu.externaltools.arm-none.linux64_1.12.0.201611241417/tools/compiler/arm-none-eabi/lib/thumb/libc_nano.a(lib_a-memset.o)
                              /home/dabit/Ac6/SystemWorkbench/plugins/fr.ac6.mcu.externaltools.arm-none.linux64_1.12.0.201611241417/tools/compiler/bin/../lib/gcc/arm-none-eabi/5.4.1/../../../../arm-none-eabi/lib/armv7-m/crt0.o (memset)
/home/dabit/Ac6/SystemWorkbench/plugins/fr.ac6.mcu.externaltools.arm-none.linux64_1.12.0.201611241417/tools/compiler/arm-none-eabi/lib/thumb/libm.a(lib_a-w_log.o)
                              Src/main.o (log)
/home/dabit/Ac6/SystemWorkbench/plugins/fr.ac6.mcu.externaltools.arm-none.linux64_1.12.0.201611241417/tools/compiler/arm-none-eabi/lib/thumb/libm.a(lib_a-e_log.o)
                              /home/dabit/Ac6/SystemWorkbench/plugins/fr.ac6.mcu.externaltools.arm-none.linux64_1.12.0.201611241417/tools/compiler/arm-none-eabi/lib/thumb/libm.a(lib_a-w_log.o) (__ieee754_log)
/home/dabit/Ac6/SystemWorkbench/plugins/fr.ac6.mcu.externaltools.arm-none.linux64_1.12.0.201611241417/tools/compiler/arm-none-eabi/lib/thumb/libm.a(lib_a-s_lib_ver.o)
                              /home/dabit/Ac6/SystemWorkbench/plugins/fr.ac6.mcu.externaltools.arm-none.linux64_1.12.0.201611241417/tools/compiler/arm-none-eabi/lib/thumb/libm.a(lib_a-w_log.o) (__fdlib_version)
/home/dabit/Ac6/SystemWorkbench/plugins/fr.ac6.mcu.externaltools.arm-none.linux64_1.12.0.201611241417/tools/compiler/arm-none-eabi/lib/thumb/libm.a(lib_a-s_matherr.o)
                              /home/dabit/Ac6/SystemWorkbench/plugins/fr.ac6.mcu.externaltools.arm-none.linux64_1.12.0.201611241417/tools/compiler/arm-none-eabi/lib/thumb/libm.a(lib_a-w_log.o) (matherr)
/home/dabit/Ac6/SystemWorkbench/plugins/fr.ac6.mcu.externaltools.arm-none.linux64_1.12.0.201611241417/tools/compiler/arm-none-eabi/lib/thumb/libm.a(lib_a-s_nan.o)
                              /home/dabit/Ac6/SystemWorkbench/plugins/fr.ac6.mcu.externaltools.arm-none.linux64_1.12.0.201611241417/tools/compiler/arm-none-eabi/lib/thumb/libm.a(lib_a-w_log.o) (nan)
/home/dabit/Ac6/SystemWorkbench/plugins/fr.ac6.mcu.externaltools.arm-none.linux64_1.12.0.201611241417/tools/compiler/bin/../lib/gcc/arm-none-eabi/5.4.1/armv7-m/libgcc.a(_arm_addsubdf3.o)
                              /home/dabit/Ac6/SystemWorkbench/plugins/fr.ac6.mcu.externaltools.arm-none.linux64_1.12.0.201611241417/tools/compiler/arm-none-eabi/lib/thumb/libm.a(lib_a-e_log.o) (__aeabi_dsub)
/home/dabit/Ac6/SystemWorkbench/plugins/fr.ac6.mcu.externaltools.arm-none.linux64_1.12.0.201611241417/tools/compiler/bin/../lib/gcc/arm-none-eabi/5.4.1/armv7-m/libgcc.a(_arm_muldivdf3.o)
                              /home/dabit/Ac6/SystemWorkbench/plugins/fr.ac6.mcu.externaltools.arm-none.linux64_1.12.0.201611241417/tools/compiler/arm-none-eabi/lib/thumb/libm.a(lib_a-e_log.o) (__aeabi_dmul)
/home/dabit/Ac6/SystemWorkbench/plugins/fr.ac6.mcu.externaltools.arm-none.linux64_1.12.0.201611241417/tools/compiler/bin/../lib/gcc/arm-none-eabi/5.4.1/armv7-m/libgcc.a(_arm_cmpdf2.o)
                              /home/dabit/Ac6/SystemWorkbench/plugins/fr.ac6.mcu.externaltools.arm-none.linux64_1.12.0.201611241417/tools/compiler/arm-none-eabi/lib/thumb/libm.a(lib_a-w_log.o) (__aeabi_dcmpeq)
/home/dabit/Ac6/SystemWorkbench/plugins/fr.ac6.mcu.externaltools.arm-none.linux64_1.12.0.201611241417/tools/compiler/bin/../lib/gcc/arm-none-eabi/5.4.1/armv7-m/libgcc.a(_arm_unorddf2.o)
                              /home/dabit/Ac6/SystemWorkbench/plugins/fr.ac6.mcu.externaltools.arm-none.linux64_1.12.0.201611241417/tools/compiler/arm-none-eabi/lib/thumb/libm.a(lib_a-w_log.o) (__aeabi_dcmpun)
[...]
Memory Configuration

Name             Origin             Length             Attributes
FLASH            0x08000000         0x00010000         xr
RAM              0x20000000         0x00005000         xrw
*default*        0x00000000         0xffffffff

Linker script and memory map

LOAD /home/dabit/Ac6/SystemWorkbench/plugins/fr.ac6.mcu.externaltools.arm-none.linux64_1.12.0.201611241417/tools/compiler/bin/../lib/gcc/arm-none-eabi/5.4.1/armv7-m/crti.o
LOAD /home/dabit/Ac6/SystemWorkbench/plugins/fr.ac6.mcu.externaltools.arm-none.linux64_1.12.0.201611241417/tools/compiler/bin/../lib/gcc/arm-none-eabi/5.4.1/armv7-m/crtbegin.o
LOAD /home/dabit/Ac6/SystemWorkbench/plugins/fr.ac6.mcu.externaltools.arm-none.linux64_1.12.0.201611241417/tools/compiler/bin/../lib/gcc/arm-none-eabi/5.4.1/../../../../arm-none-eabi/lib/armv7-m/crt0.o
LOAD /home/dabit/Ac6/SystemWorkbench/plugins/fr.ac6.mcu.externaltools.arm-none.linux64_1.12.0.201611241417/tools/compiler/arm-none-eabi/lib/thumb/libm.a
LOAD Drivers/CMSIS/Device/ST/STM32F1xx/Source/Templates/gcc/startup_stm32f103xb.o
LOAD Drivers/CMSIS/Device/ST/STM32F1xx/Source/Templates/system_stm32f1xx.o
LOAD Drivers/STM32F1xx_HAL_Driver/Src/stm32f1xx_hal.o
LOAD Drivers/STM32F1xx_HAL_Driver/Src/stm32f1xx_hal_adc.o
LOAD Drivers/STM32F1xx_HAL_Driver/Src/stm32f1xx_hal_adc_ex.o
LOAD Drivers/STM32F1xx_HAL_Driver/Src/stm32f1xx_hal_cortex.o
LOAD Drivers/STM32F1xx_HAL_Driver/Src/stm32f1xx_hal_dma.o
LOAD Drivers/STM32F1xx_HAL_Driver/Src/stm32f1xx_hal_flash.o
LOAD Drivers/STM32F1xx_HAL_Driver/Src/stm32f1xx_hal_flash_ex.o
LOAD Drivers/STM32F1xx_HAL_Driver/Src/stm32f1xx_hal_gpio.o
LOAD Drivers/STM32F1xx_HAL_Driver/Src/stm32f1xx_hal_gpio_ex.o
LOAD Drivers/STM32F1xx_HAL_Driver/Src/stm32f1xx_hal_pcd.o
LOAD Drivers/STM32F1xx_HAL_Driver/Src/stm32f1xx_hal_pcd_ex.o
LOAD Drivers/STM32F1xx_HAL_Driver/Src/stm32f1xx_hal_pwr.o
LOAD Drivers/STM32F1xx_HAL_Driver/Src/stm32f1xx_hal_rcc.o
LOAD Drivers/STM32F1xx_HAL_Driver/Src/stm32f1xx_hal_rcc_ex.o
LOAD Drivers/STM32F1xx_HAL_Driver/Src/stm32f1xx_hal_rtc.o
LOAD Drivers/STM32F1xx_HAL_Driver/Src/stm32f1xx_hal_rtc_ex.o
LOAD Drivers/STM32F1xx_HAL_Driver/Src/stm32f1xx_hal_spi.o
LOAD Drivers/STM32F1xx_HAL_Driver/Src/stm32f1xx_hal_spi_ex.o
LOAD Drivers/STM32F1xx_HAL_Driver/Src/stm32f1xx_hal_tim.o
LOAD Drivers/STM32F1xx_HAL_Driver/Src/stm32f1xx_hal_tim_ex.o
LOAD Drivers/STM32F1xx_HAL_Driver/Src/stm32f1xx_ll_usb.o
LOAD Middlewares/ST/STM32_USB_Device_Library/Class/CustomHID/Src/usbd_customhid.o
LOAD Middlewares/ST/STM32_USB_Device_Library/Core/Src/usbd_core.o
LOAD Middlewares/ST/STM32_USB_Device_Library/Core/Src/usbd_ctlreq.o
LOAD Middlewares/ST/STM32_USB_Device_Library/Core/Src/usbd_ioreq.o
LOAD Src/main.o
LOAD Src/stm32f1xx_hal_msp.o
LOAD Src/stm32f1xx_it.o
LOAD Src/usb_device.o
LOAD Src/usbd_conf.o
LOAD Src/usbd_custom_hid_if.o
LOAD Src/usbd_desc.o
LOAD /home/dabit/Ac6/SystemWorkbench/plugins/fr.ac6.mcu.externaltools.arm-none.linux64_1.12.0.201611241417/tools/compiler/arm-none-eabi/lib/thumb/libc_nano.a
LOAD /home/dabit/Ac6/SystemWorkbench/plugins/fr.ac6.mcu.externaltools.arm-none.linux64_1.12.0.201611241417/tools/compiler/arm-none-eabi/lib/thumb/libm.a
START GROUP
LOAD /home/dabit/Ac6/SystemWorkbench/plugins/fr.ac6.mcu.externaltools.arm-none.linux64_1.12.0.201611241417/tools/compiler/bin/../lib/gcc/arm-none-eabi/5.4.1/armv7-m/libgcc.a
LOAD /home/dabit/Ac6/SystemWorkbench/plugins/fr.ac6.mcu.externaltools.arm-none.linux64_1.12.0.201611241417/tools/compiler/arm-none-eabi/lib/thumb/libc_nano.a
END GROUP
START GROUP
LOAD /home/dabit/Ac6/SystemWorkbench/plugins/fr.ac6.mcu.externaltools.arm-none.linux64_1.12.0.201611241417/tools/compiler/bin/../lib/gcc/arm-none-eabi/5.4.1/armv7-m/libgcc.a
LOAD /home/dabit/Ac6/SystemWorkbench/plugins/fr.ac6.mcu.externaltools.arm-none.linux64_1.12.0.201611241417/tools/compiler/arm-none-eabi/lib/thumb/libc_nano.a
LOAD /home/dabit/Ac6/SystemWorkbench/plugins/fr.ac6.mcu.externaltools.arm-none.linux64_1.12.0.201611241417/tools/compiler/arm-none-eabi/lib/thumb/libnosys.a
END GROUP
START GROUP
LOAD /home/dabit/Ac6/SystemWorkbench/plugins/fr.ac6.mcu.externaltools.arm-none.linux64_1.12.0.201611241417/tools/compiler/bin/../lib/gcc/arm-none-eabi/5.4.1/armv7-m/libgcc.a
LOAD /home/dabit/Ac6/SystemWorkbench/plugins/fr.ac6.mcu.externaltools.arm-none.linux64_1.12.0.201611241417/tools/compiler/arm-none-eabi/lib/thumb/libc_nano.a
LOAD /home/dabit/Ac6/SystemWorkbench/plugins/fr.ac6.mcu.externaltools.arm-none.linux64_1.12.0.201611241417/tools/compiler/arm-none-eabi/lib/thumb/libnosys.a
END GROUP
LOAD /home/dabit/Ac6/SystemWorkbench/plugins/fr.ac6.mcu.externaltools.arm-none.linux64_1.12.0.201611241417/tools/compiler/bin/../lib/gcc/arm-none-eabi/5.4.1/armv7-m/crtend.o
LOAD /home/dabit/Ac6/SystemWorkbench/plugins/fr.ac6.mcu.externaltools.arm-none.linux64_1.12.0.201611241417/tools/compiler/bin/../lib/gcc/arm-none-eabi/5.4.1/armv7-m/crtn.o
                0x20005000                _estack = 0x20005000
                0x00000400                _Min_Heap_Size = 0x400
                0x00000400                _Min_Stack_Size = 0x400

.isr_vector     0x08000000      0x10c
                0x08000000                . = ALIGN (0x4)
 *(.isr_vector)
 .isr_vector    0x08000000      0x10c Drivers/CMSIS/Device/ST/STM32F1xx/Source/Templates/gcc/startup_stm32f103xb.o
                0x08000000                g_pfnVectors
                0x0800010c                . = ALIGN (0x4)

.text           0x0800010c     0x64b0
                0x0800010c                . = ALIGN (0x4)
 *(.text)
 .text          0x0800010c       0x5c /home/dabit/Ac6/SystemWorkbench/plugins/fr.ac6.mcu.externaltools.arm-none.linux64_1.12.0.201611241417/tools/compiler/bin/../lib/gcc/arm-none-eabi/5.4.1/armv7-m/crtbegin.o
 .text          0x08000168      0x370 /home/dabit/Ac6/SystemWorkbench/plugins/fr.ac6.mcu.externaltools.arm-none.linux64_1.12.0.201611241417/tools/compiler/bin/../lib/gcc/arm-none-eabi/5.4.1/armv7-m/libgcc.a(_arm_addsubdf3.o)
                0x08000168                __aeabi_drsub
                0x08000170                __aeabi_dsub
                0x08000170                __subdf3
                0x08000174                __adddf3
                0x08000174                __aeabi_dadd
                0x080003ec                __aeabi_ui2d
                0x080003ec                __floatunsidf
                0x0800040c                __floatsidf
                0x0800040c                __aeabi_i2d
                0x08000430                __extendsfdf2
                0x08000430                __aeabi_f2d
                0x0800046c                __aeabi_ul2d
                0x0800046c                __floatundidf
                0x0800047c                __floatdidf
                0x0800047c                __aeabi_l2d
 .text          0x080004d8      0x424 /home/dabit/Ac6/SystemWorkbench/plugins/fr.ac6.mcu.externaltools.arm-none.linux64_1.12.0.201611241417/tools/compiler/bin/../lib/gcc/arm-none-eabi/5.4.1/armv7-m/libgcc.a(_arm_muldivdf3.o)
                0x080004d8                __aeabi_dmul
                0x080004d8                __muldf3
                0x0800072c                __aeabi_ddiv
                0x0800072c                __divdf3
 .text          0x080008fc      0x110 /home/dabit/Ac6/SystemWorkbench/plugins/fr.ac6.mcu.externaltools.arm-none.linux64_1.12.0.201611241417/tools/compiler/bin/../lib/gcc/arm-none-eabi/5.4.1/armv7-m/libgcc.a(_arm_cmpdf2.o)
                0x080008fc                __gtdf2
                0x080008fc                __gedf2
                0x08000904                __ltdf2
                0x08000904                __ledf2
                0x0800090c                __cmpdf2
                0x0800090c                __eqdf2
                0x0800090c                __nedf2
                0x08000988                __aeabi_cdrcmple
                0x08000998                __aeabi_cdcmple
                0x08000998                __aeabi_cdcmpeq
                0x080009a8                __aeabi_dcmpeq
                0x080009bc                __aeabi_dcmplt
                0x080009d0                __aeabi_dcmple
                0x080009e4                __aeabi_dcmpge
                0x080009f8                __aeabi_dcmpgt
 .text          0x08000a0c       0x2c /home/dabit/Ac6/SystemWorkbench/plugins/fr.ac6.mcu.externaltools.arm-none.linux64_1.12.0.201611241417/tools/compiler/bin/../lib/gcc/arm-none-eabi/5.4.1/armv7-m/libgcc.a(_arm_unorddf2.o)
                0x08000a0c                __aeabi_dcmpun
                0x08000a0c                __unorddf2
 .text          0x08000a38       0xa0 /home/dabit/Ac6/SystemWorkbench/plugins/fr.ac6.mcu.externaltools.arm-none.linux64_1.12.0.201611241417/tools/compiler/bin/../lib/gcc/arm-none-eabi/5.4.1/armv7-m/libgcc.a(_arm_truncdfsf2.o)
                0x08000a38                __aeabi_d2f
                0x08000a38                __truncdfsf2
 .text          0x08000ad8      0x21c /home/dabit/Ac6/SystemWorkbench/plugins/fr.ac6.mcu.externaltools.arm-none.linux64_1.12.0.201611241417/tools/compiler/bin/../lib/gcc/arm-none-eabi/5.4.1/armv7-m/libgcc.a(_arm_addsubsf3.o)
                0x08000ad8                __aeabi_frsub
                0x08000ae0                __subsf3
                0x08000ae0                __aeabi_fsub
                0x08000ae4                __aeabi_fadd
                0x08000ae4                __addsf3
                0x08000c44                __aeabi_ui2f
                0x08000c44                __floatunsisf
                0x08000c4c                __aeabi_i2f
                0x08000c4c                __floatsisf
                0x08000c68                __floatundisf
                0x08000c68                __aeabi_ul2f
                0x08000c78                __floatdisf
                0x08000c78                __aeabi_l2f
 .text          0x08000cf4      0x2a0 /home/dabit/Ac6/SystemWorkbench/plugins/fr.ac6.mcu.externaltools.arm-none.linux64_1.12.0.201611241417/tools/compiler/bin/../lib/gcc/arm-none-eabi/5.4.1/armv7-m/libgcc.a(_arm_muldivsf3.o)
                0x08000cf4                __mulsf3
                0x08000cf4                __aeabi_fmul
                0x08000e5c                __divsf3
                0x08000e5c                __aeabi_fdiv
 .text          0x08000f94       0xec /home/dabit/Ac6/SystemWorkbench/plugins/fr.ac6.mcu.externaltools.arm-none.linux64_1.12.0.201611241417/tools/compiler/bin/../lib/gcc/arm-none-eabi/5.4.1/armv7-m/libgcc.a(_arm_cmpsf2.o)
                0x08000f94                __gtsf2
                0x08000f94                __gesf2
                0x08000f9c                __lesf2
                0x08000f9c                __ltsf2
                0x08000fa4                __nesf2
                0x08000fa4                __eqsf2
                0x08000fa4                __cmpsf2
                0x08001004                __aeabi_cfrcmple
                0x0800100c                __aeabi_cfcmple
                0x0800100c                __aeabi_cfcmpeq
                0x0800101c                __aeabi_fcmpeq
                0x08001030                __aeabi_fcmplt
                0x08001044                __aeabi_fcmple
                0x08001058                __aeabi_fcmpge
                0x0800106c                __aeabi_fcmpgt
 .text          0x08001080       0x40 /home/dabit/Ac6/SystemWorkbench/plugins/fr.ac6.mcu.externaltools.arm-none.linux64_1.12.0.201611241417/tools/compiler/bin/../lib/gcc/arm-none-eabi/5.4.1/armv7-m/libgcc.a(_arm_fixunssfsi.o)
                0x08001080                __aeabi_f2uiz
                0x08001080                __fixunssfsi
 *(.text*)
 .text.Reset_Handler
                0x080010c0       0x48 Drivers/CMSIS/Device/ST/STM32F1xx/Source/Templates/gcc/startup_stm32f103xb.o
                0x080010c0                Reset_Handler
 .text.Default_Handler
                0x08001108        0x2 Drivers/CMSIS/Device/ST/STM32F1xx/Source/Templates/gcc/startup_stm32f103xb.o
                0x08001108                RTC_Alarm_IRQHandler
                0x08001108                EXTI2_IRQHandler
                0x08001108                TIM1_CC_IRQHandler
                0x08001108                PVD_IRQHandler
                0x08001108                EXTI3_IRQHandler
                0x08001108                EXTI0_IRQHandler
                0x08001108                I2C2_EV_IRQHandler
                0x08001108                SPI1_IRQHandler
                0x08001108                TAMPER_IRQHandler
                0x08001108                DMA1_Channel4_IRQHandler
                0x08001108                USART3_IRQHandler
                0x08001108                RTC_IRQHandler
                0x08001108                DMA1_Channel7_IRQHandler
                0x08001108                CAN1_RX1_IRQHandler
                0x08001108                TIM4_IRQHandler
                0x08001108                I2C1_EV_IRQHandler
                0x08001108                DMA1_Channel6_IRQHandler
                0x08001108                TIM3_IRQHandler
                0x08001108                RCC_IRQHandler
                0x08001108                TIM1_TRG_COM_IRQHandler
                0x08001108                Default_Handler
                0x08001108                EXTI15_10_IRQHandler
                0x08001108                EXTI9_5_IRQHandler
                0x08001108                SPI2_IRQHandler
                0x08001108                DMA1_Channel5_IRQHandler
                0x08001108                EXTI4_IRQHandler
                0x08001108                USB_HP_CAN1_TX_IRQHandler
                0x08001108                DMA1_Channel3_IRQHandler
                0x08001108                TIM1_UP_IRQHandler
                0x08001108                WWDG_IRQHandler
                0x08001108                TIM1_BRK_IRQHandler
                0x08001108                EXTI1_IRQHandler
                0x08001108                USART2_IRQHandler
                0x08001108                I2C2_ER_IRQHandler
                0x08001108                DMA1_Channel2_IRQHandler
                0x08001108                CAN1_SCE_IRQHandler
                0x08001108                FLASH_IRQHandler
                0x08001108                USART1_IRQHandler
                0x08001108                I2C1_ER_IRQHandler
                0x08001108                USBWakeUp_IRQHandler
 *fill*         0x0800110a        0x2 
 .text.SystemInit
                0x0800110c       0x50 Drivers/CMSIS/Device/ST/STM32F1xx/Source/Templates/system_stm32f1xx.o
                0x0800110c                SystemInit
 .text.HAL_InitTick
                0x0800115c       0x28 Drivers/STM32F1xx_HAL_Driver/Src/stm32f1xx_hal.o
                0x0800115c                HAL_InitTick
 .text.HAL_Init
                0x08001184       0x24 Drivers/STM32F1xx_HAL_Driver/Src/stm32f1xx_hal.o
                0x08001184                HAL_Init
 .text.HAL_IncTick
                0x080011a8       0x10 Drivers/STM32F1xx_HAL_Driver/Src/stm32f1xx_hal.o
                0x080011a8                HAL_IncTick
 .text.HAL_GetTick
                0x080011b8        0xc Drivers/STM32F1xx_HAL_Driver/Src/stm32f1xx_hal.o
                0x080011b8                HAL_GetTick
 .text.HAL_Delay
                0x080011c4       0x1c Drivers/STM32F1xx_HAL_Driver/Src/stm32f1xx_hal.o
                0x080011c4                HAL_Delay
 .text.ADC_DMAConvCplt
                0x080011e0       0x50 Drivers/STM32F1xx_HAL_Driver/Src/stm32f1xx_hal_adc.o
                0x080011e0                ADC_DMAConvCplt
 .text.HAL_ADC_ConvHalfCpltCallback
                0x08001230        0x4 Drivers/STM32F1xx_HAL_Driver/Src/stm32f1xx_hal_adc.o
                0x08001230                HAL_ADC_ConvHalfCpltCallback
 .text.ADC_DMAHalfConvCplt
                0x08001234        0xc Drivers/STM32F1xx_HAL_Driver/Src/stm32f1xx_hal_adc.o
                0x08001234                ADC_DMAHalfConvCplt
 .text.HAL_ADC_LevelOutOfWindowCallback
                0x08001240        0x4 Drivers/STM32F1xx_HAL_Driver/Src/stm32f1xx_hal_adc.o
                0x08001240                HAL_ADC_LevelOutOfWindowCallback
 .text.HAL_ADC_IRQHandler
                0x08001244       0xf8 Drivers/STM32F1xx_HAL_Driver/Src/stm32f1xx_hal_adc.o
                0x08001244                HAL_ADC_IRQHandler
 .text.HAL_ADC_ErrorCallback
                0x0800133c        0x4 Drivers/STM32F1xx_HAL_Driver/Src/stm32f1xx_hal_adc.o
                0x0800133c                HAL_ADC_ErrorCallback
 .text.ADC_DMAError
                0x08001340       0x1c Drivers/STM32F1xx_HAL_Driver/Src/stm32f1xx_hal_adc.o
                0x08001340                ADC_DMAError
 .text.HAL_ADC_ConfigChannel
                0x0800135c      0x1ac Drivers/STM32F1xx_HAL_Driver/Src/stm32f1xx_hal_adc.o
                0x0800135c                HAL_ADC_ConfigChannel
 .text.ADC_Enable
                0x08001508       0x7c Drivers/STM32F1xx_HAL_Driver/Src/stm32f1xx_hal_adc.o
                0x08001508                ADC_Enable
 .text.HAL_ADC_Start_DMA
                0x08001584      0x108 Drivers/STM32F1xx_HAL_Driver/Src/stm32f1xx_hal_adc.o
                0x08001584                HAL_ADC_Start_DMA
 .text.ADC_ConversionStop_Disable
                0x0800168c       0x44 Drivers/STM32F1xx_HAL_Driver/Src/stm32f1xx_hal_adc.o
                0x0800168c                ADC_ConversionStop_Disable
 .text.HAL_ADC_Init
                0x080016d0      0x16c Drivers/STM32F1xx_HAL_Driver/Src/stm32f1xx_hal_adc.o
                0x080016d0                HAL_ADC_Init
 .text.HAL_ADCEx_InjectedConvCpltCallback
                0x0800183c        0x4 Drivers/STM32F1xx_HAL_Driver/Src/stm32f1xx_hal_adc_ex.o
                0x0800183c                HAL_ADCEx_InjectedConvCpltCallback
 .text.HAL_NVIC_SetPriorityGrouping
                0x08001840       0x24 Drivers/STM32F1xx_HAL_Driver/Src/stm32f1xx_hal_cortex.o
                0x08001840                HAL_NVIC_SetPriorityGrouping
 .text.HAL_NVIC_SetPriority
                0x08001864       0x70 Drivers/STM32F1xx_HAL_Driver/Src/stm32f1xx_hal_cortex.o
                0x08001864                HAL_NVIC_SetPriority
 .text.HAL_NVIC_EnableIRQ
                0x080018d4       0x18 Drivers/STM32F1xx_HAL_Driver/Src/stm32f1xx_hal_cortex.o
                0x080018d4                HAL_NVIC_EnableIRQ
 .text.HAL_SYSTICK_Config
                0x080018ec       0x30 Drivers/STM32F1xx_HAL_Driver/Src/stm32f1xx_hal_cortex.o
                0x080018ec                HAL_SYSTICK_Config
 .text.HAL_SYSTICK_CLKSourceConfig
                0x0800191c       0x18 Drivers/STM32F1xx_HAL_Driver/Src/stm32f1xx_hal_cortex.o
                0x0800191c                HAL_SYSTICK_CLKSourceConfig
 .text.HAL_SYSTICK_Callback
                0x08001934        0x4 Drivers/STM32F1xx_HAL_Driver/Src/stm32f1xx_hal_cortex.o
                0x08001934                HAL_SYSTICK_Callback
 .text.HAL_SYSTICK_IRQHandler
                0x08001938        0x8 Drivers/STM32F1xx_HAL_Driver/Src/stm32f1xx_hal_cortex.o
                0x08001938                HAL_SYSTICK_IRQHandler
 .text.HAL_DMA_Init
                0x08001940       0x50 Drivers/STM32F1xx_HAL_Driver/Src/stm32f1xx_hal_dma.o
                0x08001940                HAL_DMA_Init
 .text.HAL_DMA_Start_IT
                0x08001990       0x60 Drivers/STM32F1xx_HAL_Driver/Src/stm32f1xx_hal_dma.o
                0x08001990                HAL_DMA_Start_IT
 .text.HAL_DMA_IRQHandler
                0x080019f0      0x3ec Drivers/STM32F1xx_HAL_Driver/Src/stm32f1xx_hal_dma.o
                0x080019f0                HAL_DMA_IRQHandler
 .text.HAL_GPIO_Init
                0x08001ddc      0x1d8 Drivers/STM32F1xx_HAL_Driver/Src/stm32f1xx_hal_gpio.o
                0x08001ddc                HAL_GPIO_Init
 .text.HAL_GPIO_WritePin
                0x08001fb4        0x8 Drivers/STM32F1xx_HAL_Driver/Src/stm32f1xx_hal_gpio.o
                0x08001fb4                HAL_GPIO_WritePin
 .text.HAL_GPIO_TogglePin
                0x08001fbc        0x8 Drivers/STM32F1xx_HAL_Driver/Src/stm32f1xx_hal_gpio.o
                0x08001fbc                HAL_GPIO_TogglePin
 .text.HAL_PCD_Init
                0x08001fc4       0xdc Drivers/STM32F1xx_HAL_Driver/Src/stm32f1xx_hal_pcd.o
                0x08001fc4                HAL_PCD_Init
 .text.HAL_PCD_Start
                0x080020a0       0x30 Drivers/STM32F1xx_HAL_Driver/Src/stm32f1xx_hal_pcd.o
                0x080020a0                HAL_PCD_Start
 .text.HAL_PCD_SetAddress
                0x080020d0       0x28 Drivers/STM32F1xx_HAL_Driver/Src/stm32f1xx_hal_pcd.o
                0x080020d0                HAL_PCD_SetAddress
 .text.HAL_PCD_EP_Open
                0x080020f8       0x4c Drivers/STM32F1xx_HAL_Driver/Src/stm32f1xx_hal_pcd.o
                0x080020f8                HAL_PCD_EP_Open
 .text.HAL_PCD_EP_Close
                0x08002144       0x48 Drivers/STM32F1xx_HAL_Driver/Src/stm32f1xx_hal_pcd.o
                0x08002144                HAL_PCD_EP_Close
 .text.HAL_PCD_EP_Receive
                0x0800218c       0x48 Drivers/STM32F1xx_HAL_Driver/Src/stm32f1xx_hal_pcd.o
                0x0800218c                HAL_PCD_EP_Receive
 .text.HAL_PCD_EP_Transmit
                0x080021d4       0x40 Drivers/STM32F1xx_HAL_Driver/Src/stm32f1xx_hal_pcd.o
                0x080021d4                HAL_PCD_EP_Transmit
 .text.HAL_PCD_IRQHandler
                0x08002214      0x56c Drivers/STM32F1xx_HAL_Driver/Src/stm32f1xx_hal_pcd.o
                0x08002214                HAL_PCD_IRQHandler
 .text.HAL_PCD_EP_SetStall
                0x08002780       0x58 Drivers/STM32F1xx_HAL_Driver/Src/stm32f1xx_hal_pcd.o
                0x08002780                HAL_PCD_EP_SetStall
 .text.HAL_PCD_EP_ClrStall
                0x080027d8       0x4c Drivers/STM32F1xx_HAL_Driver/Src/stm32f1xx_hal_pcd.o
                0x080027d8                HAL_PCD_EP_ClrStall
 .text.HAL_PCDEx_PMAConfig
                0x08002824       0x34 Drivers/STM32F1xx_HAL_Driver/Src/stm32f1xx_hal_pcd_ex.o
                0x08002824                HAL_PCDEx_PMAConfig
 .text.HAL_PWR_EnableBkUpAccess
                0x08002858       0x1c Drivers/STM32F1xx_HAL_Driver/Src/stm32f1xx_hal_pwr.o
                0x08002858                HAL_PWR_EnableBkUpAccess
 .text.HAL_RCC_OscConfig
                0x08002874      0x560 Drivers/STM32F1xx_HAL_Driver/Src/stm32f1xx_hal_rcc.o
                0x08002874                HAL_RCC_OscConfig
 .text.HAL_RCC_GetSysClockFreq
                0x08002dd4       0x94 Drivers/STM32F1xx_HAL_Driver/Src/stm32f1xx_hal_rcc.o
                0x08002dd4                HAL_RCC_GetSysClockFreq
 .text.HAL_RCC_ClockConfig
                0x08002e68      0x168 Drivers/STM32F1xx_HAL_Driver/Src/stm32f1xx_hal_rcc.o
                0x08002e68                HAL_RCC_ClockConfig
 .text.HAL_RCC_GetHCLKFreq
                0x08002fd0        0xc Drivers/STM32F1xx_HAL_Driver/Src/stm32f1xx_hal_rcc.o
                0x08002fd0                HAL_RCC_GetHCLKFreq
 .text.HAL_RCC_GetPCLK2Freq
                0x08002fdc       0x30 Drivers/STM32F1xx_HAL_Driver/Src/stm32f1xx_hal_rcc.o
                0x08002fdc                HAL_RCC_GetPCLK2Freq
 .text.HAL_RCCEx_PeriphCLKConfig
                0x0800300c      0x120 Drivers/STM32F1xx_HAL_Driver/Src/stm32f1xx_hal_rcc_ex.o
                0x0800300c                HAL_RCCEx_PeriphCLKConfig
 .text.HAL_RCCEx_GetPeriphCLKFreq
                0x0800312c      0x11c Drivers/STM32F1xx_HAL_Driver/Src/stm32f1xx_hal_rcc_ex.o
                0x0800312c                HAL_RCCEx_GetPeriphCLKFreq
 .text.RTC_WeekDayNum
                0x08003248       0xa8 Drivers/STM32F1xx_HAL_Driver/Src/stm32f1xx_hal_rtc.o
 .text.RTC_EnterInitMode
                0x080032f0       0x30 Drivers/STM32F1xx_HAL_Driver/Src/stm32f1xx_hal_rtc.o
 .text.RTC_ExitInitMode
                0x08003320       0x34 Drivers/STM32F1xx_HAL_Driver/Src/stm32f1xx_hal_rtc.o
 .text.RTC_WriteTimeCounter
                0x08003354       0x28 Drivers/STM32F1xx_HAL_Driver/Src/stm32f1xx_hal_rtc.o
 .text.RTC_WriteAlarmCounter
                0x0800337c       0x28 Drivers/STM32F1xx_HAL_Driver/Src/stm32f1xx_hal_rtc.o
 .text.HAL_RTC_SetTime
                0x080033a4       0xf0 Drivers/STM32F1xx_HAL_Driver/Src/stm32f1xx_hal_rtc.o
                0x080033a4                HAL_RTC_SetTime
 .text.HAL_RTC_SetDate
                0x08003494      0x110 Drivers/STM32F1xx_HAL_Driver/Src/stm32f1xx_hal_rtc.o
                0x08003494                HAL_RTC_SetDate
 .text.HAL_RTC_WaitForSynchro
                0x080035a4       0x38 Drivers/STM32F1xx_HAL_Driver/Src/stm32f1xx_hal_rtc.o
                0x080035a4                HAL_RTC_WaitForSynchro
 .text.HAL_RTC_Init
                0x080035dc       0xa8 Drivers/STM32F1xx_HAL_Driver/Src/stm32f1xx_hal_rtc.o
                0x080035dc                HAL_RTC_Init
 .text.TIM_OC1_SetConfig
                0x08003684       0x58 Drivers/STM32F1xx_HAL_Driver/Src/stm32f1xx_hal_tim.o
 .text.TIM_OC3_SetConfig
                0x080036dc       0x5c Drivers/STM32F1xx_HAL_Driver/Src/stm32f1xx_hal_tim.o
 .text.TIM_OC4_SetConfig
                0x08003738       0x48 Drivers/STM32F1xx_HAL_Driver/Src/stm32f1xx_hal_tim.o
 .text.HAL_TIM_Base_Start_IT
                0x08003780       0x18 Drivers/STM32F1xx_HAL_Driver/Src/stm32f1xx_hal_tim.o
                0x08003780                HAL_TIM_Base_Start_IT
 .text.HAL_TIM_PWM_MspInit
                0x08003798        0x4 Drivers/STM32F1xx_HAL_Driver/Src/stm32f1xx_hal_tim.o
                0x08003798                HAL_TIM_PWM_MspInit
 .text.HAL_TIM_ConfigClockSource
                0x0800379c      0x180 Drivers/STM32F1xx_HAL_Driver/Src/stm32f1xx_hal_tim.o
                0x0800379c                HAL_TIM_ConfigClockSource
 .text.HAL_TIM_OC_DelayElapsedCallback
                0x0800391c        0x4 Drivers/STM32F1xx_HAL_Driver/Src/stm32f1xx_hal_tim.o
                0x0800391c                HAL_TIM_OC_DelayElapsedCallback
 .text.HAL_TIM_IC_CaptureCallback
                0x08003920        0x4 Drivers/STM32F1xx_HAL_Driver/Src/stm32f1xx_hal_tim.o
                0x08003920                HAL_TIM_IC_CaptureCallback
 .text.HAL_TIM_PWM_PulseFinishedCallback
                0x08003924        0x4 Drivers/STM32F1xx_HAL_Driver/Src/stm32f1xx_hal_tim.o
                0x08003924                HAL_TIM_PWM_PulseFinishedCallback
 .text.HAL_TIM_TriggerCallback
                0x08003928        0x4 Drivers/STM32F1xx_HAL_Driver/Src/stm32f1xx_hal_tim.o
                0x08003928                HAL_TIM_TriggerCallback
 .text.HAL_TIM_IRQHandler
                0x0800392c      0x154 Drivers/STM32F1xx_HAL_Driver/Src/stm32f1xx_hal_tim.o
                0x0800392c                HAL_TIM_IRQHandler
 .text.TIM_Base_SetConfig
                0x08003a80       0x7c Drivers/STM32F1xx_HAL_Driver/Src/stm32f1xx_hal_tim.o
                0x08003a80                TIM_Base_SetConfig
 .text.HAL_TIM_Base_Init
                0x08003afc       0x38 Drivers/STM32F1xx_HAL_Driver/Src/stm32f1xx_hal_tim.o
                0x08003afc                HAL_TIM_Base_Init
 .text.HAL_TIM_PWM_Init
                0x08003b34       0x38 Drivers/STM32F1xx_HAL_Driver/Src/stm32f1xx_hal_tim.o
                0x08003b34                HAL_TIM_PWM_Init
 .text.TIM_OC2_SetConfig
                0x08003b6c       0x5c Drivers/STM32F1xx_HAL_Driver/Src/stm32f1xx_hal_tim.o
                0x08003b6c                TIM_OC2_SetConfig
 .text.HAL_TIM_PWM_ConfigChannel
                0x08003bc8       0xd4 Drivers/STM32F1xx_HAL_Driver/Src/stm32f1xx_hal_tim.o
                0x08003bc8                HAL_TIM_PWM_ConfigChannel
 .text.HAL_TIMEx_MasterConfigSynchronization
                0x08003c9c       0x4c Drivers/STM32F1xx_HAL_Driver/Src/stm32f1xx_hal_tim_ex.o
                0x08003c9c                HAL_TIMEx_MasterConfigSynchronization
 .text.HAL_TIMEx_CommutationCallback
                0x08003ce8        0x4 Drivers/STM32F1xx_HAL_Driver/Src/stm32f1xx_hal_tim_ex.o
                0x08003ce8                HAL_TIMEx_CommutationCallback
 .text.HAL_TIMEx_BreakCallback
                0x08003cec        0x4 Drivers/STM32F1xx_HAL_Driver/Src/stm32f1xx_hal_tim_ex.o
                0x08003cec                HAL_TIMEx_BreakCallback
 .text.USB_CoreInit
                0x08003cf0       0x10 Drivers/STM32F1xx_HAL_Driver/Src/stm32f1xx_ll_usb.o
                0x08003cf0                USB_CoreInit
 .text.USB_EnableGlobalInt
                0x08003d00       0x14 Drivers/STM32F1xx_HAL_Driver/Src/stm32f1xx_ll_usb.o
                0x08003d00                USB_EnableGlobalInt
 .text.USB_DisableGlobalInt
                0x08003d14       0x14 Drivers/STM32F1xx_HAL_Driver/Src/stm32f1xx_ll_usb.o
                0x08003d14                USB_DisableGlobalInt
 .text.USB_SetCurrentMode
                0x08003d28        0x4 Drivers/STM32F1xx_HAL_Driver/Src/stm32f1xx_ll_usb.o
                0x08003d28                USB_SetCurrentMode
 .text.USB_DevInit
                0x08003d2c       0x28 Drivers/STM32F1xx_HAL_Driver/Src/stm32f1xx_ll_usb.o
                0x08003d2c                USB_DevInit
 .text.USB_ActivateEndpoint
                0x08003d54      0x34c Drivers/STM32F1xx_HAL_Driver/Src/stm32f1xx_ll_usb.o
                0x08003d54                USB_ActivateEndpoint
 .text.USB_DeactivateEndpoint
                0x080040a0      0x1d4 Drivers/STM32F1xx_HAL_Driver/Src/stm32f1xx_ll_usb.o
                0x080040a0                USB_DeactivateEndpoint
 .text.USB_EPStartXfer
                0x08004274      0x274 Drivers/STM32F1xx_HAL_Driver/Src/stm32f1xx_ll_usb.o
                0x08004274                USB_EPStartXfer
 .text.USB_EPSetStall
                0x080044e8       0x74 Drivers/STM32F1xx_HAL_Driver/Src/stm32f1xx_ll_usb.o
                0x080044e8                USB_EPSetStall
 .text.USB_EPClearStall
                0x0800455c       0xa0 Drivers/STM32F1xx_HAL_Driver/Src/stm32f1xx_ll_usb.o
                0x0800455c                USB_EPClearStall
 .text.USB_SetDevAddress
                0x080045fc        0xc Drivers/STM32F1xx_HAL_Driver/Src/stm32f1xx_ll_usb.o
                0x080045fc                USB_SetDevAddress
 .text.USB_DevConnect
                0x08004608        0x4 Drivers/STM32F1xx_HAL_Driver/Src/stm32f1xx_ll_usb.o
                0x08004608                USB_DevConnect
 .text.USB_DevDisconnect
                0x0800460c        0x4 Drivers/STM32F1xx_HAL_Driver/Src/stm32f1xx_ll_usb.o
                0x0800460c                USB_DevDisconnect
 .text.USB_ReadInterrupts
                0x08004610        0x8 Drivers/STM32F1xx_HAL_Driver/Src/stm32f1xx_ll_usb.o
                0x08004610                USB_ReadInterrupts
 .text.USB_EP0_OutStart
                0x08004618        0x4 Drivers/STM32F1xx_HAL_Driver/Src/stm32f1xx_ll_usb.o
                0x08004618                USB_EP0_OutStart
 .text.USB_WritePMA
                0x0800461c       0x24 Drivers/STM32F1xx_HAL_Driver/Src/stm32f1xx_ll_usb.o
                0x0800461c                USB_WritePMA
 .text.USB_ReadPMA
                0x08004640       0x1c Drivers/STM32F1xx_HAL_Driver/Src/stm32f1xx_ll_usb.o
                0x08004640                USB_ReadPMA
 .text.USBD_CUSTOM_HID_GetCfgDesc
                0x0800465c        0xc Middlewares/ST/STM32_USB_Device_Library/Class/CustomHID/Src/usbd_customhid.o
 .text.USBD_CUSTOM_HID_DataIn
                0x08004668        0xc Middlewares/ST/STM32_USB_Device_Library/Class/CustomHID/Src/usbd_customhid.o
 .text.USBD_CUSTOM_HID_EP0_RxReady
                0x08004674       0x24 Middlewares/ST/STM32_USB_Device_Library/Class/CustomHID/Src/usbd_customhid.o
 .text.USBD_CUSTOM_HID_GetDeviceQualifierDesc
                0x08004698        0xc Middlewares/ST/STM32_USB_Device_Library/Class/CustomHID/Src/usbd_customhid.o
 .text.USBD_CUSTOM_HID_DataOut
                0x080046a4       0x24 Middlewares/ST/STM32_USB_Device_Library/Class/CustomHID/Src/usbd_customhid.o
 .text.USBD_CUSTOM_HID_Setup
                0x080046c8       0xd8 Middlewares/ST/STM32_USB_Device_Library/Class/CustomHID/Src/usbd_customhid.o
 .text.USBD_CUSTOM_HID_DeInit
                0x080047a0       0x34 Middlewares/ST/STM32_USB_Device_Library/Class/CustomHID/Src/usbd_customhid.o
 .text.USBD_CUSTOM_HID_Init
                0x080047d4       0x4c Middlewares/ST/STM32_USB_Device_Library/Class/CustomHID/Src/usbd_customhid.o
 .text.USBD_CUSTOM_HID_SendReport
                0x08004820       0x30 Middlewares/ST/STM32_USB_Device_Library/Class/CustomHID/Src/usbd_customhid.o
                0x08004820                USBD_CUSTOM_HID_SendReport
 .text.USBD_CUSTOM_HID_RegisterInterface
                0x08004850       0x10 Middlewares/ST/STM32_USB_Device_Library/Class/CustomHID/Src/usbd_customhid.o
                0x08004850                USBD_CUSTOM_HID_RegisterInterface
 .text.USBD_Init
                0x08004860       0x2c Middlewares/ST/STM32_USB_Device_Library/Core/Src/usbd_core.o
                0x08004860                USBD_Init
 .text.USBD_RegisterClass
                0x0800488c       0x10 Middlewares/ST/STM32_USB_Device_Library/Core/Src/usbd_core.o
                0x0800488c                USBD_RegisterClass
 .text.USBD_Start
                0x0800489c        0xc Middlewares/ST/STM32_USB_Device_Library/Core/Src/usbd_core.o
                0x0800489c                USBD_Start
 .text.USBD_SetClassConfig
                0x080048a8       0x14 Middlewares/ST/STM32_USB_Device_Library/Core/Src/usbd_core.o
                0x080048a8                USBD_SetClassConfig
 .text.USBD_ClrClassConfig
                0x080048bc       0x10 Middlewares/ST/STM32_USB_Device_Library/Core/Src/usbd_core.o
                0x080048bc                USBD_ClrClassConfig
 .text.USBD_LL_SetupStage
                0x080048cc       0x60 Middlewares/ST/STM32_USB_Device_Library/Core/Src/usbd_core.o
                0x080048cc                USBD_LL_SetupStage
 .text.USBD_LL_DataOutStage
                0x0800492c       0x6c Middlewares/ST/STM32_USB_Device_Library/Core/Src/usbd_core.o
                0x0800492c                USBD_LL_DataOutStage
 .text.USBD_LL_DataInStage
                0x08004998       0xa4 Middlewares/ST/STM32_USB_Device_Library/Core/Src/usbd_core.o
                0x08004998                USBD_LL_DataInStage
 .text.USBD_LL_Reset
                0x08004a3c       0x40 Middlewares/ST/STM32_USB_Device_Library/Core/Src/usbd_core.o
                0x08004a3c                USBD_LL_Reset
 .text.USBD_LL_SetSpeed
                0x08004a7c        0x8 Middlewares/ST/STM32_USB_Device_Library/Core/Src/usbd_core.o
                0x08004a7c                USBD_LL_SetSpeed
 .text.USBD_LL_Suspend
                0x08004a84       0x14 Middlewares/ST/STM32_USB_Device_Library/Core/Src/usbd_core.o
                0x08004a84                USBD_LL_Suspend
 .text.USBD_LL_Resume
                0x08004a98       0x10 Middlewares/ST/STM32_USB_Device_Library/Core/Src/usbd_core.o
                0x08004a98                USBD_LL_Resume
 .text.USBD_LL_SOF
                0x08004aa8       0x1c Middlewares/ST/STM32_USB_Device_Library/Core/Src/usbd_core.o
                0x08004aa8                USBD_LL_SOF
 .text.USBD_StdDevReq
                0x08004ac4      0x2ac Middlewares/ST/STM32_USB_Device_Library/Core/Src/usbd_ctlreq.o
                0x08004ac4                USBD_StdDevReq
 .text.USBD_StdItfReq
                0x08004d70       0x3c Middlewares/ST/STM32_USB_Device_Library/Core/Src/usbd_ctlreq.o
                0x08004d70                USBD_StdItfReq
 .text.USBD_StdEPReq
                0x08004dac       0xd0 Middlewares/ST/STM32_USB_Device_Library/Core/Src/usbd_ctlreq.o
                0x08004dac                USBD_StdEPReq
 .text.USBD_ParseSetupRequest
                0x08004e7c       0x28 Middlewares/ST/STM32_USB_Device_Library/Core/Src/usbd_ctlreq.o
                0x08004e7c                USBD_ParseSetupRequest
 .text.USBD_CtlError
                0x08004ea4       0x18 Middlewares/ST/STM32_USB_Device_Library/Core/Src/usbd_ctlreq.o
                0x08004ea4                USBD_CtlError
 .text.USBD_GetString
                0x08004ebc       0x4c Middlewares/ST/STM32_USB_Device_Library/Core/Src/usbd_ctlreq.o
                0x08004ebc                USBD_GetString
 .text.USBD_CtlSendData
                0x08004f08       0x1c Middlewares/ST/STM32_USB_Device_Library/Core/Src/usbd_ioreq.o
                0x08004f08                USBD_CtlSendData
 .text.USBD_CtlContinueSendData
                0x08004f24       0x10 Middlewares/ST/STM32_USB_Device_Library/Core/Src/usbd_ioreq.o
                0x08004f24                USBD_CtlContinueSendData
 .text.USBD_CtlPrepareRx
                0x08004f34       0x20 Middlewares/ST/STM32_USB_Device_Library/Core/Src/usbd_ioreq.o
                0x08004f34                USBD_CtlPrepareRx
 .text.USBD_CtlContinueRx
                0x08004f54       0x10 Middlewares/ST/STM32_USB_Device_Library/Core/Src/usbd_ioreq.o
                0x08004f54                USBD_CtlContinueRx
 .text.USBD_CtlSendStatus
                0x08004f64       0x18 Middlewares/ST/STM32_USB_Device_Library/Core/Src/usbd_ioreq.o
                0x08004f64                USBD_CtlSendStatus
 .text.USBD_CtlReceiveStatus
                0x08004f7c       0x18 Middlewares/ST/STM32_USB_Device_Library/Core/Src/usbd_ioreq.o
                0x08004f7c                USBD_CtlReceiveStatus
 .text.HAL_ADC_ConvCpltCallback
                0x08004f94       0x2c Src/main.o
                0x08004f94                HAL_ADC_ConvCpltCallback
 .text.SysTick_callback
                0x08004fc0      0x1d0 Src/main.o
                0x08004fc0                SysTick_callback
 .text.HAL_TIM_PeriodElapsedCallback
                0x08005190       0xd8 Src/main.o
                0x08005190                HAL_TIM_PeriodElapsedCallback
 .text.SystemClock_Config
                0x08005268       0x98 Src/main.o
                0x08005268                SystemClock_Config
 .text.startup.main
                0x08005300      0x634 Src/main.o
                0x08005300                main
 .text.Error_Handler
                0x08005934        0x4 Src/main.o
                0x08005934                Error_Handler
 .text.HAL_MspInit
                0x08005938       0x90 Src/stm32f1xx_hal_msp.o
                0x08005938                HAL_MspInit
 .text.HAL_ADC_MspInit
                0x080059c8       0x90 Src/stm32f1xx_hal_msp.o
                0x080059c8                HAL_ADC_MspInit
 .text.HAL_RTC_MspInit
                0x08005a58       0x4c Src/stm32f1xx_hal_msp.o
                0x08005a58                HAL_RTC_MspInit
 .text.HAL_TIM_Base_MspInit
                0x08005aa4       0x64 Src/stm32f1xx_hal_msp.o
                0x08005aa4                HAL_TIM_Base_MspInit
 .text.HAL_TIM_MspPostInit
                0x08005b08       0x30 Src/stm32f1xx_hal_msp.o
                0x08005b08                HAL_TIM_MspPostInit
 .text.NMI_Handler
                0x08005b38        0x4 Src/stm32f1xx_it.o
                0x08005b38                NMI_Handler
 .text.HardFault_Handler
                0x08005b3c        0x4 Src/stm32f1xx_it.o
                0x08005b3c                HardFault_Handler
 .text.MemManage_Handler
                0x08005b40        0x4 Src/stm32f1xx_it.o
                0x08005b40                MemManage_Handler
 .text.BusFault_Handler
                0x08005b44        0x4 Src/stm32f1xx_it.o
                0x08005b44                BusFault_Handler
 .text.UsageFault_Handler
                0x08005b48        0x4 Src/stm32f1xx_it.o
                0x08005b48                UsageFault_Handler
 .text.SVC_Handler
                0x08005b4c        0x4 Src/stm32f1xx_it.o
                0x08005b4c                SVC_Handler
 .text.DebugMon_Handler
                0x08005b50        0x4 Src/stm32f1xx_it.o
                0x08005b50                DebugMon_Handler
 .text.PendSV_Handler
                0x08005b54        0x4 Src/stm32f1xx_it.o
                0x08005b54                PendSV_Handler
 .text.SysTick_Handler
                0x08005b58       0x14 Src/stm32f1xx_it.o
                0x08005b58                SysTick_Handler
 .text.DMA1_Channel1_IRQHandler
                0x08005b6c        0xc Src/stm32f1xx_it.o
                0x08005b6c                DMA1_Channel1_IRQHandler
 .text.ADC1_2_IRQHandler
                0x08005b78        0xc Src/stm32f1xx_it.o
                0x08005b78                ADC1_2_IRQHandler
 .text.USB_LP_CAN1_RX0_IRQHandler
                0x08005b84        0xc Src/stm32f1xx_it.o
                0x08005b84                USB_LP_CAN1_RX0_IRQHandler
 .text.TIM2_IRQHandler
                0x08005b90        0xc Src/stm32f1xx_it.o
                0x08005b90                TIM2_IRQHandler
 .text.MX_USB_DEVICE_Init
                0x08005b9c       0x38 Src/usb_device.o
                0x08005b9c                MX_USB_DEVICE_Init
 .text.HAL_PCD_MspInit
                0x08005bd4       0x50 Src/usbd_conf.o
                0x08005bd4                HAL_PCD_MspInit
 .text.HAL_PCD_SetupStageCallback
                0x08005c24        0xc Src/usbd_conf.o
                0x08005c24                HAL_PCD_SetupStageCallback
 .text.HAL_PCD_DataOutStageCallback
                0x08005c30       0x10 Src/usbd_conf.o
                0x08005c30                HAL_PCD_DataOutStageCallback
 .text.HAL_PCD_DataInStageCallback
                0x08005c40       0x10 Src/usbd_conf.o
                0x08005c40                HAL_PCD_DataInStageCallback
 .text.HAL_PCD_SOFCallback
                0x08005c50        0x8 Src/usbd_conf.o
                0x08005c50                HAL_PCD_SOFCallback
 .text.HAL_PCD_ResetCallback
                0x08005c58       0x1c Src/usbd_conf.o
                0x08005c58                HAL_PCD_ResetCallback
 .text.HAL_PCD_SuspendCallback
                0x08005c74       0x20 Src/usbd_conf.o
                0x08005c74                HAL_PCD_SuspendCallback
 .text.HAL_PCD_ResumeCallback
                0x08005c94        0x8 Src/usbd_conf.o
                0x08005c94                HAL_PCD_ResumeCallback
 .text.USBD_LL_Init
                0x08005c9c       0x78 Src/usbd_conf.o
                0x08005c9c                USBD_LL_Init
 .text.USBD_LL_Start
                0x08005d14       0x10 Src/usbd_conf.o
                0x08005d14                USBD_LL_Start
 .text.USBD_LL_OpenEP
                0x08005d24       0x14 Src/usbd_conf.o
                0x08005d24                USBD_LL_OpenEP
 .text.USBD_LL_CloseEP
                0x08005d38       0x10 Src/usbd_conf.o
                0x08005d38                USBD_LL_CloseEP
 .text.USBD_LL_StallEP
                0x08005d48       0x10 Src/usbd_conf.o
                0x08005d48                USBD_LL_StallEP
 .text.USBD_LL_ClearStallEP
                0x08005d58       0x10 Src/usbd_conf.o
                0x08005d58                USBD_LL_ClearStallEP
 .text.USBD_LL_IsStallEP
                0x08005d68       0x20 Src/usbd_conf.o
                0x08005d68                USBD_LL_IsStallEP
 .text.USBD_LL_SetUSBAddress
                0x08005d88       0x10 Src/usbd_conf.o
                0x08005d88                USBD_LL_SetUSBAddress
 .text.USBD_LL_Transmit
                0x08005d98       0x10 Src/usbd_conf.o
                0x08005d98                USBD_LL_Transmit
 .text.USBD_LL_PrepareReceive
                0x08005da8       0x10 Src/usbd_conf.o
                0x08005da8                USBD_LL_PrepareReceive
 .text.USBD_static_malloc
                0x08005db8        0x8 Src/usbd_conf.o
                0x08005db8                USBD_static_malloc
 .text.USBD_static_free
                0x08005dc0        0x4 Src/usbd_conf.o
                0x08005dc0                USBD_static_free
 .text.HAL_PCDEx_SetConnectionState
                0x08005dc4        0x4 Src/usbd_conf.o
                0x08005dc4                HAL_PCDEx_SetConnectionState
 .text.CUSTOM_HID_DeInit_FS
                0x08005dc8        0x4 Src/usbd_custom_hid_if.o
 .text.CUSTOM_HID_OutEvent_FS
                0x08005dcc      0x178 Src/usbd_custom_hid_if.o
 .text.CUSTOM_HID_Init_FS
                0x08005f44        0x4 Src/usbd_custom_hid_if.o
 .text.USBD_FS_DeviceDescriptor
                0x08005f48        0xc Src/usbd_desc.o
                0x08005f48                USBD_FS_DeviceDescriptor
 .text.USBD_FS_LangIDStrDescriptor
                0x08005f54        0xc Src/usbd_desc.o
                0x08005f54                USBD_FS_LangIDStrDescriptor
 .text.USBD_FS_ManufacturerStrDescriptor
                0x08005f60       0x1c Src/usbd_desc.o
                0x08005f60                USBD_FS_ManufacturerStrDescriptor
 .text.USBD_FS_ProductStrDescriptor
                0x08005f7c       0x1c Src/usbd_desc.o
                0x08005f7c                USBD_FS_ProductStrDescriptor
 .text.USBD_FS_SerialStrDescriptor
                0x08005f98       0x1c Src/usbd_desc.o
                0x08005f98                USBD_FS_SerialStrDescriptor
 .text.USBD_FS_ConfigStrDescriptor
                0x08005fb4       0x1c Src/usbd_desc.o
                0x08005fb4                USBD_FS_ConfigStrDescriptor
 .text.USBD_FS_InterfaceStrDescriptor
                0x08005fd0       0x1c Src/usbd_desc.o
                0x08005fd0                USBD_FS_InterfaceStrDescriptor
 .text.__libc_init_array
                0x08005fec       0x58 /home/dabit/Ac6/SystemWorkbench/plugins/fr.ac6.mcu.externaltools.arm-none.linux64_1.12.0.201611241417/tools/compiler/arm-none-eabi/lib/thumb/libc_nano.a(lib_a-init.o)
                0x08005fec                __libc_init_array
 .text.memset   0x08006044       0x10 /home/dabit/Ac6/SystemWorkbench/plugins/fr.ac6.mcu.externaltools.arm-none.linux64_1.12.0.201611241417/tools/compiler/arm-none-eabi/lib/thumb/libc_nano.a(lib_a-memset.o)
                0x08006044                memset
 .text.log      0x08006054      0x12c /home/dabit/Ac6/SystemWorkbench/plugins/fr.ac6.mcu.externaltools.arm-none.linux64_1.12.0.201611241417/tools/compiler/arm-none-eabi/lib/thumb/libm.a(lib_a-w_log.o)
                0x08006054                log
 .text.__ieee754_log
                0x08006180      0x408 /home/dabit/Ac6/SystemWorkbench/plugins/fr.ac6.mcu.externaltools.arm-none.linux64_1.12.0.201611241417/tools/compiler/arm-none-eabi/lib/thumb/libm.a(lib_a-e_log.o)
                0x08006180                __ieee754_log
 .text.matherr  0x08006588        0x4 /home/dabit/Ac6/SystemWorkbench/plugins/fr.ac6.mcu.externaltools.arm-none.linux64_1.12.0.201611241417/tools/compiler/arm-none-eabi/lib/thumb/libm.a(lib_a-s_matherr.o)
                0x08006588                matherr
 .text.nan      0x0800658c        0xc /home/dabit/Ac6/SystemWorkbench/plugins/fr.ac6.mcu.externaltools.arm-none.linux64_1.12.0.201611241417/tools/compiler/arm-none-eabi/lib/thumb/libm.a(lib_a-s_nan.o)
                0x0800658c                nan
 .text.__errno  0x08006598        0xc /home/dabit/Ac6/SystemWorkbench/plugins/fr.ac6.mcu.externaltools.arm-none.linux64_1.12.0.201611241417/tools/compiler/arm-none-eabi/lib/thumb/libc_nano.a(lib_a-errno.o)
                0x08006598                __errno
 *(.glue_7)
 .glue_7        0x080065a4        0x0 linker stubs
 *(.glue_7t)
 .glue_7t       0x080065a4        0x0 linker stubs
 *(.eh_frame)
 .eh_frame      0x080065a4        0x0 /home/dabit/Ac6/SystemWorkbench/plugins/fr.ac6.mcu.externaltools.arm-none.linux64_1.12.0.201611241417/tools/compiler/bin/../lib/gcc/arm-none-eabi/5.4.1/armv7-m/crtbegin.o
 *(.init)
 .init          0x080065a4        0x4 /home/dabit/Ac6/SystemWorkbench/plugins/fr.ac6.mcu.externaltools.arm-none.linux64_1.12.0.201611241417/tools/compiler/bin/../lib/gcc/arm-none-eabi/5.4.1/armv7-m/crti.o
                0x080065a4                _init
 .init          0x080065a8        0x8 /home/dabit/Ac6/SystemWorkbench/plugins/fr.ac6.mcu.externaltools.arm-none.linux64_1.12.0.201611241417/tools/compiler/bin/../lib/gcc/arm-none-eabi/5.4.1/armv7-m/crtn.o
 *(.fini)
 .fini          0x080065b0        0x4 /home/dabit/Ac6/SystemWorkbench/plugins/fr.ac6.mcu.externaltools.arm-none.linux64_1.12.0.201611241417/tools/compiler/bin/../lib/gcc/arm-none-eabi/5.4.1/armv7-m/crti.o
                0x080065b0                _fini
 .fini          0x080065b4        0x8 /home/dabit/Ac6/SystemWorkbench/plugins/fr.ac6.mcu.externaltools.arm-none.linux64_1.12.0.201611241417/tools/compiler/bin/../lib/gcc/arm-none-eabi/5.4.1/armv7-m/crtn.o
                0x080065bc                . = ALIGN (0x4)
                0x080065bc                _etext = .

.vfp11_veneer   0x080065bc        0x0
 .vfp11_veneer  0x080065bc        0x0 linker stubs

.v4_bx          0x080065bc        0x0
 .v4_bx         0x080065bc        0x0 linker stubs

.iplt           0x080065bc        0x0
 .iplt          0x080065bc        0x0 /home/dabit/Ac6/SystemWorkbench/plugins/fr.ac6.mcu.externaltools.arm-none.linux64_1.12.0.201611241417/tools/compiler/bin/../lib/gcc/arm-none-eabi/5.4.1/armv7-m/crtbegin.o

.rodata         0x080065bc       0xb0
                0x080065bc                . = ALIGN (0x4)
 *(.rodata)
 .rodata        0x080065bc       0x18 Drivers/CMSIS/Device/ST/STM32F1xx/Source/Templates/system_stm32f1xx.o
                0x080065bc                AHBPrescTable
                0x080065cc                APBPrescTable
 .rodata        0x080065d4       0x12 Drivers/STM32F1xx_HAL_Driver/Src/stm32f1xx_hal_rcc.o
 *fill*         0x080065e6        0x2 
 .rodata        0x080065e8       0x12 Drivers/STM32F1xx_HAL_Driver/Src/stm32f1xx_hal_rcc_ex.o
 *(.rodata*)
 *fill*         0x080065fa        0x2 
 .rodata.str1.4
                0x080065fc       0x69 Src/usbd_desc.o
 .rodata.str1.1
                0x08006665        0x2 /home/dabit/Ac6/SystemWorkbench/plugins/fr.ac6.mcu.externaltools.arm-none.linux64_1.12.0.201611241417/tools/compiler/arm-none-eabi/lib/thumb/libc_nano.a(lib_a-impure.o)
 *fill*         0x08006667        0x1 
 .rodata.str1.4
                0x08006668        0x4 /home/dabit/Ac6/SystemWorkbench/plugins/fr.ac6.mcu.externaltools.arm-none.linux64_1.12.0.201611241417/tools/compiler/arm-none-eabi/lib/thumb/libm.a(lib_a-w_log.o)
                                  0x5 (size before relaxing)
                0x0800666c                . = ALIGN (0x4)

.rel.dyn        0x0800666c        0x0
 .rel.iplt      0x0800666c        0x0 /home/dabit/Ac6/SystemWorkbench/plugins/fr.ac6.mcu.externaltools.arm-none.linux64_1.12.0.201611241417/tools/compiler/bin/../lib/gcc/arm-none-eabi/5.4.1/armv7-m/crtbegin.o

.ARM.extab
 *(.ARM.extab* .gnu.linkonce.armextab.*)

.ARM            0x0800666c        0x0
                0x0800666c                __exidx_start = .
 *(.ARM.exidx*)
                0x0800666c                __exidx_end = .

.preinit_array  0x0800666c        0x0
                0x0800666c                PROVIDE (__preinit_array_start, .)
 *(.preinit_array*)
                0x0800666c                PROVIDE (__preinit_array_end, .)

.init_array     0x0800666c        0x4
                0x0800666c                PROVIDE (__init_array_start, .)
 *(SORT(.init_array.*))
 *(.init_array*)
 .init_array    0x0800666c        0x4 /home/dabit/Ac6/SystemWorkbench/plugins/fr.ac6.mcu.externaltools.arm-none.linux64_1.12.0.201611241417/tools/compiler/bin/../lib/gcc/arm-none-eabi/5.4.1/armv7-m/crtbegin.o
                0x08006670                PROVIDE (__init_array_end, .)

.fini_array     0x08006670        0x4
                [!provide]                PROVIDE (__fini_array_start, .)
 *(SORT(.fini_array.*))
 *(.fini_array*)
 .fini_array    0x08006670        0x4 /home/dabit/Ac6/SystemWorkbench/plugins/fr.ac6.mcu.externaltools.arm-none.linux64_1.12.0.201611241417/tools/compiler/bin/../lib/gcc/arm-none-eabi/5.4.1/armv7-m/crtbegin.o
                [!provide]                PROVIDE (__fini_array_end, .)
                0x08006674                _sidata = LOADADDR (.data)

.data           0x20000000      0x168 load address 0x08006674
                0x20000000                . = ALIGN (0x4)
                0x20000000                _sdata = .
 *(.data)
 .data          0x20000000        0x4 Drivers/CMSIS/Device/ST/STM32F1xx/Source/Templates/system_stm32f1xx.o
                0x20000000                SystemCoreClock
 .data          0x20000004       0x98 Middlewares/ST/STM32_USB_Device_Library/Class/CustomHID/Src/usbd_customhid.o
                0x20000060                USBD_CUSTOM_HID
 .data          0x2000009c        0x2 Src/main.o
 *fill*         0x2000009e        0x2 
 .data          0x200000a0       0x2c Src/usbd_custom_hid_if.o
                0x200000a0                USBD_CustomHID_fops_FS
 .data          0x200000cc       0x34 Src/usbd_desc.o
                0x200000cc                USBD_FS_DeviceDesc
                0x200000e0                USBD_LangIDDesc
                0x200000e4                FS_Desc
 *(.data*)
 .data.impure_data
                0x20000100       0x60 /home/dabit/Ac6/SystemWorkbench/plugins/fr.ac6.mcu.externaltools.arm-none.linux64_1.12.0.201611241417/tools/compiler/arm-none-eabi/lib/thumb/libc_nano.a(lib_a-impure.o)
 .data._impure_ptr
                0x20000160        0x4 /home/dabit/Ac6/SystemWorkbench/plugins/fr.ac6.mcu.externaltools.arm-none.linux64_1.12.0.201611241417/tools/compiler/arm-none-eabi/lib/thumb/libc_nano.a(lib_a-impure.o)
                0x20000160                _impure_ptr
 .data.__fdlib_version
                0x20000164        0x1 /home/dabit/Ac6/SystemWorkbench/plugins/fr.ac6.mcu.externaltools.arm-none.linux64_1.12.0.201611241417/tools/compiler/arm-none-eabi/lib/thumb/libm.a(lib_a-s_lib_ver.o)
                0x20000164                __fdlib_version
                0x20000168                . = ALIGN (0x4)
 *fill*         0x20000165        0x3 
                0x20000168                _edata = .

.jcr            0x20000168        0x0 load address 0x080067dc
 .jcr           0x20000168        0x0 /home/dabit/Ac6/SystemWorkbench/plugins/fr.ac6.mcu.externaltools.arm-none.linux64_1.12.0.201611241417/tools/compiler/bin/../lib/gcc/arm-none-eabi/5.4.1/armv7-m/crtbegin.o

.igot.plt       0x20000168        0x0 load address 0x080067dc
 .igot.plt      0x20000168        0x0 /home/dabit/Ac6/SystemWorkbench/plugins/fr.ac6.mcu.externaltools.arm-none.linux64_1.12.0.201611241417/tools/compiler/bin/../lib/gcc/arm-none-eabi/5.4.1/armv7-m/crtbegin.o
                0x20000168                . = ALIGN (0x4)

.bss            0x20000168      0xd98 load address 0x080067dc
                0x20000168                _sbss = .
                0x20000168                __bss_start__ = _sbss
 *(.bss)
 .bss           0x20000168       0x1c /home/dabit/Ac6/SystemWorkbench/plugins/fr.ac6.mcu.externaltools.arm-none.linux64_1.12.0.201611241417/tools/compiler/bin/../lib/gcc/arm-none-eabi/5.4.1/armv7-m/crtbegin.o
 .bss           0x20000184        0x4 Drivers/STM32F1xx_HAL_Driver/Src/stm32f1xx_hal.o
 .bss           0x20000188        0x1 Middlewares/ST/STM32_USB_Device_Library/Core/Src/usbd_ctlreq.o
 *fill*         0x20000189        0x1 
 .bss           0x2000018a        0x8 Src/main.o
                0x2000018a                avgctr
                0x2000018c                bGotADCResults
                0x20000190                IsRunning
                0x20000191                bGotUSBData
 *fill*         0x20000192        0x2 
 .bss           0x20000194       0x58 Src/usbd_conf.o
 *(.bss*)
 *(COMMON)
 COMMON         0x200001ec      0x4d0 Src/main.o
                0x200001ec                htim4
                0x20000228                PID
                0x200003d8                hadc1
                0x20000408                CommTimeoutCtr
                0x2000040c                hdma_adc1
                0x20000444                hrtc
                0x20000458                USBTxBuf
                0x20000498                htim2
                0x200004d4                modulator
                0x20000564                ADCresults
                0x200005e4                thermistor
 COMMON         0x200006bc      0x224 Src/usb_device.o
                0x200006bc                hUsbDeviceFS
 COMMON         0x200008e0      0x420 Src/usbd_conf.o
                0x200008e0                hpcd_USB_FS
 COMMON         0x20000d00      0x200 Src/usbd_desc.o
                0x20000d00                USBD_StrDesc
                0x20000f00                . = ALIGN (0x4)
                0x20000f00                _ebss = .
                0x20000f00                __bss_end__ = _ebss

._user_heap_stack
                0x20000f00      0x800 load address 0x080067dc
                0x20000f00                . = ALIGN (0x8)
                [!provide]                PROVIDE (end, .)
                [!provide]                PROVIDE (_end, .)
                0x20001300                . = (. + _Min_Heap_Size)
 *fill*         0x20000f00      0x400 
                0x20001700                . = (. + _Min_Stack_Size)
 *fill*         0x20001300      0x400 
                0x20001700                . = ALIGN (0x8)

/DISCARD/
 libc.a(*)
 libm.a(*)
 libgcc.a(*)

.ARM.attributes
                0x00000000       0x2b
 *(.ARM.attributes)
 .ARM.attributes
                0x00000000       0x1d /home/dabit/Ac6/SystemWorkbench/plugins/fr.ac6.mcu.externaltools.arm-none.linux64_1.12.0.201611241417/tools/compiler/bin/../lib/gcc/arm-none-eabi/5.4.1/armv7-m/crti.o
 .ARM.attributes
                0x0000001d       0x2d /home/dabit/Ac6/SystemWorkbench/plugins/fr.ac6.mcu.externaltools.arm-none.linux64_1.12.0.201611241417/tools/compiler/bin/../lib/gcc/arm-none-eabi/5.4.1/armv7-m/crtbegin.o
 .ARM.attributes
                0x0000004a       0x21 Drivers/CMSIS/Device/ST/STM32F1xx/Source/Templates/gcc/startup_stm32f103xb.o
 .ARM.attributes
                0x0000006b       0x33 Drivers/CMSIS/Device/ST/STM32F1xx/Source/Templates/system_stm32f1xx.o
 .ARM.attributes
                0x0000009e       0x33 Drivers/STM32F1xx_HAL_Driver/Src/stm32f1xx_hal.o
 .ARM.attributes
                0x000000d1       0x33 Drivers/STM32F1xx_HAL_Driver/Src/stm32f1xx_hal_adc.o
 .ARM.attributes
                0x00000104       0x33 Drivers/STM32F1xx_HAL_Driver/Src/stm32f1xx_hal_adc_ex.o
 .ARM.attributes
                0x00000137       0x33 Drivers/STM32F1xx_HAL_Driver/Src/stm32f1xx_hal_cortex.o
 .ARM.attributes
                0x0000016a       0x33 Drivers/STM32F1xx_HAL_Driver/Src/stm32f1xx_hal_dma.o
 .ARM.attributes
                0x0000019d       0x33 Drivers/STM32F1xx_HAL_Driver/Src/stm32f1xx_hal_gpio.o
 .ARM.attributes
                0x000001d0       0x33 Drivers/STM32F1xx_HAL_Driver/Src/stm32f1xx_hal_pcd.o
 .ARM.attributes
                0x00000203       0x33 Drivers/STM32F1xx_HAL_Driver/Src/stm32f1xx_hal_pcd_ex.o
 .ARM.attributes
                0x00000236       0x33 Drivers/STM32F1xx_HAL_Driver/Src/stm32f1xx_hal_pwr.o
 .ARM.attributes
                0x00000269       0x33 Drivers/STM32F1xx_HAL_Driver/Src/stm32f1xx_hal_rcc.o
 .ARM.attributes
                0x0000029c       0x33 Drivers/STM32F1xx_HAL_Driver/Src/stm32f1xx_hal_rcc_ex.o
 .ARM.attributes
                0x000002cf       0x33 Drivers/STM32F1xx_HAL_Driver/Src/stm32f1xx_hal_rtc.o
 .ARM.attributes
                0x00000302       0x33 Drivers/STM32F1xx_HAL_Driver/Src/stm32f1xx_hal_tim.o
 .ARM.attributes
                0x00000335       0x33 Drivers/STM32F1xx_HAL_Driver/Src/stm32f1xx_hal_tim_ex.o
 .ARM.attributes
                0x00000368       0x33 Drivers/STM32F1xx_HAL_Driver/Src/stm32f1xx_ll_usb.o
 .ARM.attributes
                0x0000039b       0x33 Middlewares/ST/STM32_USB_Device_Library/Class/CustomHID/Src/usbd_customhid.o
 .ARM.attributes
                0x000003ce       0x33 Middlewares/ST/STM32_USB_Device_Library/Core/Src/usbd_core.o
 .ARM.attributes
                0x00000401       0x33 Middlewares/ST/STM32_USB_Device_Library/Core/Src/usbd_ctlreq.o
 .ARM.attributes
                0x00000434       0x33 Middlewares/ST/STM32_USB_Device_Library/Core/Src/usbd_ioreq.o
 .ARM.attributes
                0x00000467       0x33 Src/main.o
 .ARM.attributes
                0x0000049a       0x33 Src/stm32f1xx_hal_msp.o
 .ARM.attributes
                0x000004cd       0x33 Src/stm32f1xx_it.o
 .ARM.attributes
                0x00000500       0x33 Src/usb_device.o
 .ARM.attributes
                0x00000533       0x33 Src/usbd_conf.o
 .ARM.attributes
                0x00000566       0x33 Src/usbd_custom_hid_if.o
 .ARM.attributes
                0x00000599       0x33 Src/usbd_desc.o
 .ARM.attributes
                0x000005cc       0x30 /home/dabit/Ac6/SystemWorkbench/plugins/fr.ac6.mcu.externaltools.arm-none.linux64_1.12.0.201611241417/tools/compiler/arm-none-eabi/lib/thumb/libc_nano.a(lib_a-impure.o)
 .ARM.attributes
                0x000005fc       0x30 /home/dabit/Ac6/SystemWorkbench/plugins/fr.ac6.mcu.externaltools.arm-none.linux64_1.12.0.201611241417/tools/compiler/arm-none-eabi/lib/thumb/libc_nano.a(lib_a-init.o)
 .ARM.attributes
                0x0000062c       0x30 /home/dabit/Ac6/SystemWorkbench/plugins/fr.ac6.mcu.externaltools.arm-none.linux64_1.12.0.201611241417/tools/compiler/arm-none-eabi/lib/thumb/libc_nano.a(lib_a-memset.o)
 .ARM.attributes
                0x0000065c       0x30 /home/dabit/Ac6/SystemWorkbench/plugins/fr.ac6.mcu.externaltools.arm-none.linux64_1.12.0.201611241417/tools/compiler/arm-none-eabi/lib/thumb/libm.a(lib_a-w_log.o)
 .ARM.attributes
                0x0000068c       0x30 /home/dabit/Ac6/SystemWorkbench/plugins/fr.ac6.mcu.externaltools.arm-none.linux64_1.12.0.201611241417/tools/compiler/arm-none-eabi/lib/thumb/libm.a(lib_a-e_log.o)
 .ARM.attributes
                0x000006bc       0x30 /home/dabit/Ac6/SystemWorkbench/plugins/fr.ac6.mcu.externaltools.arm-none.linux64_1.12.0.201611241417/tools/compiler/arm-none-eabi/lib/thumb/libm.a(lib_a-s_lib_ver.o)
 .ARM.attributes
                0x000006ec       0x30 /home/dabit/Ac6/SystemWorkbench/plugins/fr.ac6.mcu.externaltools.arm-none.linux64_1.12.0.201611241417/tools/compiler/arm-none-eabi/lib/thumb/libm.a(lib_a-s_matherr.o)
 .ARM.attributes
                0x0000071c       0x30 /home/dabit/Ac6/SystemWorkbench/plugins/fr.ac6.mcu.externaltools.arm-none.linux64_1.12.0.201611241417/tools/compiler/arm-none-eabi/lib/thumb/libm.a(lib_a-s_nan.o)
 .ARM.attributes
                0x0000074c       0x1d /home/dabit/Ac6/SystemWorkbench/plugins/fr.ac6.mcu.externaltools.arm-none.linux64_1.12.0.201611241417/tools/compiler/bin/../lib/gcc/arm-none-eabi/5.4.1/armv7-m/libgcc.a(_arm_addsubdf3.o)
 .ARM.attributes
                0x00000769       0x1d /home/dabit/Ac6/SystemWorkbench/plugins/fr.ac6.mcu.externaltools.arm-none.linux64_1.12.0.201611241417/tools/compiler/bin/../lib/gcc/arm-none-eabi/5.4.1/armv7-m/libgcc.a(_arm_muldivdf3.o)
 .ARM.attributes
                0x00000786       0x1d /home/dabit/Ac6/SystemWorkbench/plugins/fr.ac6.mcu.externaltools.arm-none.linux64_1.12.0.201611241417/tools/compiler/bin/../lib/gcc/arm-none-eabi/5.4.1/armv7-m/libgcc.a(_arm_cmpdf2.o)
 .ARM.attributes
                0x000007a3       0x1d /home/dabit/Ac6/SystemWorkbench/plugins/fr.ac6.mcu.externaltools.arm-none.linux64_1.12.0.201611241417/tools/compiler/bin/../lib/gcc/arm-none-eabi/5.4.1/armv7-m/libgcc.a(_arm_unorddf2.o)
 .ARM.attributes
                0x000007c0       0x1d /home/dabit/Ac6/SystemWorkbench/plugins/fr.ac6.mcu.externaltools.arm-none.linux64_1.12.0.201611241417/tools/compiler/bin/../lib/gcc/arm-none-eabi/5.4.1/armv7-m/libgcc.a(_arm_truncdfsf2.o)
 .ARM.attributes
                0x000007dd       0x1d /home/dabit/Ac6/SystemWorkbench/plugins/fr.ac6.mcu.externaltools.arm-none.linux64_1.12.0.201611241417/tools/compiler/bin/../lib/gcc/arm-none-eabi/5.4.1/armv7-m/libgcc.a(_arm_addsubsf3.o)
 .ARM.attributes
                0x000007fa       0x1d /home/dabit/Ac6/SystemWorkbench/plugins/fr.ac6.mcu.externaltools.arm-none.linux64_1.12.0.201611241417/tools/compiler/bin/../lib/gcc/arm-none-eabi/5.4.1/armv7-m/libgcc.a(_arm_muldivsf3.o)
 .ARM.attributes
                0x00000817       0x1d /home/dabit/Ac6/SystemWorkbench/plugins/fr.ac6.mcu.externaltools.arm-none.linux64_1.12.0.201611241417/tools/compiler/bin/../lib/gcc/arm-none-eabi/5.4.1/armv7-m/libgcc.a(_arm_cmpsf2.o)
 .ARM.attributes
                0x00000834       0x1d /home/dabit/Ac6/SystemWorkbench/plugins/fr.ac6.mcu.externaltools.arm-none.linux64_1.12.0.201611241417/tools/compiler/bin/../lib/gcc/arm-none-eabi/5.4.1/armv7-m/libgcc.a(_arm_fixunssfsi.o)
 .ARM.attributes
                0x00000851       0x30 /home/dabit/Ac6/SystemWorkbench/plugins/fr.ac6.mcu.externaltools.arm-none.linux64_1.12.0.201611241417/tools/compiler/arm-none-eabi/lib/thumb/libc_nano.a(lib_a-errno.o)
 .ARM.attributes
                0x00000881       0x1d /home/dabit/Ac6/SystemWorkbench/plugins/fr.ac6.mcu.externaltools.arm-none.linux64_1.12.0.201611241417/tools/compiler/bin/../lib/gcc/arm-none-eabi/5.4.1/armv7-m/crtn.o
OUTPUT(auxcontroller.elf elf32-littlearm)

.debug_line     0x00000000    0x14d84
 .debug_line    0x00000000       0xac Drivers/CMSIS/Device/ST/STM32F1xx/Source/Templates/gcc/startup_stm32f103xb.o
 .debug_line    0x000000ac      0x919 Drivers/CMSIS/Device/ST/STM32F1xx/Source/Templates/system_stm32f1xx.o
 .debug_line    0x000009c5      0xa11 Drivers/STM32F1xx_HAL_Driver/Src/stm32f1xx_hal.o
 .debug_line    0x000013d6      0xf65 Drivers/STM32F1xx_HAL_Driver/Src/stm32f1xx_hal_adc.o
 .debug_line    0x0000233b      0xdcb Drivers/STM32F1xx_HAL_Driver/Src/stm32f1xx_hal_adc_ex.o
 .debug_line    0x00003106      0xaa3 Drivers/STM32F1xx_HAL_Driver/Src/stm32f1xx_hal_cortex.o
 .debug_line    0x00003ba9      0xe8c Drivers/STM32F1xx_HAL_Driver/Src/stm32f1xx_hal_dma.o
 .debug_line    0x00004a35      0xaea Drivers/STM32F1xx_HAL_Driver/Src/stm32f1xx_hal_gpio.o
 .debug_line    0x0000551f      0xd17 Drivers/STM32F1xx_HAL_Driver/Src/stm32f1xx_hal_pcd.o
 .debug_line    0x00006236      0x8e0 Drivers/STM32F1xx_HAL_Driver/Src/stm32f1xx_hal_pcd_ex.o
 .debug_line    0x00006b16      0xa6a Drivers/STM32F1xx_HAL_Driver/Src/stm32f1xx_hal_pwr.o
 .debug_line    0x00007580      0xefa Drivers/STM32F1xx_HAL_Driver/Src/stm32f1xx_hal_rcc.o
 .debug_line    0x0000847a      0xa17 Drivers/STM32F1xx_HAL_Driver/Src/stm32f1xx_hal_rcc_ex.o
 .debug_line    0x00008e91      0xe90 Drivers/STM32F1xx_HAL_Driver/Src/stm32f1xx_hal_rtc.o
 .debug_line    0x00009d21     0x1b78 Drivers/STM32F1xx_HAL_Driver/Src/stm32f1xx_hal_tim.o
 .debug_line    0x0000b899      0xe3f Drivers/STM32F1xx_HAL_Driver/Src/stm32f1xx_hal_tim_ex.o
 .debug_line    0x0000c6d8      0xc95 Drivers/STM32F1xx_HAL_Driver/Src/stm32f1xx_ll_usb.o
 .debug_line    0x0000d36d      0xba6 Middlewares/ST/STM32_USB_Device_Library/Class/CustomHID/Src/usbd_customhid.o
 .debug_line    0x0000df13      0xbaa Middlewares/ST/STM32_USB_Device_Library/Core/Src/usbd_core.o
 .debug_line    0x0000eabd      0xb2f Middlewares/ST/STM32_USB_Device_Library/Core/Src/usbd_ctlreq.o
 .debug_line    0x0000f5ec      0xa41 Middlewares/ST/STM32_USB_Device_Library/Core/Src/usbd_ioreq.o
 .debug_line    0x0001002d      0xe46 Src/main.o
 .debug_line    0x00010e73      0x9cd Src/stm32f1xx_hal_msp.o
 .debug_line    0x00011840      0x942 Src/stm32f1xx_it.o
 .debug_line    0x00012182      0xa65 Src/usb_device.o
 .debug_line    0x00012be7      0xc79 Src/usbd_conf.o
 .debug_line    0x00013860      0xb14 Src/usbd_custom_hid_if.o
 .debug_line    0x00014374      0xa10 Src/usbd_desc.o

.debug_info     0x00000000    0x16cc3
 .debug_info    0x00000000       0xbf Drivers/CMSIS/Device/ST/STM32F1xx/Source/Templates/gcc/startup_stm32f103xb.o
 .debug_info    0x000000bf      0x3eb Drivers/CMSIS/Device/ST/STM32F1xx/Source/Templates/system_stm32f1xx.o
 .debug_info    0x000004aa      0x686 Drivers/STM32F1xx_HAL_Driver/Src/stm32f1xx_hal.o
 .debug_info    0x00000b30      0xf9c Drivers/STM32F1xx_HAL_Driver/Src/stm32f1xx_hal_adc.o
 .debug_info    0x00001acc      0xc4b Drivers/STM32F1xx_HAL_Driver/Src/stm32f1xx_hal_adc_ex.o
 .debug_info    0x00002717      0xc2b Drivers/STM32F1xx_HAL_Driver/Src/stm32f1xx_hal_cortex.o
 .debug_info    0x00003342      0x64e Drivers/STM32F1xx_HAL_Driver/Src/stm32f1xx_hal_dma.o
 .debug_info    0x00003990      0x60f Drivers/STM32F1xx_HAL_Driver/Src/stm32f1xx_hal_gpio.o
 .debug_info    0x00003f9f     0x103e Drivers/STM32F1xx_HAL_Driver/Src/stm32f1xx_hal_pcd.o
 .debug_info    0x00004fdd      0x5a7 Drivers/STM32F1xx_HAL_Driver/Src/stm32f1xx_hal_pcd_ex.o
 .debug_info    0x00005584      0x7b5 Drivers/STM32F1xx_HAL_Driver/Src/stm32f1xx_hal_pwr.o
 .debug_info    0x00005d39     0x1219 Drivers/STM32F1xx_HAL_Driver/Src/stm32f1xx_hal_rcc.o
 .debug_info    0x00006f52      0x577 Drivers/STM32F1xx_HAL_Driver/Src/stm32f1xx_hal_rcc_ex.o
 .debug_info    0x000074c9     0x138c Drivers/STM32F1xx_HAL_Driver/Src/stm32f1xx_hal_rtc.o
 .debug_info    0x00008855     0x30a9 Drivers/STM32F1xx_HAL_Driver/Src/stm32f1xx_hal_tim.o
 .debug_info    0x0000b8fe     0x1051 Drivers/STM32F1xx_HAL_Driver/Src/stm32f1xx_hal_tim_ex.o
 .debug_info    0x0000c94f      0xe7a Drivers/STM32F1xx_HAL_Driver/Src/stm32f1xx_ll_usb.o
 .debug_info    0x0000d7c9      0xb34 Middlewares/ST/STM32_USB_Device_Library/Class/CustomHID/Src/usbd_customhid.o
 .debug_info    0x0000e2fd      0xbed Middlewares/ST/STM32_USB_Device_Library/Core/Src/usbd_core.o
 .debug_info    0x0000eeea      0xde4 Middlewares/ST/STM32_USB_Device_Library/Core/Src/usbd_ctlreq.o
 .debug_info    0x0000fcce      0x790 Middlewares/ST/STM32_USB_Device_Library/Core/Src/usbd_ioreq.o
 .debug_info    0x0001045e     0x20aa Src/main.o
 .debug_info    0x00012508     0x104e Src/stm32f1xx_hal_msp.o
 .debug_info    0x00013556      0xc2a Src/stm32f1xx_it.o
 .debug_info    0x00014180      0x61f Src/usb_device.o
 .debug_info    0x0001479f     0x16bd Src/usbd_conf.o
 .debug_info    0x00015e5c      0x978 Src/usbd_custom_hid_if.o
 .debug_info    0x000167d4      0x4ef Src/usbd_desc.o

.debug_abbrev   0x00000000     0x3edd
 .debug_abbrev  0x00000000       0x12 Drivers/CMSIS/Device/ST/STM32F1xx/Source/Templates/gcc/startup_stm32f103xb.o
 .debug_abbrev  0x00000012      0x125 Drivers/CMSIS/Device/ST/STM32F1xx/Source/Templates/system_stm32f1xx.o
 .debug_abbrev  0x00000137      0x22f Drivers/STM32F1xx_HAL_Driver/Src/stm32f1xx_hal.o
 .debug_abbrev  0x00000366      0x2cb Drivers/STM32F1xx_HAL_Driver/Src/stm32f1xx_hal_adc.o
 .debug_abbrev  0x00000631      0x28f Drivers/STM32F1xx_HAL_Driver/Src/stm32f1xx_hal_adc_ex.o
 .debug_abbrev  0x000008c0      0x2e2 Drivers/STM32F1xx_HAL_Driver/Src/stm32f1xx_hal_cortex.o
 .debug_abbrev  0x00000ba2      0x216 Drivers/STM32F1xx_HAL_Driver/Src/stm32f1xx_hal_dma.o
 .debug_abbrev  0x00000db8      0x1cb Drivers/STM32F1xx_HAL_Driver/Src/stm32f1xx_hal_gpio.o
 .debug_abbrev  0x00000f83      0x334 Drivers/STM32F1xx_HAL_Driver/Src/stm32f1xx_hal_pcd.o
 .debug_abbrev  0x000012b7      0x16e Drivers/STM32F1xx_HAL_Driver/Src/stm32f1xx_hal_pcd_ex.o
 .debug_abbrev  0x00001425      0x20e Drivers/STM32F1xx_HAL_Driver/Src/stm32f1xx_hal_pwr.o
 .debug_abbrev  0x00001633      0x2cd Drivers/STM32F1xx_HAL_Driver/Src/stm32f1xx_hal_rcc.o
 .debug_abbrev  0x00001900      0x23e Drivers/STM32F1xx_HAL_Driver/Src/stm32f1xx_hal_rcc_ex.o
 .debug_abbrev  0x00001b3e      0x2d7 Drivers/STM32F1xx_HAL_Driver/Src/stm32f1xx_hal_rtc.o
 .debug_abbrev  0x00001e15      0x345 Drivers/STM32F1xx_HAL_Driver/Src/stm32f1xx_hal_tim.o
 .debug_abbrev  0x0000215a      0x29d Drivers/STM32F1xx_HAL_Driver/Src/stm32f1xx_hal_tim_ex.o
 .debug_abbrev  0x000023f7      0x240 Drivers/STM32F1xx_HAL_Driver/Src/stm32f1xx_ll_usb.o
 .debug_abbrev  0x00002637      0x250 Middlewares/ST/STM32_USB_Device_Library/Class/CustomHID/Src/usbd_customhid.o
 .debug_abbrev  0x00002887      0x273 Middlewares/ST/STM32_USB_Device_Library/Core/Src/usbd_core.o
 .debug_abbrev  0x00002afa      0x309 Middlewares/ST/STM32_USB_Device_Library/Core/Src/usbd_ctlreq.o
 .debug_abbrev  0x00002e03      0x158 Middlewares/ST/STM32_USB_Device_Library/Core/Src/usbd_ioreq.o
 .debug_abbrev  0x00002f5b      0x390 Src/main.o
 .debug_abbrev  0x000032eb      0x287 Src/stm32f1xx_hal_msp.o
 .debug_abbrev  0x00003572      0x1db Src/stm32f1xx_it.o
 .debug_abbrev  0x0000374d      0x173 Src/usb_device.o
 .debug_abbrev  0x000038c0      0x2b6 Src/usbd_conf.o
 .debug_abbrev  0x00003b76      0x1c7 Src/usbd_custom_hid_if.o
 .debug_abbrev  0x00003d3d      0x1a0 Src/usbd_desc.o

.debug_aranges  0x00000000      0xef0
 .debug_aranges
                0x00000000       0x28 Drivers/CMSIS/Device/ST/STM32F1xx/Source/Templates/gcc/startup_stm32f103xb.o
 .debug_aranges
                0x00000028       0x28 Drivers/CMSIS/Device/ST/STM32F1xx/Source/Templates/system_stm32f1xx.o
 .debug_aranges
                0x00000050       0xa8 Drivers/STM32F1xx_HAL_Driver/Src/stm32f1xx_hal.o
 .debug_aranges
                0x000000f8       0xc8 Drivers/STM32F1xx_HAL_Driver/Src/stm32f1xx_hal_adc.o
 .debug_aranges
                0x000001c0       0x80 Drivers/STM32F1xx_HAL_Driver/Src/stm32f1xx_hal_adc_ex.o
 .debug_aranges
                0x00000240       0x90 Drivers/STM32F1xx_HAL_Driver/Src/stm32f1xx_hal_cortex.o
 .debug_aranges
                0x000002d0       0x60 Drivers/STM32F1xx_HAL_Driver/Src/stm32f1xx_hal_dma.o
 .debug_aranges
                0x00000330       0x58 Drivers/STM32F1xx_HAL_Driver/Src/stm32f1xx_hal_gpio.o
 .debug_aranges
                0x00000388       0xc0 Drivers/STM32F1xx_HAL_Driver/Src/stm32f1xx_hal_pcd.o
 .debug_aranges
                0x00000448       0x28 Drivers/STM32F1xx_HAL_Driver/Src/stm32f1xx_hal_pcd_ex.o
 .debug_aranges
                0x00000470       0xa8 Drivers/STM32F1xx_HAL_Driver/Src/stm32f1xx_hal_pwr.o
 .debug_aranges
                0x00000518       0x88 Drivers/STM32F1xx_HAL_Driver/Src/stm32f1xx_hal_rcc.o
 .debug_aranges
                0x000005a0       0x30 Drivers/STM32F1xx_HAL_Driver/Src/stm32f1xx_hal_rcc_ex.o
 .debug_aranges
                0x000005d0       0xb8 Drivers/STM32F1xx_HAL_Driver/Src/stm32f1xx_hal_rtc.o
 .debug_aranges
                0x00000688      0x250 Drivers/STM32F1xx_HAL_Driver/Src/stm32f1xx_hal_tim.o
 .debug_aranges
                0x000008d8       0xe0 Drivers/STM32F1xx_HAL_Driver/Src/stm32f1xx_hal_tim_ex.o
 .debug_aranges
                0x000009b8       0xe0 Drivers/STM32F1xx_HAL_Driver/Src/stm32f1xx_ll_usb.o
 .debug_aranges
                0x00000a98       0x68 Middlewares/ST/STM32_USB_Device_Library/Class/CustomHID/Src/usbd_customhid.o
 .debug_aranges
                0x00000b00       0xa8 Middlewares/ST/STM32_USB_Device_Library/Core/Src/usbd_core.o
 .debug_aranges
                0x00000ba8       0x48 Middlewares/ST/STM32_USB_Device_Library/Core/Src/usbd_ctlreq.o
 .debug_aranges
                0x00000bf0       0x50 Middlewares/ST/STM32_USB_Device_Library/Core/Src/usbd_ioreq.o
 .debug_aranges
                0x00000c40       0x48 Src/main.o
 .debug_aranges
                0x00000c88       0x58 Src/stm32f1xx_hal_msp.o
 .debug_aranges
                0x00000ce0       0x68 Src/stm32f1xx_it.o
 .debug_aranges
                0x00000d48       0x20 Src/usb_device.o
 .debug_aranges
                0x00000d68      0x110 Src/usbd_conf.o
 .debug_aranges
                0x00000e78       0x28 Src/usbd_custom_hid_if.o
 .debug_aranges
                0x00000ea0       0x50 Src/usbd_desc.o

.debug_ranges   0x00000000     0x1ac8
 .debug_ranges  0x00000000       0x20 Drivers/CMSIS/Device/ST/STM32F1xx/Source/Templates/gcc/startup_stm32f103xb.o
 .debug_ranges  0x00000020       0x18 Drivers/CMSIS/Device/ST/STM32F1xx/Source/Templates/system_stm32f1xx.o
 .debug_ranges  0x00000038       0xb0 Drivers/STM32F1xx_HAL_Driver/Src/stm32f1xx_hal.o
 .debug_ranges  0x000000e8       0xd0 Drivers/STM32F1xx_HAL_Driver/Src/stm32f1xx_hal_adc.o
 .debug_ranges  0x000001b8       0xa0 Drivers/STM32F1xx_HAL_Driver/Src/stm32f1xx_hal_adc_ex.o
 .debug_ranges  0x00000258      0x150 Drivers/STM32F1xx_HAL_Driver/Src/stm32f1xx_hal_cortex.o
 .debug_ranges  0x000003a8       0x90 Drivers/STM32F1xx_HAL_Driver/Src/stm32f1xx_hal_dma.o
 .debug_ranges  0x00000438       0x68 Drivers/STM32F1xx_HAL_Driver/Src/stm32f1xx_hal_gpio.o
 .debug_ranges  0x000004a0      0x128 Drivers/STM32F1xx_HAL_Driver/Src/stm32f1xx_hal_pcd.o
 .debug_ranges  0x000005c8       0x18 Drivers/STM32F1xx_HAL_Driver/Src/stm32f1xx_hal_pcd_ex.o
 .debug_ranges  0x000005e0       0x98 Drivers/STM32F1xx_HAL_Driver/Src/stm32f1xx_hal_pwr.o
 .debug_ranges  0x00000678      0x278 Drivers/STM32F1xx_HAL_Driver/Src/stm32f1xx_hal_rcc.o
 .debug_ranges  0x000008f0       0x88 Drivers/STM32F1xx_HAL_Driver/Src/stm32f1xx_hal_rcc_ex.o
 .debug_ranges  0x00000978      0x208 Drivers/STM32F1xx_HAL_Driver/Src/stm32f1xx_hal_rtc.o
 .debug_ranges  0x00000b80      0x4e8 Drivers/STM32F1xx_HAL_Driver/Src/stm32f1xx_hal_tim.o
 .debug_ranges  0x00001068      0x178 Drivers/STM32F1xx_HAL_Driver/Src/stm32f1xx_hal_tim_ex.o
 .debug_ranges  0x000011e0      0x2a8 Drivers/STM32F1xx_HAL_Driver/Src/stm32f1xx_ll_usb.o
 .debug_ranges  0x00001488       0x58 Middlewares/ST/STM32_USB_Device_Library/Class/CustomHID/Src/usbd_customhid.o
 .debug_ranges  0x000014e0       0x98 Middlewares/ST/STM32_USB_Device_Library/Core/Src/usbd_core.o
 .debug_ranges  0x00001578       0xf0 Middlewares/ST/STM32_USB_Device_Library/Core/Src/usbd_ctlreq.o
 .debug_ranges  0x00001668       0x40 Middlewares/ST/STM32_USB_Device_Library/Core/Src/usbd_ioreq.o
 .debug_ranges  0x000016a8      0x138 Src/main.o
 .debug_ranges  0x000017e0       0xf8 Src/stm32f1xx_hal_msp.o
 .debug_ranges  0x000018d8       0x58 Src/stm32f1xx_it.o
 .debug_ranges  0x00001930       0x10 Src/usb_device.o
 .debug_ranges  0x00001940      0x130 Src/usbd_conf.o
 .debug_ranges  0x00001a70       0x18 Src/usbd_custom_hid_if.o
 .debug_ranges  0x00001a88       0x40 Src/usbd_desc.o

.debug_loc      0x00000000     0xdd5e
 .debug_loc     0x00000000       0xcd Drivers/CMSIS/Device/ST/STM32F1xx/Source/Templates/system_stm32f1xx.o
 .debug_loc     0x000000cd       0x81 Drivers/STM32F1xx_HAL_Driver/Src/stm32f1xx_hal.o
 .debug_loc     0x0000014e      0xb26 Drivers/STM32F1xx_HAL_Driver/Src/stm32f1xx_hal_adc.o
 .debug_loc     0x00000c74      0x8bf Drivers/STM32F1xx_HAL_Driver/Src/stm32f1xx_hal_adc_ex.o
 .debug_loc     0x00001533      0x5c9 Drivers/STM32F1xx_HAL_Driver/Src/stm32f1xx_hal_cortex.o
 .debug_loc     0x00001afc      0x4e4 Drivers/STM32F1xx_HAL_Driver/Src/stm32f1xx_hal_dma.o
 .debug_loc     0x00001fe0      0x3e1 Drivers/STM32F1xx_HAL_Driver/Src/stm32f1xx_hal_gpio.o
 .debug_loc     0x000023c1      0xcd8 Drivers/STM32F1xx_HAL_Driver/Src/stm32f1xx_hal_pcd.o
 .debug_loc     0x00003099       0xd6 Drivers/STM32F1xx_HAL_Driver/Src/stm32f1xx_hal_pcd_ex.o
 .debug_loc     0x0000316f      0x12a Drivers/STM32F1xx_HAL_Driver/Src/stm32f1xx_hal_pwr.o
 .debug_loc     0x00003299      0x863 Drivers/STM32F1xx_HAL_Driver/Src/stm32f1xx_hal_rcc.o
 .debug_loc     0x00003afc      0x393 Drivers/STM32F1xx_HAL_Driver/Src/stm32f1xx_hal_rcc_ex.o
 .debug_loc     0x00003e8f     0x1914 Drivers/STM32F1xx_HAL_Driver/Src/stm32f1xx_hal_rtc.o
 .debug_loc     0x000057a3     0x3fa0 Drivers/STM32F1xx_HAL_Driver/Src/stm32f1xx_hal_tim.o
 .debug_loc     0x00009743      0xd4b Drivers/STM32F1xx_HAL_Driver/Src/stm32f1xx_hal_tim_ex.o
 .debug_loc     0x0000a48e      0xf2e Drivers/STM32F1xx_HAL_Driver/Src/stm32f1xx_ll_usb.o
 .debug_loc     0x0000b3bc      0x56b Middlewares/ST/STM32_USB_Device_Library/Class/CustomHID/Src/usbd_customhid.o
 .debug_loc     0x0000b927      0x727 Middlewares/ST/STM32_USB_Device_Library/Core/Src/usbd_core.o
 .debug_loc     0x0000c04e      0xb9d Middlewares/ST/STM32_USB_Device_Library/Core/Src/usbd_ctlreq.o
 .debug_loc     0x0000cbeb      0x23c Middlewares/ST/STM32_USB_Device_Library/Core/Src/usbd_ioreq.o
 .debug_loc     0x0000ce27      0x366 Src/main.o
 .debug_loc     0x0000d18d      0x113 Src/stm32f1xx_hal_msp.o
 .debug_loc     0x0000d2a0      0x6f1 Src/usbd_conf.o
 .debug_loc     0x0000d991      0x15a Src/usbd_custom_hid_if.o
 .debug_loc     0x0000daeb      0x273 Src/usbd_desc.o

.debug_macro    0x00000000    0x1d813
 .debug_macro   0x00000000      0x31c Drivers/CMSIS/Device/ST/STM32F1xx/Source/Templates/system_stm32f1xx.o
 .debug_macro   0x0000031c      0x880 Drivers/CMSIS/Device/ST/STM32F1xx/Source/Templates/system_stm32f1xx.o
 .debug_macro   0x00000b9c       0x2e Drivers/CMSIS/Device/ST/STM32F1xx/Source/Templates/system_stm32f1xx.o
 .debug_macro   0x00000bca       0x22 Drivers/CMSIS/Device/ST/STM32F1xx/Source/Templates/system_stm32f1xx.o
 .debug_macro   0x00000bec       0x22 Drivers/CMSIS/Device/ST/STM32F1xx/Source/Templates/system_stm32f1xx.o
 .debug_macro   0x00000c0e       0x87 Drivers/CMSIS/Device/ST/STM32F1xx/Source/Templates/system_stm32f1xx.o
 .debug_macro   0x00000c95       0x44 Drivers/CMSIS/Device/ST/STM32F1xx/Source/Templates/system_stm32f1xx.o
 .debug_macro   0x00000cd9       0xfd Drivers/CMSIS/Device/ST/STM32F1xx/Source/Templates/system_stm32f1xx.o
 .debug_macro   0x00000dd6       0x5e Drivers/CMSIS/Device/ST/STM32F1xx/Source/Templates/system_stm32f1xx.o
 .debug_macro   0x00000e34      0x1df Drivers/CMSIS/Device/ST/STM32F1xx/Source/Templates/system_stm32f1xx.o
 .debug_macro   0x00001013       0x34 Drivers/CMSIS/Device/ST/STM32F1xx/Source/Templates/system_stm32f1xx.o
 .debug_macro   0x00001047       0x34 Drivers/CMSIS/Device/ST/STM32F1xx/Source/Templates/system_stm32f1xx.o
 .debug_macro   0x0000107b      0xb8e Drivers/CMSIS/Device/ST/STM32F1xx/Source/Templates/system_stm32f1xx.o
 .debug_macro   0x00001c09     0xf2f7 Drivers/CMSIS/Device/ST/STM32F1xx/Source/Templates/system_stm32f1xx.o
 .debug_macro   0x00010f00       0x43 Drivers/CMSIS/Device/ST/STM32F1xx/Source/Templates/system_stm32f1xx.o
 .debug_macro   0x00010f43       0xd6 Drivers/CMSIS/Device/ST/STM32F1xx/Source/Templates/system_stm32f1xx.o
 .debug_macro   0x00011019      0x173 Drivers/CMSIS/Device/ST/STM32F1xx/Source/Templates/system_stm32f1xx.o
 .debug_macro   0x0001118c     0x3383 Drivers/CMSIS/Device/ST/STM32F1xx/Source/Templates/system_stm32f1xx.o
 .debug_macro   0x0001450f       0x52 Drivers/CMSIS/Device/ST/STM32F1xx/Source/Templates/system_stm32f1xx.o
 .debug_macro   0x00014561       0x35 Drivers/CMSIS/Device/ST/STM32F1xx/Source/Templates/system_stm32f1xx.o
 .debug_macro   0x00014596       0x9c Drivers/CMSIS/Device/ST/STM32F1xx/Source/Templates/system_stm32f1xx.o
 .debug_macro   0x00014632       0x16 Drivers/CMSIS/Device/ST/STM32F1xx/Source/Templates/system_stm32f1xx.o
 .debug_macro   0x00014648       0x97 Drivers/CMSIS/Device/ST/STM32F1xx/Source/Templates/system_stm32f1xx.o
 .debug_macro   0x000146df      0x30d Drivers/CMSIS/Device/ST/STM32F1xx/Source/Templates/system_stm32f1xx.o
 .debug_macro   0x000149ec       0xfd Drivers/CMSIS/Device/ST/STM32F1xx/Source/Templates/system_stm32f1xx.o
 .debug_macro   0x00014ae9       0x10 Drivers/CMSIS/Device/ST/STM32F1xx/Source/Templates/system_stm32f1xx.o
 .debug_macro   0x00014af9       0x52 Drivers/CMSIS/Device/ST/STM32F1xx/Source/Templates/system_stm32f1xx.o
 .debug_macro   0x00014b4b       0x1f Drivers/CMSIS/Device/ST/STM32F1xx/Source/Templates/system_stm32f1xx.o
 .debug_macro   0x00014b6a       0x43 Drivers/CMSIS/Device/ST/STM32F1xx/Source/Templates/system_stm32f1xx.o
 .debug_macro   0x00014bad       0x20 Drivers/CMSIS/Device/ST/STM32F1xx/Source/Templates/system_stm32f1xx.o
 .debug_macro   0x00014bcd      0x187 Drivers/CMSIS/Device/ST/STM32F1xx/Source/Templates/system_stm32f1xx.o
 .debug_macro   0x00014d54       0x10 Drivers/CMSIS/Device/ST/STM32F1xx/Source/Templates/system_stm32f1xx.o
 .debug_macro   0x00014d64       0x1c Drivers/CMSIS/Device/ST/STM32F1xx/Source/Templates/system_stm32f1xx.o
 .debug_macro   0x00014d80       0x52 Drivers/CMSIS/Device/ST/STM32F1xx/Source/Templates/system_stm32f1xx.o
 .debug_macro   0x00014dd2       0x40 Drivers/CMSIS/Device/ST/STM32F1xx/Source/Templates/system_stm32f1xx.o
 .debug_macro   0x00014e12       0x10 Drivers/CMSIS/Device/ST/STM32F1xx/Source/Templates/system_stm32f1xx.o
 .debug_macro   0x00014e22       0x40 Drivers/CMSIS/Device/ST/STM32F1xx/Source/Templates/system_stm32f1xx.o
 .debug_macro   0x00014e62       0xd7 Drivers/CMSIS/Device/ST/STM32F1xx/Source/Templates/system_stm32f1xx.o
 .debug_macro   0x00014f39       0x16 Drivers/CMSIS/Device/ST/STM32F1xx/Source/Templates/system_stm32f1xx.o
 .debug_macro   0x00014f4f      0x189 Drivers/CMSIS/Device/ST/STM32F1xx/Source/Templates/system_stm32f1xx.o
 .debug_macro   0x000150d8       0x50 Drivers/CMSIS/Device/ST/STM32F1xx/Source/Templates/system_stm32f1xx.o
 .debug_macro   0x00015128      0x778 Drivers/CMSIS/Device/ST/STM32F1xx/Source/Templates/system_stm32f1xx.o
 .debug_macro   0x000158a0      0x28b Drivers/CMSIS/Device/ST/STM32F1xx/Source/Templates/system_stm32f1xx.o
 .debug_macro   0x00015b2b      0x141 Drivers/CMSIS/Device/ST/STM32F1xx/Source/Templates/system_stm32f1xx.o
 .debug_macro   0x00015c6c      0x197 Drivers/CMSIS/Device/ST/STM32F1xx/Source/Templates/system_stm32f1xx.o
 .debug_macro   0x00015e03      0x1ae Drivers/CMSIS/Device/ST/STM32F1xx/Source/Templates/system_stm32f1xx.o
 .debug_macro   0x00015fb1       0x2d Drivers/CMSIS/Device/ST/STM32F1xx/Source/Templates/system_stm32f1xx.o
 .debug_macro   0x00015fde       0x3c Drivers/CMSIS/Device/ST/STM32F1xx/Source/Templates/system_stm32f1xx.o
 .debug_macro   0x0001601a       0x57 Drivers/CMSIS/Device/ST/STM32F1xx/Source/Templates/system_stm32f1xx.o
 .debug_macro   0x00016071      0x46a Drivers/CMSIS/Device/ST/STM32F1xx/Source/Templates/system_stm32f1xx.o
 .debug_macro   0x000164db      0x1b5 Drivers/CMSIS/Device/ST/STM32F1xx/Source/Templates/system_stm32f1xx.o
 .debug_macro   0x00016690       0x8c Drivers/CMSIS/Device/ST/STM32F1xx/Source/Templates/system_stm32f1xx.o
 .debug_macro   0x0001671c      0x242 Drivers/CMSIS/Device/ST/STM32F1xx/Source/Templates/system_stm32f1xx.o
 .debug_macro   0x0001695e      0x143 Drivers/CMSIS/Device/ST/STM32F1xx/Source/Templates/system_stm32f1xx.o
 .debug_macro   0x00016aa1      0x1ef Drivers/CMSIS/Device/ST/STM32F1xx/Source/Templates/system_stm32f1xx.o
 .debug_macro   0x00016c90       0xf2 Drivers/CMSIS/Device/ST/STM32F1xx/Source/Templates/system_stm32f1xx.o
 .debug_macro   0x00016d82      0x83e Drivers/CMSIS/Device/ST/STM32F1xx/Source/Templates/system_stm32f1xx.o
 .debug_macro   0x000175c0       0x11 Drivers/CMSIS/Device/ST/STM32F1xx/Source/Templates/system_stm32f1xx.o
 .debug_macro   0x000175d1       0x50 Drivers/CMSIS/Device/ST/STM32F1xx/Source/Templates/system_stm32f1xx.o
 .debug_macro   0x00017621      0x26c Drivers/CMSIS/Device/ST/STM32F1xx/Source/Templates/system_stm32f1xx.o
 .debug_macro   0x0001788d       0x7c Drivers/CMSIS/Device/ST/STM32F1xx/Source/Templates/system_stm32f1xx.o
 .debug_macro   0x00017909      0x33a Drivers/STM32F1xx_HAL_Driver/Src/stm32f1xx_hal.o
 .debug_macro   0x00017c43      0x333 Drivers/STM32F1xx_HAL_Driver/Src/stm32f1xx_hal_adc.o
 .debug_macro   0x00017f76      0x328 Drivers/STM32F1xx_HAL_Driver/Src/stm32f1xx_hal_adc_ex.o
 .debug_macro   0x0001829e      0x316 Drivers/STM32F1xx_HAL_Driver/Src/stm32f1xx_hal_cortex.o
 .debug_macro   0x000185b4      0x31c Drivers/STM32F1xx_HAL_Driver/Src/stm32f1xx_hal_dma.o
 .debug_macro   0x000188d0      0x386 Drivers/STM32F1xx_HAL_Driver/Src/stm32f1xx_hal_gpio.o
 .debug_macro   0x00018c56      0x322 Drivers/STM32F1xx_HAL_Driver/Src/stm32f1xx_hal_pcd.o
 .debug_macro   0x00018f78      0x316 Drivers/STM32F1xx_HAL_Driver/Src/stm32f1xx_hal_pcd_ex.o
 .debug_macro   0x0001928e      0x376 Drivers/STM32F1xx_HAL_Driver/Src/stm32f1xx_hal_pwr.o
 .debug_macro   0x00019604      0x33a Drivers/STM32F1xx_HAL_Driver/Src/stm32f1xx_hal_rcc.o
 .debug_macro   0x0001993e      0x316 Drivers/STM32F1xx_HAL_Driver/Src/stm32f1xx_hal_rcc_ex.o
 .debug_macro   0x00019c54      0x325 Drivers/STM32F1xx_HAL_Driver/Src/stm32f1xx_hal_rtc.o
 .debug_macro   0x00019f79      0x317 Drivers/STM32F1xx_HAL_Driver/Src/stm32f1xx_hal_tim.o
 .debug_macro   0x0001a290      0x316 Drivers/STM32F1xx_HAL_Driver/Src/stm32f1xx_hal_tim_ex.o
 .debug_macro   0x0001a5a6      0x316 Drivers/STM32F1xx_HAL_Driver/Src/stm32f1xx_ll_usb.o
 .debug_macro   0x0001a8bc      0x3c2 Middlewares/ST/STM32_USB_Device_Library/Class/CustomHID/Src/usbd_customhid.o
 .debug_macro   0x0001ac7e       0x4c Middlewares/ST/STM32_USB_Device_Library/Class/CustomHID/Src/usbd_customhid.o
 .debug_macro   0x0001acca       0x8d Middlewares/ST/STM32_USB_Device_Library/Class/CustomHID/Src/usbd_customhid.o
 .debug_macro   0x0001ad57       0x4a Middlewares/ST/STM32_USB_Device_Library/Class/CustomHID/Src/usbd_customhid.o
 .debug_macro   0x0001ada1       0x16 Middlewares/ST/STM32_USB_Device_Library/Class/CustomHID/Src/usbd_customhid.o
 .debug_macro   0x0001adb7       0x35 Middlewares/ST/STM32_USB_Device_Library/Class/CustomHID/Src/usbd_customhid.o
 .debug_macro   0x0001adec       0x16 Middlewares/ST/STM32_USB_Device_Library/Class/CustomHID/Src/usbd_customhid.o
 .debug_macro   0x0001ae02       0x29 Middlewares/ST/STM32_USB_Device_Library/Class/CustomHID/Src/usbd_customhid.o
 .debug_macro   0x0001ae2b       0x16 Middlewares/ST/STM32_USB_Device_Library/Class/CustomHID/Src/usbd_customhid.o
 .debug_macro   0x0001ae41       0x6a Middlewares/ST/STM32_USB_Device_Library/Class/CustomHID/Src/usbd_customhid.o
 .debug_macro   0x0001aeab      0x1c3 Middlewares/ST/STM32_USB_Device_Library/Class/CustomHID/Src/usbd_customhid.o
 .debug_macro   0x0001b06e       0x5e Middlewares/ST/STM32_USB_Device_Library/Class/CustomHID/Src/usbd_customhid.o
 .debug_macro   0x0001b0cc      0x3a9 Middlewares/ST/STM32_USB_Device_Library/Core/Src/usbd_core.o
 .debug_macro   0x0001b475      0x3a9 Middlewares/ST/STM32_USB_Device_Library/Core/Src/usbd_ctlreq.o
 .debug_macro   0x0001b81e      0x3a5 Middlewares/ST/STM32_USB_Device_Library/Core/Src/usbd_ioreq.o
 .debug_macro   0x0001bbc3      0x403 Src/main.o
 .debug_macro   0x0001bfc6       0x9a Src/main.o
 .debug_macro   0x0001c060       0x34 Src/main.o
 .debug_macro   0x0001c094      0x1e1 Src/main.o
 .debug_macro   0x0001c275      0x316 Src/stm32f1xx_hal_msp.o
 .debug_macro   0x0001c58b      0x320 Src/stm32f1xx_it.o
 .debug_macro   0x0001c8ab      0x3e0 Src/usb_device.o
 .debug_macro   0x0001cc8b      0x3c2 Src/usbd_conf.o
 .debug_macro   0x0001d04d      0x3e3 Src/usbd_custom_hid_if.o
 .debug_macro   0x0001d430      0x3e3 Src/usbd_desc.o

.debug_str      0x00000000    0x9793b
 .debug_str     0x00000000    0x9116b Drivers/CMSIS/Device/ST/STM32F1xx/Source/Templates/system_stm32f1xx.o
                              0x91503 (size before relaxing)
 .debug_str     0x0009116b      0x590 Drivers/STM32F1xx_HAL_Driver/Src/stm32f1xx_hal.o
                              0x91ab4 (size before relaxing)
 .debug_str     0x000916fb      0x609 Drivers/STM32F1xx_HAL_Driver/Src/stm32f1xx_hal_adc.o
                              0x91ad9 (size before relaxing)
 .debug_str     0x00091d04      0x2f0 Drivers/STM32F1xx_HAL_Driver/Src/stm32f1xx_hal_adc_ex.o
                              0x91aec (size before relaxing)
 .debug_str     0x00091ff4      0x267 Drivers/STM32F1xx_HAL_Driver/Src/stm32f1xx_hal_cortex.o
                              0x91abe (size before relaxing)
 .debug_str     0x0009225b      0x155 Drivers/STM32F1xx_HAL_Driver/Src/stm32f1xx_hal_dma.o
                              0x9172c (size before relaxing)
 .debug_str     0x000923b0      0x44e Drivers/STM32F1xx_HAL_Driver/Src/stm32f1xx_hal_gpio.o
                              0x918a3 (size before relaxing)
 .debug_str     0x000927fe      0x6a1 Drivers/STM32F1xx_HAL_Driver/Src/stm32f1xx_hal_pcd.o
                              0x91b7b (size before relaxing)
 .debug_str     0x00092e9f       0x57 Drivers/STM32F1xx_HAL_Driver/Src/stm32f1xx_hal_pcd_ex.o
                              0x91750 (size before relaxing)
 .debug_str     0x00092ef6      0x552 Drivers/STM32F1xx_HAL_Driver/Src/stm32f1xx_hal_pwr.o
                              0x919f0 (size before relaxing)
 .debug_str     0x00093448      0x3aa Drivers/STM32F1xx_HAL_Driver/Src/stm32f1xx_hal_rcc.o
                              0x9190e (size before relaxing)
 .debug_str     0x000937f2      0x110 Drivers/STM32F1xx_HAL_Driver/Src/stm32f1xx_hal_rcc_ex.o
                              0x915e1 (size before relaxing)
 .debug_str     0x00093902      0x486 Drivers/STM32F1xx_HAL_Driver/Src/stm32f1xx_hal_rtc.o
                              0x91959 (size before relaxing)
 .debug_str     0x00093d88      0xbfc Drivers/STM32F1xx_HAL_Driver/Src/stm32f1xx_hal_tim.o
                              0x9229c (size before relaxing)
 .debug_str     0x00094984      0x3fd Drivers/STM32F1xx_HAL_Driver/Src/stm32f1xx_hal_tim_ex.o
                              0x91ccd (size before relaxing)
 .debug_str     0x00094d81      0x11e Drivers/STM32F1xx_HAL_Driver/Src/stm32f1xx_ll_usb.o
                              0x918cd (size before relaxing)
 .debug_str     0x00094e9f     0x122d Middlewares/ST/STM32_USB_Device_Library/Class/CustomHID/Src/usbd_customhid.o
                              0x926fb (size before relaxing)
 .debug_str     0x000960cc      0x27c Middlewares/ST/STM32_USB_Device_Library/Core/Src/usbd_core.o
                              0x9245b (size before relaxing)
 .debug_str     0x00096348      0x11b Middlewares/ST/STM32_USB_Device_Library/Core/Src/usbd_ctlreq.o
                              0x923a1 (size before relaxing)
 .debug_str     0x00096463       0x67 Middlewares/ST/STM32_USB_Device_Library/Core/Src/usbd_ioreq.o
                              0x922ce (size before relaxing)
 .debug_str     0x000964ca      0xe8b Src/main.o
                              0x9404c (size before relaxing)
 .debug_str     0x00097355       0xa1 Src/stm32f1xx_hal_msp.o
                              0x91eb5 (size before relaxing)
 .debug_str     0x000973f6       0xc4 Src/stm32f1xx_it.o
                              0x91c5f (size before relaxing)
 .debug_str     0x000974ba       0x33 Src/usb_device.o
                              0x92496 (size before relaxing)
 .debug_str     0x000974ed      0x160 Src/usbd_conf.o
                              0x92f0d (size before relaxing)
 .debug_str     0x0009764d       0xbc Src/usbd_custom_hid_if.o
                              0x9310c (size before relaxing)
 .debug_str     0x00097709      0x232 Src/usbd_desc.o
                              0x92150 (size before relaxing)

.comment        0x00000000       0x6e
 .comment       0x00000000       0x6e Drivers/CMSIS/Device/ST/STM32F1xx/Source/Templates/system_stm32f1xx.o
                                 0x6f (size before relaxing)
 .comment       0x0000006e       0x6f Drivers/STM32F1xx_HAL_Driver/Src/stm32f1xx_hal.o
 .comment       0x0000006e       0x6f Drivers/STM32F1xx_HAL_Driver/Src/stm32f1xx_hal_adc.o
 .comment       0x0000006e       0x6f Drivers/STM32F1xx_HAL_Driver/Src/stm32f1xx_hal_adc_ex.o
 .comment       0x0000006e       0x6f Drivers/STM32F1xx_HAL_Driver/Src/stm32f1xx_hal_cortex.o
 .comment       0x0000006e       0x6f Drivers/STM32F1xx_HAL_Driver/Src/stm32f1xx_hal_dma.o
 .comment       0x0000006e       0x6f Drivers/STM32F1xx_HAL_Driver/Src/stm32f1xx_hal_gpio.o
 .comment       0x0000006e       0x6f Drivers/STM32F1xx_HAL_Driver/Src/stm32f1xx_hal_pcd.o
 .comment       0x0000006e       0x6f Drivers/STM32F1xx_HAL_Driver/Src/stm32f1xx_hal_pcd_ex.o