Component: ARM Compiler 5.06 update 3 (build 300) Tool: armlink [4d35c9]

==============================================================================

Section Cross References

    stm32f1xx_hal_adc_ex.o(i.HAL_ADCEx_Calibration_Start) refers to stm32f1xx_hal_adc.o(i.ADC_ConversionStop_Disable) for ADC_ConversionStop_Disable
    stm32f1xx_hal_adc_ex.o(i.HAL_ADCEx_Calibration_Start) refers to stm32f1xx_hal_rcc_ex.o(i.HAL_RCCEx_GetPeriphCLKFreq) for HAL_RCCEx_GetPeriphCLKFreq
    stm32f1xx_hal_adc_ex.o(i.HAL_ADCEx_Calibration_Start) refers to stm32f1xx_hal_adc.o(i.ADC_Enable) for ADC_Enable
    stm32f1xx_hal_adc_ex.o(i.HAL_ADCEx_Calibration_Start) refers to stm32f1xx_hal.o(i.HAL_GetTick) for HAL_GetTick
    stm32f1xx_hal_adc_ex.o(i.HAL_ADCEx_Calibration_Start) refers to system_stm32f1xx.o(.data) for SystemCoreClock
    stm32f1xx_hal_adc_ex.o(i.HAL_ADCEx_InjectedConfigChannel) refers to system_stm32f1xx.o(.data) for SystemCoreClock
    stm32f1xx_hal_adc_ex.o(i.HAL_ADCEx_InjectedPollForConversion) refers to stm32f1xx_hal.o(i.HAL_GetTick) for HAL_GetTick
    stm32f1xx_hal_adc_ex.o(i.HAL_ADCEx_InjectedPollForConversion) refers to stm32f1xx_hal_rcc_ex.o(i.HAL_RCCEx_GetPeriphCLKFreq) for HAL_RCCEx_GetPeriphCLKFreq
    stm32f1xx_hal_adc_ex.o(i.HAL_ADCEx_InjectedPollForConversion) refers to system_stm32f1xx.o(.data) for SystemCoreClock
    stm32f1xx_hal_adc_ex.o(i.HAL_ADCEx_InjectedStart) refers to stm32f1xx_hal_adc.o(i.ADC_Enable) for ADC_Enable
    stm32f1xx_hal_adc_ex.o(i.HAL_ADCEx_InjectedStart_IT) refers to stm32f1xx_hal_adc.o(i.ADC_Enable) for ADC_Enable
    stm32f1xx_hal_adc_ex.o(i.HAL_ADCEx_InjectedStop) refers to stm32f1xx_hal_adc.o(i.ADC_ConversionStop_Disable) for ADC_ConversionStop_Disable
    stm32f1xx_hal_adc_ex.o(i.HAL_ADCEx_InjectedStop_IT) refers to stm32f1xx_hal_adc.o(i.ADC_ConversionStop_Disable) for ADC_ConversionStop_Disable
    stm32f1xx_hal_adc_ex.o(i.HAL_ADCEx_MultiModeStart_DMA) refers to stm32f1xx_hal_adc.o(i.ADC_Enable) for ADC_Enable
    stm32f1xx_hal_adc_ex.o(i.HAL_ADCEx_MultiModeStart_DMA) refers to stm32f1xx_hal_dma.o(i.HAL_DMA_Start_IT) for HAL_DMA_Start_IT
    stm32f1xx_hal_adc_ex.o(i.HAL_ADCEx_MultiModeStart_DMA) refers to stm32f1xx_hal_adc.o(i.ADC_DMAConvCplt) for ADC_DMAConvCplt
    stm32f1xx_hal_adc_ex.o(i.HAL_ADCEx_MultiModeStart_DMA) refers to stm32f1xx_hal_adc.o(i.ADC_DMAHalfConvCplt) for ADC_DMAHalfConvCplt
    stm32f1xx_hal_adc_ex.o(i.HAL_ADCEx_MultiModeStart_DMA) refers to stm32f1xx_hal_adc.o(i.ADC_DMAError) for ADC_DMAError
    stm32f1xx_hal_adc_ex.o(i.HAL_ADCEx_MultiModeStop_DMA) refers to stm32f1xx_hal_adc.o(i.ADC_ConversionStop_Disable) for ADC_ConversionStop_Disable
    stm32f1xx_hal_adc_ex.o(i.HAL_ADCEx_MultiModeStop_DMA) refers to stm32f1xx_hal_dma.o(i.HAL_DMA_Abort) for HAL_DMA_Abort
    stm32f1xx_hal_rcc_ex.o(i.HAL_RCCEx_GetPeriphCLKFreq) refers to stm32f1xx_hal_rcc.o(i.HAL_RCC_GetPCLK2Freq) for HAL_RCC_GetPCLK2Freq
    stm32f1xx_hal_rcc_ex.o(i.HAL_RCCEx_PeriphCLKConfig) refers to stm32f1xx_hal.o(i.HAL_GetTick) for HAL_GetTick
    stm32f1xx_hal_flash.o(i.FLASH_Program_HalfWord) refers to stm32f1xx_hal_flash.o(.bss) for .bss
    stm32f1xx_hal_flash.o(i.FLASH_SetErrorCode) refers to stm32f1xx_hal_flash.o(.bss) for .bss
    stm32f1xx_hal_flash.o(i.FLASH_WaitForLastOperation) refers to stm32f1xx_hal.o(i.HAL_GetTick) for HAL_GetTick
    stm32f1xx_hal_flash.o(i.FLASH_WaitForLastOperation) refers to stm32f1xx_hal_flash.o(i.FLASH_SetErrorCode) for FLASH_SetErrorCode
    stm32f1xx_hal_flash.o(i.HAL_FLASH_GetError) refers to stm32f1xx_hal_flash.o(.bss) for .bss
    stm32f1xx_hal_flash.o(i.HAL_FLASH_IRQHandler) refers to stm32f1xx_hal_flash.o(i.FLASH_SetErrorCode) for FLASH_SetErrorCode
    stm32f1xx_hal_flash.o(i.HAL_FLASH_IRQHandler) refers to stm32f1xx_hal_flash.o(i.HAL_FLASH_OperationErrorCallback) for HAL_FLASH_OperationErrorCallback
    stm32f1xx_hal_flash.o(i.HAL_FLASH_IRQHandler) refers to stm32f1xx_hal_flash.o(i.FLASH_Program_HalfWord) for FLASH_Program_HalfWord
    stm32f1xx_hal_flash.o(i.HAL_FLASH_IRQHandler) refers to stm32f1xx_hal_flash.o(i.HAL_FLASH_EndOfOperationCallback) for HAL_FLASH_EndOfOperationCallback
    stm32f1xx_hal_flash.o(i.HAL_FLASH_IRQHandler) refers to stm32f1xx_hal_flash_ex.o(i.FLASH_PageErase) for FLASH_PageErase
    stm32f1xx_hal_flash.o(i.HAL_FLASH_IRQHandler) refers to stm32f1xx_hal_flash.o(.bss) for .bss
    stm32f1xx_hal_flash.o(i.HAL_FLASH_OB_Launch) refers to stm32f1xx_hal_cortex.o(i.HAL_NVIC_SystemReset) for HAL_NVIC_SystemReset
    stm32f1xx_hal_flash.o(i.HAL_FLASH_Program) refers to stm32f1xx_hal_flash.o(i.FLASH_WaitForLastOperation) for FLASH_WaitForLastOperation
    stm32f1xx_hal_flash.o(i.HAL_FLASH_Program) refers to llushr.o(.text) for __aeabi_llsr
    stm32f1xx_hal_flash.o(i.HAL_FLASH_Program) refers to stm32f1xx_hal_flash.o(i.FLASH_Program_HalfWord) for FLASH_Program_HalfWord
    stm32f1xx_hal_flash.o(i.HAL_FLASH_Program) refers to stm32f1xx_hal_flash.o(.bss) for .bss
[...]
    i.USBD_static_malloc                     0x08003f9c   Section        0  usbd_conf.o(i.USBD_static_malloc)
    i.USB_ActivateEndpoint                   0x08003fa4   Section        0  stm32f1xx_ll_usb.o(i.USB_ActivateEndpoint)
    i.USB_CoreInit                           0x080041f6   Section        0  stm32f1xx_ll_usb.o(i.USB_CoreInit)
    i.USB_DeactivateEndpoint                 0x080041fa   Section        0  stm32f1xx_ll_usb.o(i.USB_DeactivateEndpoint)
    i.USB_DevConnect                         0x0800430a   Section        0  stm32f1xx_ll_usb.o(i.USB_DevConnect)
    i.USB_DevDisconnect                      0x0800430e   Section        0  stm32f1xx_ll_usb.o(i.USB_DevDisconnect)
    i.USB_DevInit                            0x08004312   Section        0  stm32f1xx_ll_usb.o(i.USB_DevInit)
    i.USB_DisableGlobalInt                   0x08004324   Section        0  stm32f1xx_ll_usb.o(i.USB_DisableGlobalInt)
    i.USB_EP0_OutStart                       0x08004332   Section        0  stm32f1xx_ll_usb.o(i.USB_EP0_OutStart)
    i.USB_EPClearStall                       0x08004336   Section        0  stm32f1xx_ll_usb.o(i.USB_EPClearStall)
    i.USB_EPSetStall                         0x080043a0   Section        0  stm32f1xx_ll_usb.o(i.USB_EPSetStall)
    i.USB_EPStartXfer                        0x080043ea   Section        0  stm32f1xx_ll_usb.o(i.USB_EPStartXfer)
    i.USB_EnableGlobalInt                    0x08004590   Section        0  stm32f1xx_ll_usb.o(i.USB_EnableGlobalInt)
    i.USB_LP_CAN1_RX0_IRQHandler             0x080045a0   Section        0  stm32f1xx_it.o(i.USB_LP_CAN1_RX0_IRQHandler)
    i.USB_ReadInterrupts                     0x080045ac   Section        0  stm32f1xx_ll_usb.o(i.USB_ReadInterrupts)
    i.USB_ReadPMA                            0x080045b2   Section        0  stm32f1xx_ll_usb.o(i.USB_ReadPMA)
    i.USB_SetCurrentMode                     0x080045ce   Section        0  stm32f1xx_ll_usb.o(i.USB_SetCurrentMode)
    i.USB_SetDevAddress                      0x080045d2   Section        0  stm32f1xx_ll_usb.o(i.USB_SetDevAddress)
    i.USB_WritePMA                           0x080045de   Section        0  stm32f1xx_ll_usb.o(i.USB_WritePMA)
    i.UsageFault_Handler                     0x08004604   Section        0  stm32f1xx_it.o(i.UsageFault_Handler)
    i.__kernel_poly                          0x08004606   Section        0  poly.o(i.__kernel_poly)
    i.__mathlib_dbl_divzero                  0x080046b0   Section        0  dunder.o(i.__mathlib_dbl_divzero)
    i.__mathlib_dbl_infnan                   0x080046c0   Section        0  dunder.o(i.__mathlib_dbl_infnan)
    i.__mathlib_dbl_invalid                  0x080046c6   Section        0  dunder.o(i.__mathlib_dbl_invalid)
    i.log                                    0x080046d4   Section        0  log.o(i.log)
    i.main                                   0x08004a30   Section        0  main.o(i.main)
    x$fpl$d2f                                0x08004dd4   Section       98  d2f.o(x$fpl$d2f)
    x$fpl$dadd                               0x08004e38   Section      336  daddsub_clz.o(x$fpl$dadd)
    _dadd1                                   0x08004e49   Thumb Code     0  daddsub_clz.o(x$fpl$dadd)
    x$fpl$dcheck1                            0x08004f88   Section       16  dcheck1.o(x$fpl$dcheck1)
    x$fpl$dcmpinf                            0x08004f98   Section       24  dcmpi.o(x$fpl$dcmpinf)
    x$fpl$ddiv                               0x08004fb0   Section      688  ddiv.o(x$fpl$ddiv)
    ddiv_entry                               0x08004fb7   Thumb Code     0  ddiv.o(x$fpl$ddiv)
    x$fpl$deqf                               0x08005260   Section      120  deqf.o(x$fpl$deqf)
    x$fpl$dflt                               0x080052d8   Section       46  dflt_clz.o(x$fpl$dflt)
    x$fpl$dmul                               0x08005308   Section      340  dmul.o(x$fpl$dmul)
    x$fpl$dnaninf                            0x0800545c   Section      156  dnaninf.o(x$fpl$dnaninf)
    x$fpl$dretinf                            0x080054f8   Section       12  dretinf.o(x$fpl$dretinf)
    x$fpl$drsb                               0x08005504   Section       22  daddsub_clz.o(x$fpl$drsb)
    x$fpl$dsub                               0x0800551c   Section      468  daddsub_clz.o(x$fpl$dsub)
    _dsub1                                   0x0800552d   Thumb Code     0  daddsub_clz.o(x$fpl$dsub)
    x$fpl$f2d                                0x080056f0   Section       86  f2d.o(x$fpl$f2d)
    x$fpl$fadd                               0x08005748   Section      196  faddsub_clz.o(x$fpl$fadd)
    _fadd1                                   0x08005757   Thumb Code     0  faddsub_clz.o(x$fpl$fadd)
    x$fpl$fcheck1                            0x0800580c   Section       12  fcheck1.o(x$fpl$fcheck1)
    x$fpl$fcmpinf                            0x08005818   Section       24  fcmpi.o(x$fpl$fcmpinf)
    x$fpl$fdiv                               0x08005830   Section      388  fdiv.o(x$fpl$fdiv)
    _fdiv1                                   0x08005831   Thumb Code     0  fdiv.o(x$fpl$fdiv)
    x$fpl$ffixu                              0x080059b4   Section       62  ffixu.o(x$fpl$ffixu)
    x$fpl$ffltu                              0x080059f4   Section       38  fflt_clz.o(x$fpl$ffltu)
    x$fpl$fleqf                              0x08005a1c   Section      104  fleqf.o(x$fpl$fleqf)
    x$fpl$fmul                               0x08005a84   Section      258  fmul.o(x$fpl$fmul)
    x$fpl$fnaninf                            0x08005b86   Section      140  fnaninf.o(x$fpl$fnaninf)
    x$fpl$fretinf                            0x08005c12   Section       10  fretinf.o(x$fpl$fretinf)
    x$fpl$frleqf                             0x08005c1c   Section       98  frleqf.o(x$fpl$frleqf)
    x$fpl$fsub                               0x08005c80   Section      234  faddsub_clz.o(x$fpl$fsub)
    _fsub1                                   0x08005c8f   Thumb Code     0  faddsub_clz.o(x$fpl$fsub)
    x$fpl$retnan                             0x08005d6a   Section      100  retnan.o(x$fpl$retnan)
    x$fpl$scalbn                             0x08005dce   Section       92  scalbn.o(x$fpl$scalbn)
    x$fpl$scalbnf                            0x08005e2a   Section       76  scalbnf.o(x$fpl$scalbnf)
    x$fpl$trapveneer                         0x08005e76   Section       48  trapv.o(x$fpl$trapveneer)
    .constdata                               0x08005ea6   Section       16  system_stm32f1xx.o(.constdata)
    x$fpl$usenofp                            0x08005ea6   Section        0  usenofp.o(x$fpl$usenofp)
    .constdata                               0x08005eb6   Section        8  system_stm32f1xx.o(.constdata)
    .constdata                               0x08005ec0   Section       56  log.o(.constdata)
    Lg2                                      0x08005ec0   Data          24  log.o(.constdata)
    Lg                                       0x08005ed8   Data          32  log.o(.constdata)
    .constdata                               0x08005ef8   Section        8  qnan.o(.constdata)
    .data                                    0x20000000   Section        4  stm32f1xx_hal.o(.data)
    uwTick                                   0x20000000   Data           4  stm32f1xx_hal.o(.data)
    .data                                    0x20000004   Section       28  usbd_custom_hid_if.o(.data)
    CUSTOM_HID_ReportDesc_FS                 0x20000004   Data          28  usbd_custom_hid_if.o(.data)
    .data                                    0x20000020   Section       16  usbd_custom_hid_if.o(.data)
    .data                                    0x20000030   Section       16  main.o(.data)
    ctr                                      0x20000034   Data           1  main.o(.data)
    pidctr                                   0x20000035   Data           1  main.o(.data)
    adcconv_ctr                              0x20000036   Data           1  main.o(.data)
    lowspeedctr                              0x2000003a   Data           2  main.o(.data)
    .data                                    0x20000040   Section       28  usbd_desc.o(.data)
    .data                                    0x2000005c   Section       22  usbd_desc.o(.data)
    .data                                    0x20000072   Section        1  usbd_ctlreq.o(.data)
    cfgidx                                   0x20000072   Data           1  usbd_ctlreq.o(.data)
    .data                                    0x20000074   Section       60  usbd_customhid.o(.data)
    .data                                    0x200000b0   Section       90  usbd_customhid.o(.data)
    USBD_CUSTOM_HID_CfgDesc                  0x200000b0   Data          41  usbd_customhid.o(.data)
    USBD_CUSTOM_HID_Desc                     0x200000dc   Data          33  usbd_customhid.o(.data)
    USBD_CUSTOM_HID_DeviceQualifierDesc      0x20000100   Data          10  usbd_customhid.o(.data)
    .data                                    0x2000010c   Section        4  system_stm32f1xx.o(.data)
    .bss                                     0x20000110   Section     1160  main.o(.bss)
    .bss                                     0x20000598   Section       56  main.o(.bss)
    .bss                                     0x200005d0   Section      548  usb_device.o(.bss)
    .bss                                     0x200007f4   Section     1144  usbd_conf.o(.bss)
    mem                                      0x200007f4   Data          88  usbd_conf.o(.bss)
    .bss                                     0x20000c6c   Section      512  usbd_desc.o(.bss)
    .bss                                     0x20000e6c   Section       96  libspace.o(.bss)
    HEAP                                     0x20000ed0   Section      512  startup_stm32f103xb.o(HEAP)
    Heap_Mem                                 0x20000ed0   Data         512  startup_stm32f103xb.o(HEAP)
    STACK                                    0x200010d0   Section     1024  startup_stm32f103xb.o(STACK)
    Stack_Mem                                0x200010d0   Data        1024  startup_stm32f103xb.o(STACK)
    __initial_sp                             0x200014d0   Data           0  startup_stm32f103xb.o(STACK)

    Global Symbols

    Symbol Name                              Value     Ov Type        Size  Object(Section)

    BuildAttributes$$THM_ISAv4$P$D$K$B$S$PE$A:L22UL41UL21$X:L11$S22US41US21$IEEE1$IW$USESV6$~STKCKD$USESV7$~SHL$OTIME$ROPI$IEEEX$EBA8$UX$STANDARDLIB$REQ8$PRES8$EABIv2 0x00000000   Number         0  anon$$obj.o ABSOLUTE
    __ARM_use_no_argv                        0x00000000   Number         0  main.o ABSOLUTE
    __ARM_exceptions_init                     - Undefined Weak Reference
    __alloca_initialize                       - Undefined Weak Reference
    __arm_preinit_                            - Undefined Weak Reference
    __cpp_initialize__aeabi_                  - Undefined Weak Reference
    __cxa_finalize                            - Undefined Weak Reference
    __rt_locale                               - Undefined Weak Reference
    __sigvec_lookup                           - Undefined Weak Reference
    _atexit_init                              - Undefined Weak Reference
    _call_atexit_fns                          - Undefined Weak Reference
    _clock_init                               - Undefined Weak Reference
    _fp_trap_init                             - Undefined Weak Reference
    _fp_trap_shutdown                         - Undefined Weak Reference
    _get_lc_collate                           - Undefined Weak Reference
    _get_lc_ctype                             - Undefined Weak Reference
    _get_lc_monetary                          - Undefined Weak Reference
    _get_lc_numeric                           - Undefined Weak Reference
    _get_lc_time                              - Undefined Weak Reference
    _getenv_init                              - Undefined Weak Reference
    _handle_redirection                       - Undefined Weak Reference
    _init_alloc                               - Undefined Weak Reference
    _init_user_alloc                          - Undefined Weak Reference
    _initio                                   - Undefined Weak Reference
    _rand_init                                - Undefined Weak Reference
    _signal_finish                            - Undefined Weak Reference
    _signal_init                              - Undefined Weak Reference
    _terminate_alloc                          - Undefined Weak Reference
    _terminate_user_alloc                     - Undefined Weak Reference
    _terminateio                              - Undefined Weak Reference
    __Vectors_Size                           0x000000ec   Number         0  startup_stm32f103xb.o ABSOLUTE
    __Vectors                                0x08000000   Data           4  startup_stm32f103xb.o(RESET)
    __Vectors_End                            0x080000ec   Data           0  startup_stm32f103xb.o(RESET)
    __main                                   0x080000ed   Thumb Code     8  __main.o(!!!main)
    __scatterload                            0x080000f5   Thumb Code     0  __scatter.o(!!!scatter)
    __scatterload_rt2                        0x080000f5   Thumb Code    44  __scatter.o(!!!scatter)
    __scatterload_rt2_thumb_only             0x080000f5   Thumb Code     0  __scatter.o(!!!scatter)
    __scatterload_null                       0x08000103   Thumb Code     0  __scatter.o(!!!scatter)
    __scatterload_copy                       0x08000129   Thumb Code    26  __scatter_copy.o(!!handler_copy)
    __scatterload_zeroinit                   0x08000145   Thumb Code    28  __scatter_zi.o(!!handler_zi)
    __rt_lib_init                            0x08000161   Thumb Code     0  libinit.o(.ARM.Collect$$libinit$$00000000)
    __rt_lib_init_alloca_1                   0x08000163   Thumb Code     0  libinit2.o(.ARM.Collect$$libinit$$0000002E)
    __rt_lib_init_argv_1                     0x08000163   Thumb Code     0  libinit2.o(.ARM.Collect$$libinit$$0000002C)
    __rt_lib_init_atexit_1                   0x08000163   Thumb Code     0  libinit2.o(.ARM.Collect$$libinit$$0000001B)
    __rt_lib_init_clock_1                    0x08000163   Thumb Code     0  libinit2.o(.ARM.Collect$$libinit$$00000021)
    __rt_lib_init_cpp_1                      0x08000163   Thumb Code     0  libinit2.o(.ARM.Collect$$libinit$$00000032)
    __rt_lib_init_exceptions_1               0x08000163   Thumb Code     0  libinit2.o(.ARM.Collect$$libinit$$00000030)
    __rt_lib_init_fp_1                       0x08000163   Thumb Code     0  libinit2.o(.ARM.Collect$$libinit$$00000002)
    __rt_lib_init_fp_trap_1                  0x08000163   Thumb Code     0  libinit2.o(.ARM.Collect$$libinit$$0000001F)
    __rt_lib_init_getenv_1                   0x08000163   Thumb Code     0  libinit2.o(.ARM.Collect$$libinit$$00000023)
    __rt_lib_init_heap_1                     0x08000163   Thumb Code     0  libinit2.o(.ARM.Collect$$libinit$$0000000A)
    __rt_lib_init_lc_collate_1               0x08000163   Thumb Code     0  libinit2.o(.ARM.Collect$$libinit$$00000011)
    __rt_lib_init_lc_ctype_1                 0x08000163   Thumb Code     0  libinit2.o(.ARM.Collect$$libinit$$00000013)
    __rt_lib_init_lc_monetary_1              0x08000163   Thumb Code     0  libinit2.o(.ARM.Collect$$libinit$$00000015)
    __rt_lib_init_lc_numeric_1               0x08000163   Thumb Code     0  libinit2.o(.ARM.Collect$$libinit$$00000017)
    __rt_lib_init_lc_time_1                  0x08000163   Thumb Code     0  libinit2.o(.ARM.Collect$$libinit$$00000019)
    __rt_lib_init_preinit_1                  0x08000163   Thumb Code     0  libinit2.o(.ARM.Collect$$libinit$$00000004)
    __rt_lib_init_rand_1                     0x08000163   Thumb Code     0  libinit2.o(.ARM.Collect$$libinit$$0000000E)
    __rt_lib_init_return                     0x08000163   Thumb Code     0  libinit2.o(.ARM.Collect$$libinit$$00000033)
    __rt_lib_init_signal_1                   0x08000163   Thumb Code     0  libinit2.o(.ARM.Collect$$libinit$$0000001D)
    __rt_lib_init_stdio_1                    0x08000163   Thumb Code     0  libinit2.o(.ARM.Collect$$libinit$$00000025)
    __rt_lib_init_user_alloc_1               0x08000163   Thumb Code     0  libinit2.o(.ARM.Collect$$libinit$$0000000C)
    __rt_lib_shutdown                        0x08000165   Thumb Code     0  libshutdown.o(.ARM.Collect$$libshutdown$$00000000)
    __rt_lib_shutdown_cpp_1                  0x08000167   Thumb Code     0  libshutdown2.o(.ARM.Collect$$libshutdown$$00000002)
    __rt_lib_shutdown_fp_trap_1              0x08000167   Thumb Code     0  libshutdown2.o(.ARM.Collect$$libshutdown$$00000007)
    __rt_lib_shutdown_heap_1                 0x08000167   Thumb Code     0  libshutdown2.o(.ARM.Collect$$libshutdown$$0000000F)
    __rt_lib_shutdown_return                 0x08000167   Thumb Code     0  libshutdown2.o(.ARM.Collect$$libshutdown$$00000010)
    __rt_lib_shutdown_signal_1               0x08000167   Thumb Code     0  libshutdown2.o(.ARM.Collect$$libshutdown$$0000000A)
    __rt_lib_shutdown_stdio_1                0x08000167   Thumb Code     0  libshutdown2.o(.ARM.Collect$$libshutdown$$00000004)
    __rt_lib_shutdown_user_alloc_1           0x08000167   Thumb Code     0  libshutdown2.o(.ARM.Collect$$libshutdown$$0000000C)
    __rt_entry                               0x08000169   Thumb Code     0  __rtentry.o(.ARM.Collect$$rtentry$$00000000)
    __rt_entry_presh_1                       0x08000169   Thumb Code     0  __rtentry2.o(.ARM.Collect$$rtentry$$00000002)
    __rt_entry_sh                            0x08000169   Thumb Code     0  __rtentry4.o(.ARM.Collect$$rtentry$$00000004)
    __rt_entry_li                            0x0800016f   Thumb Code     0  __rtentry2.o(.ARM.Collect$$rtentry$$0000000A)
    __rt_entry_postsh_1                      0x0800016f   Thumb Code     0  __rtentry2.o(.ARM.Collect$$rtentry$$00000009)
    __rt_entry_main                          0x08000173   Thumb Code     0  __rtentry2.o(.ARM.Collect$$rtentry$$0000000D)
    __rt_entry_postli_1                      0x08000173   Thumb Code     0  __rtentry2.o(.ARM.Collect$$rtentry$$0000000C)
    __rt_exit                                0x0800017b   Thumb Code     0  rtexit.o(.ARM.Collect$$rtexit$$00000000)
    __rt_exit_ls                             0x0800017d   Thumb Code     0  rtexit2.o(.ARM.Collect$$rtexit$$00000003)
    __rt_exit_prels_1                        0x0800017d   Thumb Code     0  rtexit2.o(.ARM.Collect$$rtexit$$00000002)
    __rt_exit_exit                           0x08000181   Thumb Code     0  rtexit2.o(.ARM.Collect$$rtexit$$00000004)
    Reset_Handler                            0x08000189   Thumb Code     8  startup_stm32f103xb.o(.text)
    CAN1_RX1_IRQHandler                      0x080001a3   Thumb Code     0  startup_stm32f103xb.o(.text)
    CAN1_SCE_IRQHandler                      0x080001a3   Thumb Code     0  startup_stm32f103xb.o(.text)
    DMA1_Channel2_IRQHandler                 0x080001a3   Thumb Code     0  startup_stm32f103xb.o(.text)
    DMA1_Channel3_IRQHandler                 0x080001a3   Thumb Code     0  startup_stm32f103xb.o(.text)
    DMA1_Channel4_IRQHandler                 0x080001a3   Thumb Code     0  startup_stm32f103xb.o(.text)
    DMA1_Channel5_IRQHandler                 0x080001a3   Thumb Code     0  startup_stm32f103xb.o(.text)
    DMA1_Channel6_IRQHandler                 0x080001a3   Thumb Code     0  startup_stm32f103xb.o(.text)
    DMA1_Channel7_IRQHandler                 0x080001a3   Thumb Code     0  startup_stm32f103xb.o(.text)
    EXTI0_IRQHandler                         0x080001a3   Thumb Code     0  startup_stm32f103xb.o(.text)
    EXTI15_10_IRQHandler                     0x080001a3   Thumb Code     0  startup_stm32f103xb.o(.text)
    EXTI1_IRQHandler                         0x080001a3   Thumb Code     0  startup_stm32f103xb.o(.text)
    EXTI2_IRQHandler                         0x080001a3   Thumb Code     0  startup_stm32f103xb.o(.text)
    EXTI3_IRQHandler                         0x080001a3   Thumb Code     0  startup_stm32f103xb.o(.text)
    EXTI4_IRQHandler                         0x080001a3   Thumb Code     0  startup_stm32f103xb.o(.text)
    EXTI9_5_IRQHandler                       0x080001a3   Thumb Code     0  startup_stm32f103xb.o(.text)
    FLASH_IRQHandler                         0x080001a3   Thumb Code     0  startup_stm32f103xb.o(.text)
    I2C1_ER_IRQHandler                       0x080001a3   Thumb Code     0  startup_stm32f103xb.o(.text)
    I2C1_EV_IRQHandler                       0x080001a3   Thumb Code     0  startup_stm32f103xb.o(.text)
    I2C2_ER_IRQHandler                       0x080001a3   Thumb Code     0  startup_stm32f103xb.o(.text)
    I2C2_EV_IRQHandler                       0x080001a3   Thumb Code     0  startup_stm32f103xb.o(.text)
    PVD_IRQHandler                           0x080001a3   Thumb Code     0  startup_stm32f103xb.o(.text)
    RCC_IRQHandler                           0x080001a3   Thumb Code     0  startup_stm32f103xb.o(.text)
    RTC_Alarm_IRQHandler                     0x080001a3   Thumb Code     0  startup_stm32f103xb.o(.text)
    RTC_IRQHandler                           0x080001a3   Thumb Code     0  startup_stm32f103xb.o(.text)
    SPI1_IRQHandler                          0x080001a3   Thumb Code     0  startup_stm32f103xb.o(.text)
    SPI2_IRQHandler                          0x080001a3   Thumb Code     0  startup_stm32f103xb.o(.text)
    TAMPER_IRQHandler                        0x080001a3   Thumb Code     0  startup_stm32f103xb.o(.text)
    TIM1_BRK_IRQHandler                      0x080001a3   Thumb Code     0  startup_stm32f103xb.o(.text)
    TIM1_CC_IRQHandler                       0x080001a3   Thumb Code     0  startup_stm32f103xb.o(.text)
    TIM1_TRG_COM_IRQHandler                  0x080001a3   Thumb Code     0  startup_stm32f103xb.o(.text)
    TIM1_UP_IRQHandler                       0x080001a3   Thumb Code     0  startup_stm32f103xb.o(.text)
    TIM3_IRQHandler                          0x080001a3   Thumb Code     0  startup_stm32f103xb.o(.text)
    TIM4_IRQHandler                          0x080001a3   Thumb Code     0  startup_stm32f103xb.o(.text)
    USART1_IRQHandler                        0x080001a3   Thumb Code     0  startup_stm32f103xb.o(.text)
    USART2_IRQHandler                        0x080001a3   Thumb Code     0  startup_stm32f103xb.o(.text)
    USART3_IRQHandler                        0x080001a3   Thumb Code     0  startup_stm32f103xb.o(.text)
    USBWakeUp_IRQHandler                     0x080001a3   Thumb Code     0  startup_stm32f103xb.o(.text)
    USB_HP_CAN1_TX_IRQHandler                0x080001a3   Thumb Code     0  startup_stm32f103xb.o(.text)
    WWDG_IRQHandler                          0x080001a3   Thumb Code     0  startup_stm32f103xb.o(.text)
    __user_initial_stackheap                 0x080001a5   Thumb Code     0  startup_stm32f103xb.o(.text)
    __aeabi_memcpy4                          0x080001c9   Thumb Code     0  rt_memcpy_w.o(.text)
    __aeabi_memcpy8                          0x080001c9   Thumb Code     0  rt_memcpy_w.o(.text)
    __rt_memcpy_w                            0x080001c9   Thumb Code   100  rt_memcpy_w.o(.text)
    _memcpy_lastbytes_aligned                0x08000211   Thumb Code     0  rt_memcpy_w.o(.text)
    __aeabi_memclr4                          0x0800022d   Thumb Code     0  rt_memclr_w.o(.text)
    __aeabi_memclr8                          0x0800022d   Thumb Code     0  rt_memclr_w.o(.text)
    __rt_memclr_w                            0x0800022d   Thumb Code    78  rt_memclr_w.o(.text)
    _memset_w                                0x08000231   Thumb Code     0  rt_memclr_w.o(.text)
    __use_two_region_memory                  0x0800027b   Thumb Code     2  heapauxi.o(.text)
    __rt_heap_escrow$2region                 0x0800027d   Thumb Code     2  heapauxi.o(.text)
    __rt_heap_expand$2region                 0x0800027f   Thumb Code     2  heapauxi.o(.text)
    __read_errno                             0x08000281   Thumb Code    10  _rserrno.o(.text)
    __set_errno                              0x0800028b   Thumb Code    12  _rserrno.o(.text)
    __aeabi_errno_addr                       0x08000299   Thumb Code     8  rt_errno_addr_intlibspace.o(.text)
    __errno$intlibspace                      0x08000299   Thumb Code     0  rt_errno_addr_intlibspace.o(.text)
    __rt_errno_addr$intlibspace              0x08000299   Thumb Code     0  rt_errno_addr_intlibspace.o(.text)
    __user_libspace                          0x080002a1   Thumb Code     8  libspace.o(.text)
    __user_perproc_libspace                  0x080002a1   Thumb Code     0  libspace.o(.text)
    __user_perthread_libspace                0x080002a1   Thumb Code     0  libspace.o(.text)
    __user_setup_stackheap                   0x080002a9   Thumb Code    74  sys_stackheap_outer.o(.text)
    exit                                     0x080002f3   Thumb Code    18  exit.o(.text)
    _sys_exit                                0x08000305   Thumb Code     8  sys_exit.o(.text)
    __I$use$semihosting                      0x08000311   Thumb Code     0  use_no_semi.o(.text)
    __use_no_semihosting_swi                 0x08000311   Thumb Code     2  use_no_semi.o(.text)
    __semihosting_library_function           0x08000313   Thumb Code     0  indicate_semi.o(.text)
    ADC1_2_IRQHandler                        0x08000315   Thumb Code     6  stm32f1xx_it.o(i.ADC1_2_IRQHandler)
    ADC_ConversionStop_Disable               0x08000321   Thumb Code    74  stm32f1xx_hal_adc.o(i.ADC_ConversionStop_Disable)
    ADC_DMAConvCplt                          0x0800036b   Thumb Code    78  stm32f1xx_hal_adc.o(i.ADC_DMAConvCplt)
    ADC_DMAError                             0x080003b9   Thumb Code    26  stm32f1xx_hal_adc.o(i.ADC_DMAError)
    ADC_DMAHalfConvCplt                      0x080003d3   Thumb Code    10  stm32f1xx_hal_adc.o(i.ADC_DMAHalfConvCplt)
    ADC_Enable                               0x080003dd   Thumb Code   102  stm32f1xx_hal_adc.o(i.ADC_Enable)
    BusFault_Handler                         0x0800044d   Thumb Code     2  stm32f1xx_it.o(i.BusFault_Handler)
    DMA1_Channel1_IRQHandler                 0x0800065d   Thumb Code     6  stm32f1xx_it.o(i.DMA1_Channel1_IRQHandler)
    DebugMon_Handler                         0x08000687   Thumb Code     2  stm32f1xx_it.o(i.DebugMon_Handler)
    Error_Handler                            0x08000689   Thumb Code     2  main.o(i.Error_Handler)
    HAL_ADCEx_InjectedConvCpltCallback       0x0800068b   Thumb Code     2  stm32f1xx_hal_adc_ex.o(i.HAL_ADCEx_InjectedConvCpltCallback)
    HAL_ADC_ConfigChannel                    0x0800068d   Thumb Code   346  stm32f1xx_hal_adc.o(i.HAL_ADC_ConfigChannel)
    HAL_ADC_ConvCpltCallback                 0x080007f5   Thumb Code    36  main.o(i.HAL_ADC_ConvCpltCallback)
    HAL_ADC_ConvHalfCpltCallback             0x08000821   Thumb Code     2  stm32f1xx_hal_adc.o(i.HAL_ADC_ConvHalfCpltCallback)
    HAL_ADC_ErrorCallback                    0x08000823   Thumb Code     2  stm32f1xx_hal_adc.o(i.HAL_ADC_ErrorCallback)
    HAL_ADC_IRQHandler                       0x08000825   Thumb Code   230  stm32f1xx_hal_adc.o(i.HAL_ADC_IRQHandler)
    HAL_ADC_Init                             0x0800090d   Thumb Code   300  stm32f1xx_hal_adc.o(i.HAL_ADC_Init)
    HAL_ADC_LevelOutOfWindowCallback         0x08000a41   Thumb Code     2  stm32f1xx_hal_adc.o(i.HAL_ADC_LevelOutOfWindowCallback)
    HAL_ADC_MspInit                          0x08000a45   Thumb Code   114  stm32f1xx_hal_msp.o(i.HAL_ADC_MspInit)
    HAL_ADC_Start_DMA                        0x08000acd   Thumb Code   246  stm32f1xx_hal_adc.o(i.HAL_ADC_Start_DMA)
    HAL_DMA_IRQHandler                       0x08000bd9   Thumb Code   582  stm32f1xx_hal_dma.o(i.HAL_DMA_IRQHandler)
    HAL_DMA_Init                             0x08000e25   Thumb Code    80  stm32f1xx_hal_dma.o(i.HAL_DMA_Init)
    HAL_DMA_Start_IT                         0x08000e75   Thumb Code    88  stm32f1xx_hal_dma.o(i.HAL_DMA_Start_IT)
    HAL_Delay                                0x08000ecd   Thumb Code    22  stm32f1xx_hal.o(i.HAL_Delay)
    HAL_GPIO_Init                            0x08000ee5   Thumb Code   422  stm32f1xx_hal_gpio.o(i.HAL_GPIO_Init)
    HAL_GPIO_TogglePin                       0x080010ad   Thumb Code     8  stm32f1xx_hal_gpio.o(i.HAL_GPIO_TogglePin)
    HAL_GPIO_WritePin                        0x080010b5   Thumb Code    10  stm32f1xx_hal_gpio.o(i.HAL_GPIO_WritePin)
    HAL_GetTick                              0x080010c1   Thumb Code     6  stm32f1xx_hal.o(i.HAL_GetTick)
    HAL_IncTick                              0x080010cd   Thumb Code    10  stm32f1xx_hal.o(i.HAL_IncTick)
    HAL_Init                                 0x080010dd   Thumb Code    32  stm32f1xx_hal.o(i.HAL_Init)
    HAL_InitTick                             0x08001101   Thumb Code    34  stm32f1xx_hal.o(i.HAL_InitTick)
    HAL_MspInit                              0x08001125   Thumb Code   118  stm32f1xx_hal_msp.o(i.HAL_MspInit)
    HAL_NVIC_EnableIRQ                       0x080011a5   Thumb Code    22  stm32f1xx_hal_cortex.o(i.HAL_NVIC_EnableIRQ)
    HAL_NVIC_SetPriority                     0x080011bd   Thumb Code    60  stm32f1xx_hal_cortex.o(i.HAL_NVIC_SetPriority)
    HAL_NVIC_SetPriorityGrouping             0x080011fd   Thumb Code    26  stm32f1xx_hal_cortex.o(i.HAL_NVIC_SetPriorityGrouping)
    HAL_PCDEx_PMAConfig                      0x08001221   Thumb Code    52  stm32f1xx_hal_pcd_ex.o(i.HAL_PCDEx_PMAConfig)
    HAL_PCDEx_SetConnectionState             0x08001255   Thumb Code     2  usbd_conf.o(i.HAL_PCDEx_SetConnectionState)
    HAL_PCD_DataInStageCallback              0x08001257   Thumb Code    14  usbd_conf.o(i.HAL_PCD_DataInStageCallback)
    HAL_PCD_DataOutStageCallback             0x08001265   Thumb Code    16  usbd_conf.o(i.HAL_PCD_DataOutStageCallback)
    HAL_PCD_EP_Close                         0x08001275   Thumb Code    64  stm32f1xx_hal_pcd.o(i.HAL_PCD_EP_Close)
    HAL_PCD_EP_ClrStall                      0x080012b5   Thumb Code    72  stm32f1xx_hal_pcd.o(i.HAL_PCD_EP_ClrStall)
    HAL_PCD_EP_Open                          0x080012fd   Thumb Code    68  stm32f1xx_hal_pcd.o(i.HAL_PCD_EP_Open)
    HAL_PCD_EP_Receive                       0x08001341   Thumb Code    64  stm32f1xx_hal_pcd.o(i.HAL_PCD_EP_Receive)
    HAL_PCD_EP_SetStall                      0x08001381   Thumb Code    86  stm32f1xx_hal_pcd.o(i.HAL_PCD_EP_SetStall)
    HAL_PCD_EP_Transmit                      0x080013d7   Thumb Code    62  stm32f1xx_hal_pcd.o(i.HAL_PCD_EP_Transmit)
    HAL_PCD_IRQHandler                       0x08001415   Thumb Code   266  stm32f1xx_hal_pcd.o(i.HAL_PCD_IRQHandler)
    HAL_PCD_Init                             0x0800151f   Thumb Code   188  stm32f1xx_hal_pcd.o(i.HAL_PCD_Init)
    HAL_PCD_MspInit                          0x080015dd   Thumb Code    66  usbd_conf.o(i.HAL_PCD_MspInit)
    HAL_PCD_ResetCallback                    0x08001629   Thumb Code    26  usbd_conf.o(i.HAL_PCD_ResetCallback)
    HAL_PCD_ResumeCallback                   0x08001643   Thumb Code     8  usbd_conf.o(i.HAL_PCD_ResumeCallback)
    HAL_PCD_SOFCallback                      0x0800164b   Thumb Code     8  usbd_conf.o(i.HAL_PCD_SOFCallback)
    HAL_PCD_SetAddress                       0x08001653   Thumb Code    40  stm32f1xx_hal_pcd.o(i.HAL_PCD_SetAddress)
    HAL_PCD_SetupStageCallback               0x0800167b   Thumb Code    14  usbd_conf.o(i.HAL_PCD_SetupStageCallback)
    HAL_PCD_Start                            0x08001689   Thumb Code    50  stm32f1xx_hal_pcd.o(i.HAL_PCD_Start)
    HAL_PCD_SuspendCallback                  0x080016bd   Thumb Code    30  usbd_conf.o(i.HAL_PCD_SuspendCallback)
    HAL_PWR_EnableBkUpAccess                 0x080016e1   Thumb Code    20  stm32f1xx_hal_pwr.o(i.HAL_PWR_EnableBkUpAccess)
    HAL_RCCEx_GetPeriphCLKFreq               0x080016f9   Thumb Code   206  stm32f1xx_hal_rcc_ex.o(i.HAL_RCCEx_GetPeriphCLKFreq)
    HAL_RCCEx_PeriphCLKConfig                0x080017e9   Thumb Code   286  stm32f1xx_hal_rcc_ex.o(i.HAL_RCCEx_PeriphCLKConfig)
    HAL_RCC_ClockConfig                      0x08001915   Thumb Code   366  stm32f1xx_hal_rcc.o(i.HAL_RCC_ClockConfig)
    HAL_RCC_GetHCLKFreq                      0x08001a95   Thumb Code     6  stm32f1xx_hal_rcc.o(i.HAL_RCC_GetHCLKFreq)
    HAL_RCC_GetPCLK2Freq                     0x08001aa1   Thumb Code    34  stm32f1xx_hal_rcc.o(i.HAL_RCC_GetPCLK2Freq)
    HAL_RCC_GetSysClockFreq                  0x08001ad1   Thumb Code   102  stm32f1xx_hal_rcc.o(i.HAL_RCC_GetSysClockFreq)
    HAL_RCC_OscConfig                        0x08001b59   Thumb Code  1402  stm32f1xx_hal_rcc.o(i.HAL_RCC_OscConfig)
    HAL_RTC_Init                             0x080020d5   Thumb Code   154  stm32f1xx_hal_rtc.o(i.HAL_RTC_Init)
    HAL_RTC_MspInit                          0x08002175   Thumb Code    56  stm32f1xx_hal_msp.o(i.HAL_RTC_MspInit)
    HAL_RTC_SetDate                          0x080021b9   Thumb Code   192  stm32f1xx_hal_rtc.o(i.HAL_RTC_SetDate)
    HAL_RTC_SetTime                          0x0800227d   Thumb Code   170  stm32f1xx_hal_rtc.o(i.HAL_RTC_SetTime)
    HAL_RTC_WaitForSynchro                   0x0800232d   Thumb Code    58  stm32f1xx_hal_rtc.o(i.HAL_RTC_WaitForSynchro)
    HAL_SYSTICK_CLKSourceConfig              0x08002367   Thumb Code    24  stm32f1xx_hal_cortex.o(i.HAL_SYSTICK_CLKSourceConfig)
    HAL_SYSTICK_Callback                     0x0800237f   Thumb Code     2  stm32f1xx_hal_cortex.o(i.HAL_SYSTICK_Callback)
    HAL_SYSTICK_Config                       0x08002381   Thumb Code    40  stm32f1xx_hal_cortex.o(i.HAL_SYSTICK_Config)
    HAL_SYSTICK_IRQHandler                   0x080023a9   Thumb Code     8  stm32f1xx_hal_cortex.o(i.HAL_SYSTICK_IRQHandler)
    HAL_TIMEx_BreakCallback                  0x080023b1   Thumb Code     2  stm32f1xx_hal_tim_ex.o(i.HAL_TIMEx_BreakCallback)
    HAL_TIMEx_CommutationCallback            0x080023b3   Thumb Code     2  stm32f1xx_hal_tim_ex.o(i.HAL_TIMEx_CommutationCallback)
    HAL_TIMEx_MasterConfigSynchronization    0x080023b5   Thumb Code    80  stm32f1xx_hal_tim_ex.o(i.HAL_TIMEx_MasterConfigSynchronization)
    HAL_TIM_Base_Init                        0x08002405   Thumb Code    54  stm32f1xx_hal_tim.o(i.HAL_TIM_Base_Init)
    HAL_TIM_Base_MspInit                     0x0800243d   Thumb Code    72  stm32f1xx_hal_msp.o(i.HAL_TIM_Base_MspInit)
    HAL_TIM_Base_Start_IT                    0x0800248d   Thumb Code    24  stm32f1xx_hal_tim.o(i.HAL_TIM_Base_Start_IT)
    HAL_TIM_ConfigClockSource                0x080024a5   Thumb Code   240  stm32f1xx_hal_tim.o(i.HAL_TIM_ConfigClockSource)
    HAL_TIM_IC_CaptureCallback               0x08002595   Thumb Code     2  stm32f1xx_hal_tim.o(i.HAL_TIM_IC_CaptureCallback)
    HAL_TIM_IRQHandler                       0x08002597   Thumb Code   358  stm32f1xx_hal_tim.o(i.HAL_TIM_IRQHandler)
    HAL_TIM_MspPostInit                      0x080026fd   Thumb Code    32  stm32f1xx_hal_msp.o(i.HAL_TIM_MspPostInit)
    HAL_TIM_OC_DelayElapsedCallback          0x08002725   Thumb Code     2  stm32f1xx_hal_tim.o(i.HAL_TIM_OC_DelayElapsedCallback)
    HAL_TIM_PWM_ConfigChannel                0x08002727   Thumb Code   208  stm32f1xx_hal_tim.o(i.HAL_TIM_PWM_ConfigChannel)
    HAL_TIM_PWM_Init                         0x080027f7   Thumb Code    54  stm32f1xx_hal_tim.o(i.HAL_TIM_PWM_Init)
    HAL_TIM_PWM_MspInit                      0x0800282d   Thumb Code     2  stm32f1xx_hal_tim.o(i.HAL_TIM_PWM_MspInit)
    HAL_TIM_PWM_PulseFinishedCallback        0x0800282f   Thumb Code     2  stm32f1xx_hal_tim.o(i.HAL_TIM_PWM_PulseFinishedCallback)
    HAL_TIM_PeriodElapsedCallback            0x08002831   Thumb Code   160  main.o(i.HAL_TIM_PeriodElapsedCallback)
    HAL_TIM_TriggerCallback                  0x080028dd   Thumb Code     2  stm32f1xx_hal_tim.o(i.HAL_TIM_TriggerCallback)
    HardFault_Handler                        0x080028df   Thumb Code     2  stm32f1xx_it.o(i.HardFault_Handler)
    MX_USB_DEVICE_Init                       0x08002b59   Thumb Code    38  usb_device.o(i.MX_USB_DEVICE_Init)
    MemManage_Handler                        0x08002b91   Thumb Code     2  stm32f1xx_it.o(i.MemManage_Handler)
    NMI_Handler                              0x08002b93   Thumb Code     2  stm32f1xx_it.o(i.NMI_Handler)
    PendSV_Handler                           0x08002efd   Thumb Code     2  stm32f1xx_it.o(i.PendSV_Handler)
    SVC_Handler                              0x0800304d   Thumb Code     2  stm32f1xx_it.o(i.SVC_Handler)
    SysTick_Handler                          0x0800304f   Thumb Code    18  stm32f1xx_it.o(i.SysTick_Handler)
    SysTick_callback                         0x08003061   Thumb Code   416  main.o(i.SysTick_callback)
    SystemClock_Config                       0x08003215   Thumb Code   134  main.o(i.SystemClock_Config)
    SystemInit                               0x0800329d   Thumb Code    56  system_stm32f1xx.o(i.SystemInit)
    TIM2_IRQHandler                          0x080032e5   Thumb Code     6  stm32f1xx_it.o(i.TIM2_IRQHandler)
    TIM_Base_SetConfig                       0x080032f1   Thumb Code    86  stm32f1xx_hal_tim.o(i.TIM_Base_SetConfig)
    TIM_OC2_SetConfig                        0x080033d1   Thumb Code    86  stm32f1xx_hal_tim.o(i.TIM_OC2_SetConfig)
    USBD_CUSTOM_HID_RegisterInterface        0x080035f9   Thumb Code    16  usbd_customhid.o(i.USBD_CUSTOM_HID_RegisterInterface)
    USBD_CUSTOM_HID_SendReport               0x08003609   Thumb Code    40  usbd_customhid.o(i.USBD_CUSTOM_HID_SendReport)
    USBD_ClrClassConfig                      0x080036e9   Thumb Code    14  usbd_core.o(i.USBD_ClrClassConfig)
    USBD_CtlContinueRx                       0x080036f7   Thumb Code    16  usbd_ioreq.o(i.USBD_CtlContinueRx)
    USBD_CtlContinueSendData                 0x08003707   Thumb Code    16  usbd_ioreq.o(i.USBD_CtlContinueSendData)
    USBD_CtlError                            0x08003717   Thumb Code    22  usbd_ctlreq.o(i.USBD_CtlError)
    USBD_CtlPrepareRx                        0x0800372d   Thumb Code    30  usbd_ioreq.o(i.USBD_CtlPrepareRx)
    USBD_CtlReceiveStatus                    0x0800374b   Thumb Code    22  usbd_ioreq.o(i.USBD_CtlReceiveStatus)
    USBD_CtlSendData                         0x08003761   Thumb Code    26  usbd_ioreq.o(i.USBD_CtlSendData)
    USBD_CtlSendStatus                       0x0800377b   Thumb Code    22  usbd_ioreq.o(i.USBD_CtlSendStatus)
    USBD_FS_ConfigStrDescriptor              0x08003791   Thumb Code    16  usbd_desc.o(i.USBD_FS_ConfigStrDescriptor)
    USBD_FS_DeviceDescriptor                 0x080037b9   Thumb Code     8  usbd_desc.o(i.USBD_FS_DeviceDescriptor)
    USBD_FS_InterfaceStrDescriptor           0x080037c5   Thumb Code    16  usbd_desc.o(i.USBD_FS_InterfaceStrDescriptor)
    USBD_FS_LangIDStrDescriptor              0x080037f1   Thumb Code     8  usbd_desc.o(i.USBD_FS_LangIDStrDescriptor)
    USBD_FS_ManufacturerStrDescriptor        0x080037fd   Thumb Code    16  usbd_desc.o(i.USBD_FS_ManufacturerStrDescriptor)
    USBD_FS_ProductStrDescriptor             0x08003819   Thumb Code    16  usbd_desc.o(i.USBD_FS_ProductStrDescriptor)
    USBD_FS_SerialStrDescriptor              0x08003855   Thumb Code    16  usbd_desc.o(i.USBD_FS_SerialStrDescriptor)
    USBD_GetString                           0x0800396b   Thumb Code    70  usbd_ctlreq.o(i.USBD_GetString)
    USBD_Init                                0x080039b1   Thumb Code    42  usbd_core.o(i.USBD_Init)
    USBD_LL_ClearStallEP                     0x080039db   Thumb Code    14  usbd_conf.o(i.USBD_LL_ClearStallEP)
    USBD_LL_CloseEP                          0x080039e9   Thumb Code    14  usbd_conf.o(i.USBD_LL_CloseEP)
    USBD_LL_DataInStage                      0x080039f7   Thumb Code   170  usbd_core.o(i.USBD_LL_DataInStage)
    USBD_LL_DataOutStage                     0x08003aa1   Thumb Code   106  usbd_core.o(i.USBD_LL_DataOutStage)
    USBD_LL_Init                             0x08003b0d   Thumb Code   106  usbd_conf.o(i.USBD_LL_Init)
    USBD_LL_IsStallEP                        0x08003b81   Thumb Code    28  usbd_conf.o(i.USBD_LL_IsStallEP)
    USBD_LL_OpenEP                           0x08003b9d   Thumb Code    20  usbd_conf.o(i.USBD_LL_OpenEP)
    USBD_LL_PrepareReceive                   0x08003bb1   Thumb Code    14  usbd_conf.o(i.USBD_LL_PrepareReceive)
    USBD_LL_Reset                            0x08003bbf   Thumb Code    62  usbd_core.o(i.USBD_LL_Reset)
    USBD_LL_Resume                           0x08003bfd   Thumb Code    12  usbd_core.o(i.USBD_LL_Resume)
    USBD_LL_SOF                              0x08003c09   Thumb Code    24  usbd_core.o(i.USBD_LL_SOF)
    USBD_LL_SetSpeed                         0x08003c21   Thumb Code     6  usbd_core.o(i.USBD_LL_SetSpeed)
    USBD_LL_SetUSBAddress                    0x08003c27   Thumb Code    14  usbd_conf.o(i.USBD_LL_SetUSBAddress)
    USBD_LL_SetupStage                       0x08003c35   Thumb Code    90  usbd_core.o(i.USBD_LL_SetupStage)
    USBD_LL_StallEP                          0x08003c8f   Thumb Code    14  usbd_conf.o(i.USBD_LL_StallEP)
    USBD_LL_Start                            0x08003c9d   Thumb Code    14  usbd_conf.o(i.USBD_LL_Start)
    USBD_LL_Suspend                          0x08003cab   Thumb Code    18  usbd_core.o(i.USBD_LL_Suspend)
    USBD_LL_Transmit                         0x08003cbd   Thumb Code    14  usbd_conf.o(i.USBD_LL_Transmit)
    USBD_ParseSetupRequest                   0x08003ccb   Thumb Code    40  usbd_ctlreq.o(i.USBD_ParseSetupRequest)
    USBD_RegisterClass                       0x08003cf3   Thumb Code    16  usbd_core.o(i.USBD_RegisterClass)
    USBD_SetClassConfig                      0x08003d03   Thumb Code    22  usbd_core.o(i.USBD_SetClassConfig)
    USBD_Start                               0x08003d8d   Thumb Code    10  usbd_core.o(i.USBD_Start)
    USBD_StdDevReq                           0x08003d97   Thumb Code   242  usbd_ctlreq.o(i.USBD_StdDevReq)
    USBD_StdEPReq                            0x08003e89   Thumb Code   220  usbd_ctlreq.o(i.USBD_StdEPReq)
    USBD_StdItfReq                           0x08003f65   Thumb Code    52  usbd_ctlreq.o(i.USBD_StdItfReq)
    USBD_static_free                         0x08003f99   Thumb Code     2  usbd_conf.o(i.USBD_static_free)
    USBD_static_malloc                       0x08003f9d   Thumb Code     4  usbd_conf.o(i.USBD_static_malloc)
    USB_ActivateEndpoint                     0x08003fa5   Thumb Code   594  stm32f1xx_ll_usb.o(i.USB_ActivateEndpoint)
    USB_CoreInit                             0x080041f7   Thumb Code     4  stm32f1xx_ll_usb.o(i.USB_CoreInit)
    USB_DeactivateEndpoint                   0x080041fb   Thumb Code   272  stm32f1xx_ll_usb.o(i.USB_DeactivateEndpoint)
    USB_DevConnect                           0x0800430b   Thumb Code     4  stm32f1xx_ll_usb.o(i.USB_DevConnect)
    USB_DevDisconnect                        0x0800430f   Thumb Code     4  stm32f1xx_ll_usb.o(i.USB_DevDisconnect)
    USB_DevInit                              0x08004313   Thumb Code    18  stm32f1xx_ll_usb.o(i.USB_DevInit)
    USB_DisableGlobalInt                     0x08004325   Thumb Code    14  stm32f1xx_ll_usb.o(i.USB_DisableGlobalInt)
    USB_EP0_OutStart                         0x08004333   Thumb Code     4  stm32f1xx_ll_usb.o(i.USB_EP0_OutStart)
    USB_EPClearStall                         0x08004337   Thumb Code   106  stm32f1xx_ll_usb.o(i.USB_EPClearStall)
    USB_EPSetStall                           0x080043a1   Thumb Code    74  stm32f1xx_ll_usb.o(i.USB_EPSetStall)
    USB_EPStartXfer                          0x080043eb   Thumb Code   422  stm32f1xx_ll_usb.o(i.USB_EPStartXfer)
    USB_EnableGlobalInt                      0x08004591   Thumb Code    14  stm32f1xx_ll_usb.o(i.USB_EnableGlobalInt)
    USB_LP_CAN1_RX0_IRQHandler               0x080045a1   Thumb Code     6  stm32f1xx_it.o(i.USB_LP_CAN1_RX0_IRQHandler)
    USB_ReadInterrupts                       0x080045ad   Thumb Code     6  stm32f1xx_ll_usb.o(i.USB_ReadInterrupts)
    USB_ReadPMA                              0x080045b3   Thumb Code    28  stm32f1xx_ll_usb.o(i.USB_ReadPMA)
    USB_SetCurrentMode                       0x080045cf   Thumb Code     4  stm32f1xx_ll_usb.o(i.USB_SetCurrentMode)
    USB_SetDevAddress                        0x080045d3   Thumb Code    12  stm32f1xx_ll_usb.o(i.USB_SetDevAddress)
    USB_WritePMA                             0x080045df   Thumb Code    38  stm32f1xx_ll_usb.o(i.USB_WritePMA)
    UsageFault_Handler                       0x08004605   Thumb Code     2  stm32f1xx_it.o(i.UsageFault_Handler)
    __kernel_poly                            0x08004607   Thumb Code   170  poly.o(i.__kernel_poly)
    __mathlib_dbl_divzero                    0x080046b1   Thumb Code    12  dunder.o(i.__mathlib_dbl_divzero)
    __mathlib_dbl_infnan                     0x080046c1   Thumb Code     6  dunder.o(i.__mathlib_dbl_infnan)
    __mathlib_dbl_invalid                    0x080046c7   Thumb Code    12  dunder.o(i.__mathlib_dbl_invalid)
    log                                      0x080046d5   Thumb Code   808  log.o(i.log)
    main                                     0x08004a31   Thumb Code   860  main.o(i.main)
    __aeabi_d2f                              0x08004dd5   Thumb Code     0  d2f.o(x$fpl$d2f)
    _d2f                                     0x08004dd5   Thumb Code    98  d2f.o(x$fpl$d2f)
    __aeabi_dadd                             0x08004e39   Thumb Code     0  daddsub_clz.o(x$fpl$dadd)
    _dadd                                    0x08004e39   Thumb Code   332  daddsub_clz.o(x$fpl$dadd)
    __fpl_dcheck_NaN1                        0x08004f89   Thumb Code    10  dcheck1.o(x$fpl$dcheck1)
    __fpl_dcmp_Inf                           0x08004f99   Thumb Code    24  dcmpi.o(x$fpl$dcmpinf)
    __aeabi_ddiv                             0x08004fb1   Thumb Code     0  ddiv.o(x$fpl$ddiv)
    _ddiv                                    0x08004fb1   Thumb Code   552  ddiv.o(x$fpl$ddiv)
    __aeabi_cdcmpeq                          0x08005261   Thumb Code     0  deqf.o(x$fpl$deqf)
    _dcmpeq                                  0x08005261   Thumb Code   120  deqf.o(x$fpl$deqf)
    __aeabi_i2d                              0x080052d9   Thumb Code     0  dflt_clz.o(x$fpl$dflt)
    _dflt                                    0x080052d9   Thumb Code    46  dflt_clz.o(x$fpl$dflt)
    __aeabi_dmul                             0x08005309   Thumb Code     0  dmul.o(x$fpl$dmul)
    _dmul                                    0x08005309   Thumb Code   332  dmul.o(x$fpl$dmul)
    __fpl_dnaninf                            0x0800545d   Thumb Code   156  dnaninf.o(x$fpl$dnaninf)
    __fpl_dretinf                            0x080054f9   Thumb Code    12  dretinf.o(x$fpl$dretinf)
    __aeabi_drsub                            0x08005505   Thumb Code     0  daddsub_clz.o(x$fpl$drsb)
    _drsb                                    0x08005505   Thumb Code    22  daddsub_clz.o(x$fpl$drsb)
    __aeabi_dsub                             0x0800551d   Thumb Code     0  daddsub_clz.o(x$fpl$dsub)
    _dsub                                    0x0800551d   Thumb Code   464  daddsub_clz.o(x$fpl$dsub)
    __aeabi_f2d                              0x080056f1   Thumb Code     0  f2d.o(x$fpl$f2d)
    _f2d                                     0x080056f1   Thumb Code    86  f2d.o(x$fpl$f2d)
    __aeabi_fadd                             0x08005749   Thumb Code     0  faddsub_clz.o(x$fpl$fadd)
    _fadd                                    0x08005749   Thumb Code   196  faddsub_clz.o(x$fpl$fadd)
    __fpl_fcheck_NaN1                        0x0800580d   Thumb Code     6  fcheck1.o(x$fpl$fcheck1)
    __fpl_fcmp_Inf                           0x08005819   Thumb Code    24  fcmpi.o(x$fpl$fcmpinf)
    __aeabi_fdiv                             0x08005831   Thumb Code     0  fdiv.o(x$fpl$fdiv)
    _fdiv                                    0x08005831   Thumb Code   384  fdiv.o(x$fpl$fdiv)
    __aeabi_f2uiz                            0x080059b5   Thumb Code     0  ffixu.o(x$fpl$ffixu)
    _ffixu                                   0x080059b5   Thumb Code    62  ffixu.o(x$fpl$ffixu)
    __aeabi_ui2f                             0x080059f5   Thumb Code     0  fflt_clz.o(x$fpl$ffltu)
    _ffltu                                   0x080059f5   Thumb Code    38  fflt_clz.o(x$fpl$ffltu)
    __aeabi_cfcmple                          0x08005a1d   Thumb Code     0  fleqf.o(x$fpl$fleqf)
    _fcmple                                  0x08005a1d   Thumb Code   104  fleqf.o(x$fpl$fleqf)
    __fpl_fcmple_InfNaN                      0x08005a6f   Thumb Code     0  fleqf.o(x$fpl$fleqf)
    __aeabi_fmul                             0x08005a85   Thumb Code     0  fmul.o(x$fpl$fmul)
    _fmul                                    0x08005a85   Thumb Code   258  fmul.o(x$fpl$fmul)
    __fpl_fnaninf                            0x08005b87   Thumb Code   140  fnaninf.o(x$fpl$fnaninf)
    __fpl_fretinf                            0x08005c13   Thumb Code    10  fretinf.o(x$fpl$fretinf)
    __aeabi_cfrcmple                         0x08005c1d   Thumb Code     0  frleqf.o(x$fpl$frleqf)
    _frcmple                                 0x08005c1d   Thumb Code    98  frleqf.o(x$fpl$frleqf)
    __aeabi_fsub                             0x08005c81   Thumb Code     0  faddsub_clz.o(x$fpl$fsub)
    _fsub                                    0x08005c81   Thumb Code   234  faddsub_clz.o(x$fpl$fsub)
    __fpl_return_NaN                         0x08005d6b   Thumb Code   100  retnan.o(x$fpl$retnan)
    __ARM_scalbn                             0x08005dcf   Thumb Code    92  scalbn.o(x$fpl$scalbn)
    __ARM_scalbnf                            0x08005e2b   Thumb Code    76  scalbnf.o(x$fpl$scalbnf)
    __fpl_cmpreturn                          0x08005e77   Thumb Code    48  trapv.o(x$fpl$trapveneer)
    AHBPrescTable                            0x08005ea6   Data          16  system_stm32f1xx.o(.constdata)
    __I$use$fp                               0x08005ea6   Number         0  usenofp.o(x$fpl$usenofp)
    APBPrescTable                            0x08005eb6   Data           8  system_stm32f1xx.o(.constdata)
    __mathlib_zero                           0x08005ef8   Data           8  qnan.o(.constdata)
    Region$$Table$$Base                      0x08005f00   Number         0  anon$$obj.o(Region$$Table)
    Region$$Table$$Limit                     0x08005f20   Number         0  anon$$obj.o(Region$$Table)
    USBD_CustomHID_fops_FS                   0x20000020   Data          16  usbd_custom_hid_if.o(.data)
    bGotUSBData                              0x20000030   Data           1  main.o(.data)
    bGotADCResults                           0x20000031   Data           1  main.o(.data)
    IsRunning                                0x20000032   Data           1  main.o(.data)
    IsInitialised                            0x20000033   Data           1  main.o(.data)
    avgctr                                   0x20000038   Data           2  main.o(.data)
    CommTimeoutCtr                           0x2000003c   Data           4  main.o(.data)
    FS_Desc                                  0x20000040   Data          28  usbd_desc.o(.data)
    USBD_LangIDDesc                          0x2000005c   Data           4  usbd_desc.o(.data)
    USBD_FS_DeviceDesc                       0x20000060   Data          18  usbd_desc.o(.data)
    USBD_CUSTOM_HID                          0x20000074   Data          60  usbd_customhid.o(.data)
    SystemCoreClock                          0x2000010c   Data           4  system_stm32f1xx.o(.data)
    hadc1                                    0x20000110   Data          48  main.o(.bss)
    hrtc                                     0x20000140   Data          20  main.o(.bss)
    htim2                                    0x20000154   Data          60  main.o(.bss)
    htim4                                    0x20000190   Data          60  main.o(.bss)
    ADCresults                               0x200001cc   Data         128  main.o(.bss)
    USBTxBuf                                 0x2000024c   Data          65  main.o(.bss)
    modulator                                0x20000290   Data         144  main.o(.bss)
    PID                                      0x20000320   Data         432  main.o(.bss)
    thermistor                               0x200004d0   Data         200  main.o(.bss)
    hdma_adc1                                0x20000598   Data          56  main.o(.bss)
    hUsbDeviceFS                             0x200005d0   Data         548  usb_device.o(.bss)
    hpcd_USB_FS                              0x2000084c   Data        1056  usbd_conf.o(.bss)
    USBD_StrDesc                             0x20000c6c   Data         512  usbd_desc.o(.bss)
    __libspace_start                         0x20000e6c   Data          96  libspace.o(.bss)
    __temporary_stack_top$libspace           0x20000ecc   Data           0  libspace.o(.bss)



==============================================================================

Memory Map of the image

  Image Entry point : 0x080000ed

  Load Region LR_IROM1 (Base: 0x08000000, Size: 0x00006030, Max: 0x00010000, ABSOLUTE)

    Execution Region ER_IROM1 (Base: 0x08000000, Size: 0x00005f20, Max: 0x00010000, ABSOLUTE)

    Base Addr    Size         Type   Attr      Idx    E Section Name        Object

    0x08000000   0x000000ec   Data   RO         3484    RESET               startup_stm32f103xb.o
    0x080000ec   0x00000008   Code   RO         3877  * !!!main             c_w.l(__main.o)
    0x080000f4   0x00000034   Code   RO         4143    !!!scatter          c_w.l(__scatter.o)
    0x08000128   0x0000001a   Code   RO         4145    !!handler_copy      c_w.l(__scatter_copy.o)
    0x08000142   0x00000002   PAD
    0x08000144   0x0000001c   Code   RO         4147    !!handler_zi        c_w.l(__scatter_zi.o)
    0x08000160   0x00000002   Code   RO         4014    .ARM.Collect$$libinit$$00000000  c_w.l(libinit.o)
    0x08000162   0x00000000   Code   RO         4020    .ARM.Collect$$libinit$$00000002  c_w.l(libinit2.o)
    0x08000162   0x00000000   Code   RO         4022    .ARM.Collect$$libinit$$00000004  c_w.l(libinit2.o)
    0x08000162   0x00000000   Code   RO         4025    .ARM.Collect$$libinit$$0000000A  c_w.l(libinit2.o)
    0x08000162   0x00000000   Code   RO         4027    .ARM.Collect$$libinit$$0000000C  c_w.l(libinit2.o)
    0x08000162   0x00000000   Code   RO         4029    .ARM.Collect$$libinit$$0000000E  c_w.l(libinit2.o)
    0x08000162   0x00000000   Code   RO         4032    .ARM.Collect$$libinit$$00000011  c_w.l(libinit2.o)
    0x08000162   0x00000000   Code   RO         4034    .ARM.Collect$$libinit$$00000013  c_w.l(libinit2.o)
    0x08000162   0x00000000   Code   RO         4036    .ARM.Collect$$libinit$$00000015  c_w.l(libinit2.o)
    0x08000162   0x00000000   Code   RO         4038    .ARM.Collect$$libinit$$00000017  c_w.l(libinit2.o)
    0x08000162   0x00000000   Code   RO         4040    .ARM.Collect$$libinit$$00000019  c_w.l(libinit2.o)
    0x08000162   0x00000000   Code   RO         4042    .ARM.Collect$$libinit$$0000001B  c_w.l(libinit2.o)
    0x08000162   0x00000000   Code   RO         4044    .ARM.Collect$$libinit$$0000001D  c_w.l(libinit2.o)
    0x08000162   0x00000000   Code   RO         4046    .ARM.Collect$$libinit$$0000001F  c_w.l(libinit2.o)
    0x08000162   0x00000000   Code   RO         4048    .ARM.Collect$$libinit$$00000021  c_w.l(libinit2.o)
    0x08000162   0x00000000   Code   RO         4050    .ARM.Collect$$libinit$$00000023  c_w.l(libinit2.o)
    0x08000162   0x00000000   Code   RO         4052    .ARM.Collect$$libinit$$00000025  c_w.l(libinit2.o)
    0x08000162   0x00000000   Code   RO         4056    .ARM.Collect$$libinit$$0000002C  c_w.l(libinit2.o)
    0x08000162   0x00000000   Code   RO         4058    .ARM.Collect$$libinit$$0000002E  c_w.l(libinit2.o)
    0x08000162   0x00000000   Code   RO         4060    .ARM.Collect$$libinit$$00000030  c_w.l(libinit2.o)
    0x08000162   0x00000000   Code   RO         4062    .ARM.Collect$$libinit$$00000032  c_w.l(libinit2.o)
    0x08000162   0x00000002   Code   RO         4063    .ARM.Collect$$libinit$$00000033  c_w.l(libinit2.o)
    0x08000164   0x00000002   Code   RO         4083    .ARM.Collect$$libshutdown$$00000000  c_w.l(libshutdown.o)
    0x08000166   0x00000000   Code   RO         4096    .ARM.Collect$$libshutdown$$00000002  c_w.l(libshutdown2.o)
    0x08000166   0x00000000   Code   RO         4098    .ARM.Collect$$libshutdown$$00000004  c_w.l(libshutdown2.o)
    0x08000166   0x00000000   Code   RO         4101    .ARM.Collect$$libshutdown$$00000007  c_w.l(libshutdown2.o)
    0x08000166   0x00000000   Code   RO         4104    .ARM.Collect$$libshutdown$$0000000A  c_w.l(libshutdown2.o)
    0x08000166   0x00000000   Code   RO         4106    .ARM.Collect$$libshutdown$$0000000C  c_w.l(libshutdown2.o)
    0x08000166   0x00000000   Code   RO         4109    .ARM.Collect$$libshutdown$$0000000F  c_w.l(libshutdown2.o)
    0x08000166   0x00000002   Code   RO         4110    .ARM.Collect$$libshutdown$$00000010  c_w.l(libshutdown2.o)
    0x08000168   0x00000000   Code   RO         3921    .ARM.Collect$$rtentry$$00000000  c_w.l(__rtentry.o)
    0x08000168   0x00000000   Code   RO         3977    .ARM.Collect$$rtentry$$00000002  c_w.l(__rtentry2.o)
    0x08000168   0x00000006   Code   RO         3989    .ARM.Collect$$rtentry$$00000004  c_w.l(__rtentry4.o)
    0x0800016e   0x00000000   Code   RO         3979    .ARM.Collect$$rtentry$$00000009  c_w.l(__rtentry2.o)
    0x0800016e   0x00000004   Code   RO         3980    .ARM.Collect$$rtentry$$0000000A  c_w.l(__rtentry2.o)
    0x08000172   0x00000000   Code   RO         3982    .ARM.Collect$$rtentry$$0000000C  c_w.l(__rtentry2.o)
    0x08000172   0x00000008   Code   RO         3983    .ARM.Collect$$rtentry$$0000000D  c_w.l(__rtentry2.o)
    0x0800017a   0x00000002   Code   RO         4017    .ARM.Collect$$rtexit$$00000000  c_w.l(rtexit.o)
    0x0800017c   0x00000000   Code   RO         4065    .ARM.Collect$$rtexit$$00000002  c_w.l(rtexit2.o)
    0x0800017c   0x00000004   Code   RO         4066    .ARM.Collect$$rtexit$$00000003  c_w.l(rtexit2.o)
    0x08000180   0x00000006   Code   RO         4067    .ARM.Collect$$rtexit$$00000004  c_w.l(rtexit2.o)
    0x08000186   0x00000002   PAD
    0x08000188   0x00000040   Code   RO         3485    .text               startup_stm32f103xb.o
    0x080001c8   0x00000064   Code   RO         3871    .text               c_w.l(rt_memcpy_w.o)
    0x0800022c   0x0000004e   Code   RO         3873    .text               c_w.l(rt_memclr_w.o)
    0x0800027a   0x00000006   Code   RO         3875    .text               c_w.l(heapauxi.o)
    0x08000280   0x00000016   Code   RO         3922    .text               c_w.l(_rserrno.o)
    0x08000296   0x00000002   PAD
    0x08000298   0x00000008   Code   RO         3994    .text               c_w.l(rt_errno_addr_intlibspace.o)
    0x080002a0   0x00000008   Code   RO         4002    .text               c_w.l(libspace.o)
    0x080002a8   0x0000004a   Code   RO         4005    .text               c_w.l(sys_stackheap_outer.o)
    0x080002f2   0x00000012   Code   RO         4007    .text               c_w.l(exit.o)
    0x08000304   0x0000000c   Code   RO         4075    .text               c_w.l(sys_exit.o)
    0x08000310   0x00000002   Code   RO         4086    .text               c_w.l(use_no_semi.o)
    0x08000312   0x00000000   Code   RO         4088    .text               c_w.l(indicate_semi.o)
    0x08000312   0x00000002   PAD
    0x08000314   0x0000000c   Code   RO         3006    i.ADC1_2_IRQHandler  stm32f1xx_it.o
    0x08000320   0x0000004a   Code   RO         2659    i.ADC_ConversionStop_Disable  stm32f1xx_hal_adc.o
    0x0800036a   0x0000004e   Code   RO         2660    i.ADC_DMAConvCplt   stm32f1xx_hal_adc.o
    0x080003b8   0x0000001a   Code   RO         2661    i.ADC_DMAError      stm32f1xx_hal_adc.o
    0x080003d2   0x0000000a   Code   RO         2662    i.ADC_DMAHalfConvCplt  stm32f1xx_hal_adc.o
    0x080003dc   0x00000070   Code   RO         2663    i.ADC_Enable        stm32f1xx_hal_adc.o
    0x0800044c   0x00000002   Code   RO         3007    i.BusFault_Handler  stm32f1xx_it.o
    0x0800044e   0x00000004   Code   RO         2839    i.CUSTOM_HID_DeInit_FS  usbd_custom_hid_if.o
    0x08000452   0x00000004   Code   RO         2840    i.CUSTOM_HID_Init_FS  usbd_custom_hid_if.o
    0x08000456   0x00000002   PAD
    0x08000458   0x00000204   Code   RO         2841    i.CUSTOM_HID_OutEvent_FS  usbd_custom_hid_if.o
    0x0800065c   0x0000000c   Code   RO         3008    i.DMA1_Channel1_IRQHandler  stm32f1xx_it.o
    0x08000668   0x0000001e   Code   RO         2418    i.DMA_SetConfig     stm32f1xx_hal_dma.o
    0x08000686   0x00000002   Code   RO         3009    i.DebugMon_Handler  stm32f1xx_it.o
    0x08000688   0x00000002   Code   RO         2916    i.Error_Handler     main.o
    0x0800068a   0x00000002   Code   RO          147    i.HAL_ADCEx_InjectedConvCpltCallback  stm32f1xx_hal_adc_ex.o
    0x0800068c   0x00000168   Code   RO         2665    i.HAL_ADC_ConfigChannel  stm32f1xx_hal_adc.o
    0x080007f4   0x0000002c   Code   RO         2917    i.HAL_ADC_ConvCpltCallback  main.o
    0x08000820   0x00000002   Code   RO         2667    i.HAL_ADC_ConvHalfCpltCallback  stm32f1xx_hal_adc.o
    0x08000822   0x00000002   Code   RO         2669    i.HAL_ADC_ErrorCallback  stm32f1xx_hal_adc.o
    0x08000824   0x000000e6   Code   RO         2673    i.HAL_ADC_IRQHandler  stm32f1xx_hal_adc.o
    0x0800090a   0x00000002   PAD
    0x0800090c   0x00000134   Code   RO         2674    i.HAL_ADC_Init      stm32f1xx_hal_adc.o
    0x08000a40   0x00000002   Code   RO         2675    i.HAL_ADC_LevelOutOfWindowCallback  stm32f1xx_hal_adc.o
    0x08000a42   0x00000002   PAD
    0x08000a44   0x00000088   Code   RO         3419    i.HAL_ADC_MspInit   stm32f1xx_hal_msp.o
    0x08000acc   0x0000010c   Code   RO         2681    i.HAL_ADC_Start_DMA  stm32f1xx_hal_adc.o
    0x08000bd8   0x0000024c   Code   RO         2423    i.HAL_DMA_IRQHandler  stm32f1xx_hal_dma.o
    0x08000e24   0x00000050   Code   RO         2424    i.HAL_DMA_Init      stm32f1xx_hal_dma.o
    0x08000e74   0x00000058   Code   RO         2427    i.HAL_DMA_Start_IT  stm32f1xx_hal_dma.o
    0x08000ecc   0x00000016   Code   RO         2532    i.HAL_Delay         stm32f1xx_hal.o
    0x08000ee2   0x00000002   PAD
    0x08000ee4   0x000001c8   Code   RO         1014    i.HAL_GPIO_Init     stm32f1xx_hal_gpio.o
    0x080010ac   0x00000008   Code   RO         1017    i.HAL_GPIO_TogglePin  stm32f1xx_hal_gpio.o
    0x080010b4   0x0000000a   Code   RO         1018    i.HAL_GPIO_WritePin  stm32f1xx_hal_gpio.o
    0x080010be   0x00000002   PAD
    0x080010c0   0x0000000c   Code   RO         2536    i.HAL_GetTick       stm32f1xx_hal.o
    0x080010cc   0x00000010   Code   RO         2537    i.HAL_IncTick       stm32f1xx_hal.o
    0x080010dc   0x00000024   Code   RO         2538    i.HAL_Init          stm32f1xx_hal.o
    0x08001100   0x00000022   Code   RO         2539    i.HAL_InitTick      stm32f1xx_hal.o
    0x08001122   0x00000002   PAD
    0x08001124   0x00000080   Code   RO         3420    i.HAL_MspInit       stm32f1xx_hal_msp.o
    0x080011a4   0x00000016   Code   RO         2009    i.HAL_NVIC_EnableIRQ  stm32f1xx_hal_cortex.o
    0x080011ba   0x00000002   PAD
    0x080011bc   0x00000040   Code   RO         2015    i.HAL_NVIC_SetPriority  stm32f1xx_hal_cortex.o
    0x080011fc   0x00000024   Code   RO         2016    i.HAL_NVIC_SetPriorityGrouping  stm32f1xx_hal_cortex.o
    0x08001220   0x00000034   Code   RO         2495    i.HAL_PCDEx_PMAConfig  stm32f1xx_hal_pcd_ex.o
    0x08001254   0x00000002   Code   RO         3140    i.HAL_PCDEx_SetConnectionState  usbd_conf.o
    0x08001256   0x0000000e   Code   RO         3142    i.HAL_PCD_DataInStageCallback  usbd_conf.o
    0x08001264   0x00000010   Code   RO         3143    i.HAL_PCD_DataOutStageCallback  usbd_conf.o
    0x08001274   0x00000040   Code   RO         1319    i.HAL_PCD_EP_Close  stm32f1xx_hal_pcd.o
    0x080012b4   0x00000048   Code   RO         1320    i.HAL_PCD_EP_ClrStall  stm32f1xx_hal_pcd.o
    0x080012fc   0x00000044   Code   RO         1323    i.HAL_PCD_EP_Open   stm32f1xx_hal_pcd.o
    0x08001340   0x00000040   Code   RO         1324    i.HAL_PCD_EP_Receive  stm32f1xx_hal_pcd.o
    0x08001380   0x00000056   Code   RO         1325    i.HAL_PCD_EP_SetStall  stm32f1xx_hal_pcd.o
    0x080013d6   0x0000003e   Code   RO         1326    i.HAL_PCD_EP_Transmit  stm32f1xx_hal_pcd.o
    0x08001414   0x0000010a   Code   RO         1328    i.HAL_PCD_IRQHandler  stm32f1xx_hal_pcd.o
    0x0800151e   0x000000bc   Code   RO         1331    i.HAL_PCD_Init      stm32f1xx_hal_pcd.o
    0x080015da   0x00000002   PAD
    0x080015dc   0x0000004c   Code   RO         3148    i.HAL_PCD_MspInit   usbd_conf.o
    0x08001628   0x0000001a   Code   RO         3149    i.HAL_PCD_ResetCallback  usbd_conf.o
    0x08001642   0x00000008   Code   RO         3150    i.HAL_PCD_ResumeCallback  usbd_conf.o
    0x0800164a   0x00000008   Code   RO         3151    i.HAL_PCD_SOFCallback  usbd_conf.o
    0x08001652   0x00000028   Code   RO         1337    i.HAL_PCD_SetAddress  stm32f1xx_hal_pcd.o
    0x0800167a   0x0000000e   Code   RO         3152    i.HAL_PCD_SetupStageCallback  usbd_conf.o
    0x08001688   0x00000032   Code   RO         1339    i.HAL_PCD_Start     stm32f1xx_hal_pcd.o
    0x080016ba   0x00000002   PAD
    0x080016bc   0x00000024   Code   RO         3153    i.HAL_PCD_SuspendCallback  usbd_conf.o
    0x080016e0   0x00000018   Code   RO         1702    i.HAL_PWR_EnableBkUpAccess  stm32f1xx_hal_pwr.o
    0x080016f8   0x000000f0   Code   RO          242    i.HAL_RCCEx_GetPeriphCLKFreq  stm32f1xx_hal_rcc_ex.o
    0x080017e8   0x0000012c   Code   RO          243    i.HAL_RCCEx_PeriphCLKConfig  stm32f1xx_hal_rcc_ex.o
    0x08001914   0x00000180   Code   RO         2317    i.HAL_RCC_ClockConfig  stm32f1xx_hal_rcc.o
    0x08001a94   0x0000000c   Code   RO         2322    i.HAL_RCC_GetHCLKFreq  stm32f1xx_hal_rcc.o
    0x08001aa0   0x00000030   Code   RO         2325    i.HAL_RCC_GetPCLK2Freq  stm32f1xx_hal_rcc.o
    0x08001ad0   0x00000088   Code   RO         2326    i.HAL_RCC_GetSysClockFreq  stm32f1xx_hal_rcc.o
    0x08001b58   0x0000057a   Code   RO         2329    i.HAL_RCC_OscConfig  stm32f1xx_hal_rcc.o
    0x080020d2   0x00000002   PAD
    0x080020d4   0x000000a0   Code   RO         1533    i.HAL_RTC_Init      stm32f1xx_hal_rtc.o
    0x08002174   0x00000044   Code   RO         3422    i.HAL_RTC_MspInit   stm32f1xx_hal_msp.o
    0x080021b8   0x000000c4   Code   RO         1539    i.HAL_RTC_SetDate   stm32f1xx_hal_rtc.o
    0x0800227c   0x000000b0   Code   RO         1540    i.HAL_RTC_SetTime   stm32f1xx_hal_rtc.o
    0x0800232c   0x0000003a   Code   RO         1541    i.HAL_RTC_WaitForSynchro  stm32f1xx_hal_rtc.o
    0x08002366   0x00000018   Code   RO         2018    i.HAL_SYSTICK_CLKSourceConfig  stm32f1xx_hal_cortex.o
    0x0800237e   0x00000002   Code   RO         2019    i.HAL_SYSTICK_Callback  stm32f1xx_hal_cortex.o
    0x08002380   0x00000028   Code   RO         2020    i.HAL_SYSTICK_Config  stm32f1xx_hal_cortex.o
    0x080023a8   0x00000008   Code   RO         2021    i.HAL_SYSTICK_IRQHandler  stm32f1xx_hal_cortex.o
    0x080023b0   0x00000002   Code   RO         1077    i.HAL_TIMEx_BreakCallback  stm32f1xx_hal_tim_ex.o
    0x080023b2   0x00000002   Code   RO         1078    i.HAL_TIMEx_CommutationCallback  stm32f1xx_hal_tim_ex.o
    0x080023b4   0x00000050   Code   RO         1094    i.HAL_TIMEx_MasterConfigSynchronization  stm32f1xx_hal_tim_ex.o
    0x08002404   0x00000036   Code   RO          382    i.HAL_TIM_Base_Init  stm32f1xx_hal_tim.o
    0x0800243a   0x00000002   PAD
    0x0800243c   0x00000050   Code   RO         3424    i.HAL_TIM_Base_MspInit  stm32f1xx_hal_msp.o
    0x0800248c   0x00000018   Code   RO          387    i.HAL_TIM_Base_Start_IT  stm32f1xx_hal_tim.o
    0x080024a4   0x000000f0   Code   RO          391    i.HAL_TIM_ConfigClockSource  stm32f1xx_hal_tim.o
    0x08002594   0x00000002   Code   RO          411    i.HAL_TIM_IC_CaptureCallback  stm32f1xx_hal_tim.o
    0x08002596   0x00000166   Code   RO          424    i.HAL_TIM_IRQHandler  stm32f1xx_hal_tim.o
    0x080026fc   0x00000028   Code   RO         3425    i.HAL_TIM_MspPostInit  stm32f1xx_hal_msp.o
    0x08002724   0x00000002   Code   RO          427    i.HAL_TIM_OC_DelayElapsedCallback  stm32f1xx_hal_tim.o
    0x08002726   0x000000d0   Code   RO          448    i.HAL_TIM_PWM_ConfigChannel  stm32f1xx_hal_tim.o
    0x080027f6   0x00000036   Code   RO          451    i.HAL_TIM_PWM_Init  stm32f1xx_hal_tim.o
    0x0800282c   0x00000002   Code   RO          453    i.HAL_TIM_PWM_MspInit  stm32f1xx_hal_tim.o
    0x0800282e   0x00000002   Code   RO          454    i.HAL_TIM_PWM_PulseFinishedCallback  stm32f1xx_hal_tim.o
    0x08002830   0x000000ac   Code   RO         2918    i.HAL_TIM_PeriodElapsedCallback  main.o
    0x080028dc   0x00000002   Code   RO          465    i.HAL_TIM_TriggerCallback  stm32f1xx_hal_tim.o
    0x080028de   0x00000002   Code   RO         3010    i.HardFault_Handler  stm32f1xx_it.o
    0x080028e0   0x000000c8   Code   RO         2919    i.MX_ADC1_Init      main.o
    0x080029a8   0x000000b0   Code   RO         2920    i.MX_GPIO_Init      main.o
    0x08002a58   0x00000060   Code   RO         2921    i.MX_RTC_Init       main.o
    0x08002ab8   0x000000a0   Code   RO         2922    i.MX_TIM4_Init      main.o
    0x08002b58   0x00000038   Code   RO         3106    i.MX_USB_DEVICE_Init  usb_device.o
    0x08002b90   0x00000002   Code   RO         3011    i.MemManage_Handler  stm32f1xx_it.o
    0x08002b92   0x00000002   Code   RO         3012    i.NMI_Handler       stm32f1xx_it.o
    0x08002b94   0x00000020   Code   RO         2022    i.NVIC_SetPriority  stm32f1xx_hal_cortex.o
    0x08002bb4   0x00000348   Code   RO         1342    i.PCD_EP_ISR_Handler  stm32f1xx_hal_pcd.o
    0x08002efc   0x00000002   Code   RO         3013    i.PendSV_Handler    stm32f1xx_it.o
    0x08002efe   0x00000012   Code   RO         1542    i.RTC_Bcd2ToByte    stm32f1xx_hal_rtc.o
    0x08002f10   0x00000034   Code   RO         1545    i.RTC_EnterInitMode  stm32f1xx_hal_rtc.o
    0x08002f44   0x00000034   Code   RO         1546    i.RTC_ExitInitMode  stm32f1xx_hal_rtc.o
    0x08002f78   0x0000000e   Code   RO         1547    i.RTC_ReadAlarmCounter  stm32f1xx_hal_rtc.o
    0x08002f86   0x00000020   Code   RO         1548    i.RTC_ReadTimeCounter  stm32f1xx_hal_rtc.o
    0x08002fa6   0x00000056   Code   RO         1549    i.RTC_WeekDayNum    stm32f1xx_hal_rtc.o
    0x08002ffc   0x00000028   Code   RO         1550    i.RTC_WriteAlarmCounter  stm32f1xx_hal_rtc.o
    0x08003024   0x00000028   Code   RO         1551    i.RTC_WriteTimeCounter  stm32f1xx_hal_rtc.o
    0x0800304c   0x00000002   Code   RO         3014    i.SVC_Handler       stm32f1xx_it.o
    0x0800304e   0x00000012   Code   RO         3015    i.SysTick_Handler   stm32f1xx_it.o
    0x08003060   0x000001b4   Code   RO         2923    i.SysTick_callback  main.o
    0x08003214   0x00000086   Code   RO         2924    i.SystemClock_Config  main.o
    0x0800329a   0x00000002   PAD
    0x0800329c   0x00000048   Code   RO         3833    i.SystemInit        system_stm32f1xx.o
    0x080032e4   0x0000000c   Code   RO         3016    i.TIM2_IRQHandler   stm32f1xx_it.o
    0x080032f0   0x00000064   Code   RO          466    i.TIM_Base_SetConfig  stm32f1xx_hal_tim.o
    0x08003354   0x00000014   Code   RO          473    i.TIM_ETR_SetConfig  stm32f1xx_hal_tim.o
    0x08003368   0x00000010   Code   RO          474    i.TIM_ITRx_SetConfig  stm32f1xx_hal_tim.o
    0x08003378   0x00000058   Code   RO          475    i.TIM_OC1_SetConfig  stm32f1xx_hal_tim.o
    0x080033d0   0x0000005c   Code   RO          476    i.TIM_OC2_SetConfig  stm32f1xx_hal_tim.o
    0x0800342c   0x00000058   Code   RO          477    i.TIM_OC3_SetConfig  stm32f1xx_hal_tim.o
    0x08003484   0x00000044   Code   RO          478    i.TIM_OC4_SetConfig  stm32f1xx_hal_tim.o
    0x080034c8   0x00000022   Code   RO          480    i.TIM_TI1_ConfigInputStage  stm32f1xx_hal_tim.o
    0x080034ea   0x00000024   Code   RO          482    i.TIM_TI2_ConfigInputStage  stm32f1xx_hal_tim.o
    0x0800350e   0x0000000e   Code   RO         3695    i.USBD_CUSTOM_HID_DataIn  usbd_customhid.o
    0x0800351c   0x00000024   Code   RO         3696    i.USBD_CUSTOM_HID_DataOut  usbd_customhid.o
    0x08003540   0x00000032   Code   RO         3697    i.USBD_CUSTOM_HID_DeInit  usbd_customhid.o
    0x08003572   0x00000022   Code   RO         3698    i.USBD_CUSTOM_HID_EP0_RxReady  usbd_customhid.o
    0x08003594   0x0000000c   Code   RO         3699    i.USBD_CUSTOM_HID_GetCfgDesc  usbd_customhid.o
    0x080035a0   0x0000000c   Code   RO         3700    i.USBD_CUSTOM_HID_GetDeviceQualifierDesc  usbd_customhid.o
    0x080035ac   0x0000004c   Code   RO         3701    i.USBD_CUSTOM_HID_Init  usbd_customhid.o
    0x080035f8   0x00000010   Code   RO         3702    i.USBD_CUSTOM_HID_RegisterInterface  usbd_customhid.o
    0x08003608   0x00000028   Code   RO         3703    i.USBD_CUSTOM_HID_SendReport  usbd_customhid.o
    0x08003630   0x000000b8   Code   RO         3704    i.USBD_CUSTOM_HID_Setup  usbd_customhid.o
    0x080036e8   0x0000000e   Code   RO         3492    i.USBD_ClrClassConfig  usbd_core.o
    0x080036f6   0x00000010   Code   RO         3772    i.USBD_CtlContinueRx  usbd_ioreq.o
    0x08003706   0x00000010   Code   RO         3773    i.USBD_CtlContinueSendData  usbd_ioreq.o
    0x08003716   0x00000016   Code   RO         3630    i.USBD_CtlError     usbd_ctlreq.o
    0x0800372c   0x0000001e   Code   RO         3774    i.USBD_CtlPrepareRx  usbd_ioreq.o
    0x0800374a   0x00000016   Code   RO         3775    i.USBD_CtlReceiveStatus  usbd_ioreq.o
    0x08003760   0x0000001a   Code   RO         3776    i.USBD_CtlSendData  usbd_ioreq.o
    0x0800377a   0x00000016   Code   RO         3777    i.USBD_CtlSendStatus  usbd_ioreq.o
    0x08003790   0x00000028   Code   RO         3347    i.USBD_FS_ConfigStrDescriptor  usbd_desc.o
    0x080037b8   0x0000000c   Code   RO         3348    i.USBD_FS_DeviceDescriptor  usbd_desc.o
    0x080037c4   0x0000002c   Code   RO         3349    i.USBD_FS_InterfaceStrDescriptor  usbd_desc.o
    0x080037f0   0x0000000c   Code   RO         3350    i.USBD_FS_LangIDStrDescriptor  usbd_desc.o
    0x080037fc   0x0000001c   Code   RO         3351    i.USBD_FS_ManufacturerStrDescriptor  usbd_desc.o
    0x08003818   0x0000003c   Code   RO         3352    i.USBD_FS_ProductStrDescriptor  usbd_desc.o
    0x08003854   0x00000024   Code   RO         3353    i.USBD_FS_SerialStrDescriptor  usbd_desc.o
    0x08003878   0x000000f2   Code   RO         3631    i.USBD_GetDescriptor  usbd_ctlreq.o
    0x0800396a   0x00000046   Code   RO         3632    i.USBD_GetString    usbd_ctlreq.o
    0x080039b0   0x0000002a   Code   RO         3494    i.USBD_Init         usbd_core.o
    0x080039da   0x0000000e   Code   RO         3154    i.USBD_LL_ClearStallEP  usbd_conf.o
    0x080039e8   0x0000000e   Code   RO         3155    i.USBD_LL_CloseEP   usbd_conf.o
    0x080039f6   0x000000aa   Code   RO         3495    i.USBD_LL_DataInStage  usbd_core.o
    0x08003aa0   0x0000006a   Code   RO         3496    i.USBD_LL_DataOutStage  usbd_core.o
    0x08003b0a   0x00000002   PAD
    0x08003b0c   0x00000074   Code   RO         3160    i.USBD_LL_Init      usbd_conf.o
    0x08003b80   0x0000001c   Code   RO         3161    i.USBD_LL_IsStallEP  usbd_conf.o
    0x08003b9c   0x00000014   Code   RO         3162    i.USBD_LL_OpenEP    usbd_conf.o
    0x08003bb0   0x0000000e   Code   RO         3163    i.USBD_LL_PrepareReceive  usbd_conf.o
    0x08003bbe   0x0000003e   Code   RO         3501    i.USBD_LL_Reset     usbd_core.o
    0x08003bfc   0x0000000c   Code   RO         3502    i.USBD_LL_Resume    usbd_core.o
    0x08003c08   0x00000018   Code   RO         3503    i.USBD_LL_SOF       usbd_core.o
    0x08003c20   0x00000006   Code   RO         3504    i.USBD_LL_SetSpeed  usbd_core.o
    0x08003c26   0x0000000e   Code   RO         3164    i.USBD_LL_SetUSBAddress  usbd_conf.o
    0x08003c34   0x0000005a   Code   RO         3505    i.USBD_LL_SetupStage  usbd_core.o
    0x08003c8e   0x0000000e   Code   RO         3165    i.USBD_LL_StallEP   usbd_conf.o
    0x08003c9c   0x0000000e   Code   RO         3166    i.USBD_LL_Start     usbd_conf.o
    0x08003caa   0x00000012   Code   RO         3506    i.USBD_LL_Suspend   usbd_core.o
    0x08003cbc   0x0000000e   Code   RO         3168    i.USBD_LL_Transmit  usbd_conf.o
    0x08003cca   0x00000028   Code   RO         3633    i.USBD_ParseSetupRequest  usbd_ctlreq.o
    0x08003cf2   0x00000010   Code   RO         3507    i.USBD_RegisterClass  usbd_core.o
    0x08003d02   0x00000016   Code   RO         3509    i.USBD_SetClassConfig  usbd_core.o
    0x08003d18   0x00000074   Code   RO         3634    i.USBD_SetConfig    usbd_ctlreq.o
    0x08003d8c   0x0000000a   Code   RO         3510    i.USBD_Start        usbd_core.o
    0x08003d96   0x000000f2   Code   RO         3635    i.USBD_StdDevReq    usbd_ctlreq.o
    0x08003e88   0x000000dc   Code   RO         3636    i.USBD_StdEPReq     usbd_ctlreq.o
    0x08003f64   0x00000034   Code   RO         3637    i.USBD_StdItfReq    usbd_ctlreq.o
    0x08003f98   0x00000002   Code   RO         3169    i.USBD_static_free  usbd_conf.o
    0x08003f9a   0x00000002   PAD
    0x08003f9c   0x00000008   Code   RO         3170    i.USBD_static_malloc  usbd_conf.o
    0x08003fa4   0x00000252   Code   RO         2124    i.USB_ActivateEndpoint  stm32f1xx_ll_usb.o
    0x080041f6   0x00000004   Code   RO         2127    i.USB_CoreInit      stm32f1xx_ll_usb.o
    0x080041fa   0x00000110   Code   RO         2129    i.USB_DeactivateEndpoint  stm32f1xx_ll_usb.o
    0x0800430a   0x00000004   Code   RO         2130    i.USB_DevConnect    stm32f1xx_ll_usb.o
    0x0800430e   0x00000004   Code   RO         2131    i.USB_DevDisconnect  stm32f1xx_ll_usb.o
    0x08004312   0x00000012   Code   RO         2132    i.USB_DevInit       stm32f1xx_ll_usb.o
    0x08004324   0x0000000e   Code   RO         2133    i.USB_DisableGlobalInt  stm32f1xx_ll_usb.o
    0x08004332   0x00000004   Code   RO         2134    i.USB_EP0_OutStart  stm32f1xx_ll_usb.o
    0x08004336   0x0000006a   Code   RO         2135    i.USB_EPClearStall  stm32f1xx_ll_usb.o
    0x080043a0   0x0000004a   Code   RO         2136    i.USB_EPSetStall    stm32f1xx_ll_usb.o
    0x080043ea   0x000001a6   Code   RO         2137    i.USB_EPStartXfer   stm32f1xx_ll_usb.o
    0x08004590   0x0000000e   Code   RO         2138    i.USB_EnableGlobalInt  stm32f1xx_ll_usb.o
    0x0800459e   0x00000002   PAD
    0x080045a0   0x0000000c   Code   RO         3017    i.USB_LP_CAN1_RX0_IRQHandler  stm32f1xx_it.o
    0x080045ac   0x00000006   Code   RO         2145    i.USB_ReadInterrupts  stm32f1xx_ll_usb.o
    0x080045b2   0x0000001c   Code   RO         2146    i.USB_ReadPMA       stm32f1xx_ll_usb.o
    0x080045ce   0x00000004   Code   RO         2148    i.USB_SetCurrentMode  stm32f1xx_ll_usb.o
    0x080045d2   0x0000000c   Code   RO         2149    i.USB_SetDevAddress  stm32f1xx_ll_usb.o
    0x080045de   0x00000026   Code   RO         2151    i.USB_WritePMA      stm32f1xx_ll_usb.o
    0x08004604   0x00000002   Code   RO         3018    i.UsageFault_Handler  stm32f1xx_it.o
    0x08004606   0x000000aa   Code   RO         3973    i.__kernel_poly     m_ws.l(poly.o)
    0x080046b0   0x00000010   Code   RO         3959    i.__mathlib_dbl_divzero  m_ws.l(dunder.o)
    0x080046c0   0x00000006   Code   RO         3960    i.__mathlib_dbl_infnan  m_ws.l(dunder.o)
    0x080046c6   0x0000000c   Code   RO         3962    i.__mathlib_dbl_invalid  m_ws.l(dunder.o)
    0x080046d2   0x00000002   PAD
    0x080046d4   0x0000035c   Code   RO         3912    i.log               m_ws.l(log.o)
    0x08004a30   0x000003a4   Code   RO         2925    i.main              main.o
    0x08004dd4   0x00000062   Code   RO         3879    x$fpl$d2f           fz_ws.l(d2f.o)
    0x08004e36   0x00000002   PAD
    0x08004e38   0x00000150   Code   RO         3924    x$fpl$dadd          fz_ws.l(daddsub_clz.o)
    0x08004f88   0x00000010   Code   RO         3996    x$fpl$dcheck1       fz_ws.l(dcheck1.o)
    0x08004f98   0x00000018   Code   RO         3998    x$fpl$dcmpinf       fz_ws.l(dcmpi.o)
    0x08004fb0   0x000002b0   Code   RO         3931    x$fpl$ddiv          fz_ws.l(ddiv.o)
    0x08005260   0x00000078   Code   RO         3934    x$fpl$deqf          fz_ws.l(deqf.o)
    0x080052d8   0x0000002e   Code   RO         3937    x$fpl$dflt          fz_ws.l(dflt_clz.o)
    0x08005306   0x00000002   PAD
    0x08005308   0x00000154   Code   RO         3942    x$fpl$dmul          fz_ws.l(dmul.o)
    0x0800545c   0x0000009c   Code   RO         3944    x$fpl$dnaninf       fz_ws.l(dnaninf.o)
    0x080054f8   0x0000000c   Code   RO         3946    x$fpl$dretinf       fz_ws.l(dretinf.o)
    0x08005504   0x00000016   Code   RO         3925    x$fpl$drsb          fz_ws.l(daddsub_clz.o)
    0x0800551a   0x00000002   PAD
    0x0800551c   0x000001d4   Code   RO         3926    x$fpl$dsub          fz_ws.l(daddsub_clz.o)
    0x080056f0   0x00000056   Code   RO         3881    x$fpl$f2d           fz_ws.l(f2d.o)
    0x08005746   0x00000002   PAD
    0x08005748   0x000000c4   Code   RO         3883    x$fpl$fadd          fz_ws.l(faddsub_clz.o)
    0x0800580c   0x0000000c   Code   RO         3948    x$fpl$fcheck1       fz_ws.l(fcheck1.o)
    0x08005818   0x00000018   Code   RO         3950    x$fpl$fcmpinf       fz_ws.l(fcmpi.o)
    0x08005830   0x00000184   Code   RO         3890    x$fpl$fdiv          fz_ws.l(fdiv.o)
    0x080059b4   0x0000003e   Code   RO         3893    x$fpl$ffixu         fz_ws.l(ffixu.o)
    0x080059f2   0x00000002   PAD
    0x080059f4   0x00000026   Code   RO         3897    x$fpl$ffltu         fz_ws.l(fflt_clz.o)
    0x08005a1a   0x00000002   PAD
    0x08005a1c   0x00000068   Code   RO         3903    x$fpl$fleqf         fz_ws.l(fleqf.o)
    0x08005a84   0x00000102   Code   RO         3905    x$fpl$fmul          fz_ws.l(fmul.o)
    0x08005b86   0x0000008c   Code   RO         3952    x$fpl$fnaninf       fz_ws.l(fnaninf.o)
    0x08005c12   0x0000000a   Code   RO         3954    x$fpl$fretinf       fz_ws.l(fretinf.o)
    0x08005c1c   0x00000062   Code   RO         3907    x$fpl$frleqf        fz_ws.l(frleqf.o)
    0x08005c7e   0x00000002   PAD
    0x08005c80   0x000000ea   Code   RO         3885    x$fpl$fsub          fz_ws.l(faddsub_clz.o)
    0x08005d6a   0x00000064   Code   RO         4000    x$fpl$retnan        fz_ws.l(retnan.o)
    0x08005dce   0x0000005c   Code   RO         3956    x$fpl$scalbn        fz_ws.l(scalbn.o)
    0x08005e2a   0x0000004c   Code   RO         3909    x$fpl$scalbnf       fz_ws.l(scalbnf.o)
    0x08005e76   0x00000030   Code   RO         4015    x$fpl$trapveneer    fz_ws.l(trapv.o)
    0x08005ea6   0x00000000   Code   RO         3958    x$fpl$usenofp       fz_ws.l(usenofp.o)
    0x08005ea6   0x00000010   Data   RO         3834    .constdata          system_stm32f1xx.o
    0x08005eb6   0x00000008   Data   RO         3835    .constdata          system_stm32f1xx.o
    0x08005ebe   0x00000002   PAD
    0x08005ec0   0x00000038   Data   RO         3913    .constdata          m_ws.l(log.o)
    0x08005ef8   0x00000008   Data   RO         3975    .constdata          m_ws.l(qnan.o)
    0x08005f00   0x00000020   Data   RO         4141    Region$$Table       anon$$obj.o


    Execution Region RW_IRAM1 (Base: 0x20000000, Size: 0x000014d0, Max: 0x00005000, ABSOLUTE)

    Base Addr    Size         Type   Attr      Idx    E Section Name        Object

    0x20000000   0x00000004   Data   RW         2544    .data               stm32f1xx_hal.o
    0x20000004   0x0000001c   Data   RW         2842    .data               usbd_custom_hid_if.o
    0x20000020   0x00000010   Data   RW         2843    .data               usbd_custom_hid_if.o
    0x20000030   0x00000010   Data   RW         2928    .data               main.o
    0x20000040   0x0000001c   Data   RW         3355    .data               usbd_desc.o
    0x2000005c   0x00000016   Data   RW         3356    .data               usbd_desc.o
    0x20000072   0x00000001   Data   RW         3638    .data               usbd_ctlreq.o
    0x20000073   0x00000001   PAD
    0x20000074   0x0000003c   Data   RW         3705    .data               usbd_customhid.o
    0x200000b0   0x0000005a   Data   RW         3706    .data               usbd_customhid.o
    0x2000010a   0x00000002   PAD
    0x2000010c   0x00000004   Data   RW         3836    .data               system_stm32f1xx.o
    0x20000110   0x00000488   Zero   RW         2926    .bss                main.o
    0x20000598   0x00000038   Zero   RW         2927    .bss                main.o
    0x200005d0   0x00000224   Zero   RW         3107    .bss                usb_device.o
    0x200007f4   0x00000478   Zero   RW         3171    .bss                usbd_conf.o
    0x20000c6c   0x00000200   Zero   RW         3354    .bss                usbd_desc.o
    0x20000e6c   0x00000060   Zero   RW         4003    .bss                c_w.l(libspace.o)
    0x20000ecc   0x00000004   PAD
    0x20000ed0   0x00000200   Zero   RW         3483    HEAP                startup_stm32f103xb.o
    0x200010d0   0x00000400   Zero   RW         3482    STACK               startup_stm32f103xb.o


==============================================================================

Image component sizes


      Code (inc. data)   RO Data    RW Data    ZI Data      Debug   Object Name

      2352        152          0         16       1216      10251   main.o
        64         26        236          0       1536        780   startup_stm32f103xb.o
       120         16          0          4          0       3618   stm32f1xx_hal.o
      1472         54          0          0          0       9451   stm32f1xx_hal_adc.o
         2          0          0          0          0       1121   stm32f1xx_hal_adc_ex.o
       228         14          0          0          0      27373   stm32f1xx_hal_cortex.o
       786          6          0          0          0       3631   stm32f1xx_hal_dma.o
       474         34          0          0          0       3621   stm32f1xx_hal_gpio.o
         0          0          0          0          0     480588   stm32f1xx_hal_gpio_ex.o
       452         60          0          0          0       3343   stm32f1xx_hal_msp.o
      1800          0          0          0          0       9817   stm32f1xx_hal_pcd.o
        52          0          0          0          0       1178   stm32f1xx_hal_pcd_ex.o
        24          4          0          0          0        515   stm32f1xx_hal_pwr.o
      1982         84          0          0          0       5453   stm32f1xx_hal_rcc.o
       540         48          0          0          0       2557   stm32f1xx_hal_rcc_ex.o
       924         16          0          0          0       9508   stm32f1xx_hal_rtc.o
      1490         34          0          0          0      14892   stm32f1xx_hal_tim.o
        84          0          0          0          0       2382   stm32f1xx_hal_tim_ex.o
        82         24          0          0          0       5588   stm32f1xx_it.o
      1618          0          0          0          0      12927   stm32f1xx_ll_usb.o
        72         16         24          4          0       1155   system_stm32f1xx.o
        56         18          0          0        548        704   usb_device.o
       472         30          0          0       1144      12073   usbd_conf.o
       592          0          0          0          0       9271   usbd_core.o
      1004         30          0          1          0       7856   usbd_ctlreq.o
       524         22          0         44          0       9786   usbd_custom_hid_if.o
       474         22          0        150          0       9491   usbd_customhid.o
       232        136          0         50        512       9407   usbd_desc.o
       132          0          0          0          0       4340   usbd_ioreq.o

    ----------------------------------------------------------------------
     18134        846        294        272       4956     672677   Object Totals
         0          0         32          0          0          0   (incl. Generated)
        30          0          2          3          0          0   (incl. Padding)

    ----------------------------------------------------------------------

      Code (inc. data)   RO Data    RW Data    ZI Data      Debug   Library Member Name

         8          0          0          0          0         68   __main.o
         0          0          0          0          0          0   __rtentry.o
        12          0          0          0          0          0   __rtentry2.o
         6          0          0          0          0          0   __rtentry4.o
        52          8          0          0          0          0   __scatter.o
        26          0          0          0          0          0   __scatter_copy.o
        28          0          0          0          0          0   __scatter_zi.o
        22          0          0          0          0        100   _rserrno.o
        18          0          0          0          0         80   exit.o
         6          0          0          0          0        152   heapauxi.o
         0          0          0          0          0          0   indicate_semi.o
         2          0          0          0          0          0   libinit.o
         2          0          0          0          0          0   libinit2.o
         2          0          0          0          0          0   libshutdown.o
         2          0          0          0          0          0   libshutdown2.o
         8          4          0          0         96         68   libspace.o
         8          4          0          0          0         68   rt_errno_addr_intlibspace.o
        78          0          0          0          0         80   rt_memclr_w.o
       100          0          0          0          0         80   rt_memcpy_w.o
         2          0          0          0          0          0   rtexit.o
        10          0          0          0          0          0   rtexit2.o
        12          4          0          0          0         68   sys_exit.o
        74          0          0          0          0         80   sys_stackheap_outer.o
         2          0          0          0          0         68   use_no_semi.o
        98          4          0          0          0         92   d2f.o
       826         16          0          0          0        348   daddsub_clz.o
        16          4          0          0          0         68   dcheck1.o
        24          0          0          0          0         68   dcmpi.o
       688        140          0          0          0        208   ddiv.o
       120          4          0          0          0         92   deqf.o
        46          0          0          0          0         68   dflt_clz.o
       340         12          0          0          0        104   dmul.o
       156          4          0          0          0         92   dnaninf.o
        12          0          0          0          0         68   dretinf.o
        86          4          0          0          0         84   f2d.o
       430          8          0          0          0        168   faddsub_clz.o
        12          4          0          0          0         68   fcheck1.o
        24          0          0          0          0         68   fcmpi.o
       388         76          0          0          0         96   fdiv.o
        62          4          0          0          0         84   ffixu.o
        38          0          0          0          0         68   fflt_clz.o
       104          4          0          0          0         84   fleqf.o
       258          4          0          0          0         84   fmul.o
       140          4          0          0          0         84   fnaninf.o
        10          0          0          0          0         68   fretinf.o
        98          0          0          0          0         68   frleqf.o
       100          0          0          0          0         68   retnan.o
        92          0          0          0          0         68   scalbn.o
        76          0          0          0          0         68   scalbnf.o
        48          0          0          0          0         68   trapv.o
         0          0          0          0          0          0   usenofp.o
        34          4          0          0          0        204   dunder.o
       860         52         56          0          0        256   log.o
       170          0          0          0          0         96   poly.o
         0          0          8          0          0          0   qnan.o

    ----------------------------------------------------------------------
      5860        368         64          0        100       3972   Library Totals
        24          0          0          0          4          0   (incl. Padding)

    ----------------------------------------------------------------------

      Code (inc. data)   RO Data    RW Data    ZI Data      Debug   Library Name

       480         20          0          0         96        912   c_w.l
      4292        292          0          0          0       2504   fz_ws.l
      1064         56         64          0          0        556   m_ws.l

    ----------------------------------------------------------------------
      5860        368         64          0        100       3972   Library Totals

    ----------------------------------------------------------------------

==============================================================================


      Code (inc. data)   RO Data    RW Data    ZI Data      Debug   

     23994       1214        358        272       5056     664217   Grand Totals
     23994       1214        358        272       5056     664217   ELF Image Totals
     23994       1214        358        272          0          0   ROM Totals

==============================================================================

    Total RO  Size (Code + RO Data)                24352 (  23.78kB)
    Total RW  Size (RW Data + ZI Data)              5328 (   5.20kB)
    Total ROM Size (Code + RO Data + RW Data)      24624 (  24.05kB)

==============================================================================

