<html>
<body>
<pre>
<h1>µVision Build Log</h1>
<h2>Tool Versions:</h2>
IDE-Version: µVision V5.21.1.0
Copyright (C) 2016 ARM Ltd and ARM Germany GmbH. All rights reserved.
License Information: Bart van Hest, NA, LIC=----
 
Tool Versions:
Toolchain:       MDK-Lite  Version: 5.21a
Toolchain Path:  C:\Keil_v5\ARM\ARMCC\Bin
C Compiler:      Armcc.exe V5.06 update 3 (build 300)
Assembler:       Armasm.exe V5.06 update 3 (build 300)
Linker/Locator:  ArmLink.exe V5.06 update 3 (build 300)
Library Manager: ArmAr.exe V5.06 update 3 (build 300)
Hex Converter:   FromElf.exe V5.06 update 3 (build 300)
CPU DLL:         SARMCM3.DLL V5.21a
Dialog DLL:      DCM.DLL V1.13.8.0
Target DLL:      STLink\ST-LINKIII-KEIL_SWO.dll V2.0.18.0
Dialog DLL:      TCM.DLL V1.14.14.0
 
<h2>Project:</h2>
C:\3dprinter\rpi_cnc\firmware\3dprinter_auxcontroller\MDK-ARM\3dprinter_auxcontroller.uvprojx
Project File Date:  02/04/2017

<h2>Output:</h2>
*** Using Compiler 'V5.06 update 3 (build 300)', folder: 'C:\Keil_v5\ARM\ARMCC\Bin'
Rebuild target '3dprinter_auxcontroller'
compiling stm32f1xx_hal_gpio_ex.c...
compiling stm32f1xx_hal_flash.c...
compiling stm32f1xx_hal_rcc_ex.c...
compiling stm32f1xx_hal_gpio.c...
compiling stm32f1xx_hal_tim_ex.c...
compiling stm32f1xx_hal_adc_ex.c...
compiling stm32f1xx_hal_tim.c...
compiling stm32f1xx_hal_pcd.c...
compiling stm32f1xx_hal_rtc.c...
compiling stm32f1xx_hal_cortex.c...
compiling stm32f1xx_hal_flash_ex.c...
compiling stm32f1xx_ll_usb.c...
compiling stm32f1xx_hal_rtc_ex.c...
compiling stm32f1xx_hal_pwr.c...
compiling stm32f1xx_hal_pcd_ex.c...
compiling stm32f1xx_hal_rcc.c...
compiling stm32f1xx_hal.c...
compiling usbd_custom_hid_if.c...
compiling stm32f1xx_hal_dma.c...
compiling main.c...
assembling startup_stm32f103xb.s...
compiling stm32f1xx_hal_adc.c...
compiling usbd_ctlreq.c...
compiling stm32f1xx_it.c...
compiling usbd_desc.c...
compiling usbd_core.c...
compiling stm32f1xx_hal_msp.c...
compiling usbd_conf.c...
compiling usb_device.c...
compiling system_stm32f1xx.c...
compiling usbd_ioreq.c...
compiling usbd_customhid.c...
linking...
Program Size: Code=23962 RO-data=358 RW-data=272 ZI-data=5072  
FromELF: creating hex file...
"3dprinter_auxcontroller\3dprinter_auxcontroller.axf" - 0 Error(s), 0 Warning(s).

<h2>Software Packages used:</h2>

Package Vendor: ARM
                http://www.keil.com/pack/ARM.CMSIS.5.0.0-Beta4.pack
                ARM::CMSIS:CORE:5.0.0
                CMSIS (Cortex Microcontroller Software Interface Standard)
   * Component: CORE Version: 5.0.0

<h2>Collection of Component include folders:</h2>
  C:\3dprinter\rpi_cnc\firmware\3dprinter_auxcontroller\MDK-ARM\RTE
  C:\Keil_v5\ARM\PACK\ARM\CMSIS\5.0.0-Beta4\CMSIS\Include
  C:\Keil_v5\ARM\PACK\Keil\STM32F1xx_DFP\2.1.0\Device\Include

<h2>Collection of Component Files used:</h2>

   * Component: ARM::CMSIS:CORE:5.0.0
Build Time Elapsed:  00:00:17
</pre>
</body>
</html>
